Component: ARM Compiler 5.06 update 7 (build 960) Tool: armlink [4d3601]

==============================================================================

Section Cross References

    startup_stm32f427xx.o(RESET) refers to startup_stm32f427xx.o(STACK) for __initial_sp
    startup_stm32f427xx.o(RESET) refers to startup_stm32f427xx.o(.text) for Reset_Handler
    startup_stm32f427xx.o(RESET) refers to stm32f4xx_it.o(i.NMI_Handler) for NMI_Handler
    startup_stm32f427xx.o(RESET) refers to stm32f4xx_it.o(i.HardFault_Handler) for HardFault_Handler
    startup_stm32f427xx.o(RESET) refers to stm32f4xx_it.o(i.MemManage_Handler) for MemManage_Handler
    startup_stm32f427xx.o(RESET) refers to stm32f4xx_it.o(i.BusFault_Handler) for BusFault_Handler
    startup_stm32f427xx.o(RESET) refers to stm32f4xx_it.o(i.UsageFault_Handler) for UsageFault_Handler
    startup_stm32f427xx.o(RESET) refers to port.o(.emb_text) for SVC_Handler
    startup_stm32f427xx.o(RESET) refers to stm32f4xx_it.o(i.DebugMon_Handler) for DebugMon_Handler
    startup_stm32f427xx.o(RESET) refers to cmsis_os2.o(i.SysTick_Handler) for SysTick_Handler
    startup_stm32f427xx.o(RESET) refers to stm32f4xx_it.o(i.EXTI0_IRQHandler) for EXTI0_IRQHandler
    startup_stm32f427xx.o(RESET) refers to stm32f4xx_it.o(i.DMA1_Stream6_IRQHandler) for DMA1_Stream6_IRQHandler
    startup_stm32f427xx.o(RESET) refers to stm32f4xx_it.o(i.CAN1_TX_IRQHandler) for CAN1_TX_IRQHandler
    startup_stm32f427xx.o(RESET) refers to stm32f4xx_it.o(i.CAN1_RX0_IRQHandler) for CAN1_RX0_IRQHandler
    startup_stm32f427xx.o(RESET) refers to stm32f4xx_it.o(i.CAN1_RX1_IRQHandler) for CAN1_RX1_IRQHandler
    startup_stm32f427xx.o(RESET) refers to stm32f4xx_it.o(i.CAN1_SCE_IRQHandler) for CAN1_SCE_IRQHandler
    startup_stm32f427xx.o(RESET) refers to stm32f4xx_it.o(i.TIM1_UP_TIM10_IRQHandler) for TIM1_UP_TIM10_IRQHandler
    startup_stm32f427xx.o(RESET) refers to stm32f4xx_it.o(i.USART1_IRQHandler) for USART1_IRQHandler
    startup_stm32f427xx.o(RESET) refers to stm32f4xx_it.o(i.DMA2_Stream1_IRQHandler) for DMA2_Stream1_IRQHandler
    startup_stm32f427xx.o(RESET) refers to stm32f4xx_it.o(i.DMA2_Stream2_IRQHandler) for DMA2_Stream2_IRQHandler
    startup_stm32f427xx.o(RESET) refers to stm32f4xx_it.o(i.CAN2_TX_IRQHandler) for CAN2_TX_IRQHandler
    startup_stm32f427xx.o(RESET) refers to stm32f4xx_it.o(i.CAN2_RX0_IRQHandler) for CAN2_RX0_IRQHandler
    startup_stm32f427xx.o(RESET) refers to stm32f4xx_it.o(i.CAN2_RX1_IRQHandler) for CAN2_RX1_IRQHandler
    startup_stm32f427xx.o(RESET) refers to stm32f4xx_it.o(i.CAN2_SCE_IRQHandler) for CAN2_SCE_IRQHandler
    startup_stm32f427xx.o(RESET) refers to stm32f4xx_it.o(i.DMA2_Stream6_IRQHandler) for DMA2_Stream6_IRQHandler
    startup_stm32f427xx.o(RESET) refers to stm32f4xx_it.o(i.USART6_IRQHandler) for USART6_IRQHandler
    startup_stm32f427xx.o(RESET) refers to stm32f4xx_it.o(i.UART8_IRQHandler) for UART8_IRQHandler
    startup_stm32f427xx.o(.text) refers to system_stm32f4xx.o(i.SystemInit) for SystemInit
    startup_stm32f427xx.o(.text) refers to entry.o(.ARM.Collect$$$$00000000) for __main
    main.o(i.BSP_Init) refers to remote_control.o(i.remote_control_init) for remote_control_init
    main.o(i.BSP_Init) refers to weight_data.o(i.weight_data_init) for weight_data_init
    main.o(i.BSP_Init) refers to stm32f4xx_hal_gpio.o(i.HAL_GPIO_WritePin) for HAL_GPIO_WritePin
    main.o(i.BSP_Init) refers to moto.o(i.CAN_Filter_Init) for CAN_Filter_Init
    main.o(i.BSP_Init) refers to stm32f4xx_hal_can.o(i.HAL_CAN_Start) for HAL_CAN_Start
    main.o(i.BSP_Init) refers to can.o(.bss) for hcan1
    main.o(i.BSP_Init) refers (Weak) to can.o(.bss) for hcan2
    main.o(i.HAL_TIM_PeriodElapsedCallback) refers to stm32f4xx_hal.o(i.HAL_IncTick) for HAL_IncTick
    main.o(i.SystemClock_Config) refers to memseta.o(.text) for __aeabi_memclr4
    main.o(i.SystemClock_Config) refers to stm32f4xx_hal_rcc.o(i.HAL_RCC_OscConfig) for HAL_RCC_OscConfig
    main.o(i.SystemClock_Config) refers to main.o(i.Error_Handler) for Error_Handler
    main.o(i.SystemClock_Config) refers to stm32f4xx_hal_pwr_ex.o(i.HAL_PWREx_EnableOverDrive) for HAL_PWREx_EnableOverDrive
    main.o(i.SystemClock_Config) refers to stm32f4xx_hal_rcc.o(i.HAL_RCC_ClockConfig) for HAL_RCC_ClockConfig
    main.o(i.main) refers to stm32f4xx_hal.o(i.HAL_Init) for HAL_Init
    main.o(i.main) refers to main.o(i.SystemClock_Config) for SystemClock_Config
    main.o(i.main) refers to gpio.o(i.MX_GPIO_Init) for MX_GPIO_Init
    main.o(i.main) refers to dma.o(i.MX_DMA_Init) for MX_DMA_Init
    main.o(i.main) refers to can.o(i.MX_CAN1_Init) for MX_CAN1_Init
    main.o(i.main) refers to can.o(i.MX_CAN2_Init) for MX_CAN2_Init
    main.o(i.main) refers to tim.o(i.MX_TIM2_Init) for MX_TIM2_Init
    main.o(i.main) refers to tim.o(i.MX_TIM8_Init) for MX_TIM8_Init
    main.o(i.main) refers to usart.o(i.MX_UART8_Init) for MX_UART8_Init
    main.o(i.main) refers to usart.o(i.MX_USART1_UART_Init) for MX_USART1_UART_Init
[...]
    .bss                                     0x200051c8   Section       94  remote_control.o(.bss)
    sbus_rx_buf                              0x200051de   Data          72  remote_control.o(.bss)
    .bss                                     0x20005228   Section      256  moto.o(.bss)
    .bss                                     0x20005328   Section      114  referee.o(.bss)
    .bss                                     0x2000539c   Section     2209  referee_usart_task.o(.bss)
    .bss                                     0x20005c3d   Section       48  weight_data.o(.bss)
    weight_rx_buf                            0x20005c3d   Data          48  weight_data.o(.bss)
    .bss                                     0x20005c70   Section     1884  shoot_task.o(.bss)
    STACK                                    0x200063d0   Section     1024  startup_stm32f427xx.o(STACK)

    Global Symbols

    Symbol Name                              Value     Ov Type        Size  Object(Section)

    BuildAttributes$$THM_ISAv4$E$P$D$K$B$S$7EM$VFPi3$EXTD16$VFPS$VFMA$PE$A:L22UL41UL21$X:L11$S22US41US21$IEEE1$IW$USESV6$~STKCKD$USESV7$~SHL$OTIME$ROPI$IEEEJ$EBA8$MICROLIB$REQ8$PRES8$EABIv2 0x00000000   Number         0  anon$$obj.o ABSOLUTE
    __ARM_use_no_argv                        0x00000000   Number         0  main.o ABSOLUTE
    __arm_fini_                               - Undefined Weak Reference
    __cpp_initialize__aeabi_                  - Undefined Weak Reference
    __cxa_finalize                            - Undefined Weak Reference
    _clock_init                               - Undefined Weak Reference
    _microlib_exit                            - Undefined Weak Reference
    __Vectors_Size                           0x000001ac   Number         0  startup_stm32f427xx.o ABSOLUTE
    __Vectors                                0x08000000   Data           4  startup_stm32f427xx.o(RESET)
    __Vectors_End                            0x080001ac   Data           0  startup_stm32f427xx.o(RESET)
    __main                                   0x080001ad   Thumb Code     0  entry.o(.ARM.Collect$$$$00000000)
    _main_stk                                0x080001ad   Thumb Code     0  entry2.o(.ARM.Collect$$$$00000001)
    _main_scatterload                        0x080001b1   Thumb Code     0  entry5.o(.ARM.Collect$$$$00000004)
    __main_after_scatterload                 0x080001b5   Thumb Code     0  entry5.o(.ARM.Collect$$$$00000004)
    _main_clock                              0x080001b5   Thumb Code     0  entry7b.o(.ARM.Collect$$$$00000008)
    _main_cpp_init                           0x080001b5   Thumb Code     0  entry8b.o(.ARM.Collect$$$$0000000A)
    _main_init                               0x080001b5   Thumb Code     0  entry9a.o(.ARM.Collect$$$$0000000B)
    __rt_lib_shutdown_fini                   0x080001bd   Thumb Code     0  entry12b.o(.ARM.Collect$$$$0000000E)
    __rt_final_cpp                           0x080001c1   Thumb Code     0  entry10a.o(.ARM.Collect$$$$0000000F)
    __rt_final_exit                          0x080001c1   Thumb Code     0  entry11a.o(.ARM.Collect$$$$00000011)
    SVC_Handler                              0x080001c5   Thumb Code    28  port.o(.emb_text)
    __asm___6_port_c_39a90d8d__prvStartFirstTask 0x080001e5   Thumb Code    36  port.o(.emb_text)
    __asm___6_port_c_39a90d8d__prvEnableVFP  0x0800020d   Thumb Code    16  port.o(.emb_text)
    PendSV_Handler                           0x08000221   Thumb Code    88  port.o(.emb_text)
    vPortGetIPSR                             0x0800027d   Thumb Code     6  port.o(.emb_text)
    Reset_Handler                            0x08000285   Thumb Code     8  startup_stm32f427xx.o(.text)
    ADC_IRQHandler                           0x0800029f   Thumb Code     0  startup_stm32f427xx.o(.text)
    DCMI_IRQHandler                          0x0800029f   Thumb Code     0  startup_stm32f427xx.o(.text)
    DMA1_Stream0_IRQHandler                  0x0800029f   Thumb Code     0  startup_stm32f427xx.o(.text)
    DMA1_Stream1_IRQHandler                  0x0800029f   Thumb Code     0  startup_stm32f427xx.o(.text)
    DMA1_Stream2_IRQHandler                  0x0800029f   Thumb Code     0  startup_stm32f427xx.o(.text)
    DMA1_Stream3_IRQHandler                  0x0800029f   Thumb Code     0  startup_stm32f427xx.o(.text)
    DMA1_Stream4_IRQHandler                  0x0800029f   Thumb Code     0  startup_stm32f427xx.o(.text)
    DMA1_Stream5_IRQHandler                  0x0800029f   Thumb Code     0  startup_stm32f427xx.o(.text)
    DMA1_Stream7_IRQHandler                  0x0800029f   Thumb Code     0  startup_stm32f427xx.o(.text)
    DMA2D_IRQHandler                         0x0800029f   Thumb Code     0  startup_stm32f427xx.o(.text)
    DMA2_Stream0_IRQHandler                  0x0800029f   Thumb Code     0  startup_stm32f427xx.o(.text)
    DMA2_Stream3_IRQHandler                  0x0800029f   Thumb Code     0  startup_stm32f427xx.o(.text)
    DMA2_Stream4_IRQHandler                  0x0800029f   Thumb Code     0  startup_stm32f427xx.o(.text)
    DMA2_Stream5_IRQHandler                  0x0800029f   Thumb Code     0  startup_stm32f427xx.o(.text)
    DMA2_Stream7_IRQHandler                  0x0800029f   Thumb Code     0  startup_stm32f427xx.o(.text)
    ETH_IRQHandler                           0x0800029f   Thumb Code     0  startup_stm32f427xx.o(.text)
    ETH_WKUP_IRQHandler                      0x0800029f   Thumb Code     0  startup_stm32f427xx.o(.text)
    EXTI15_10_IRQHandler                     0x0800029f   Thumb Code     0  startup_stm32f427xx.o(.text)
    EXTI1_IRQHandler                         0x0800029f   Thumb Code     0  startup_stm32f427xx.o(.text)
    EXTI2_IRQHandler                         0x0800029f   Thumb Code     0  startup_stm32f427xx.o(.text)
    EXTI3_IRQHandler                         0x0800029f   Thumb Code     0  startup_stm32f427xx.o(.text)
    EXTI4_IRQHandler                         0x0800029f   Thumb Code     0  startup_stm32f427xx.o(.text)
    EXTI9_5_IRQHandler                       0x0800029f   Thumb Code     0  startup_stm32f427xx.o(.text)
    FLASH_IRQHandler                         0x0800029f   Thumb Code     0  startup_stm32f427xx.o(.text)
    FMC_IRQHandler                           0x0800029f   Thumb Code     0  startup_stm32f427xx.o(.text)
    FPU_IRQHandler                           0x0800029f   Thumb Code     0  startup_stm32f427xx.o(.text)
    HASH_RNG_IRQHandler                      0x0800029f   Thumb Code     0  startup_stm32f427xx.o(.text)
    I2C1_ER_IRQHandler                       0x0800029f   Thumb Code     0  startup_stm32f427xx.o(.text)
    I2C1_EV_IRQHandler                       0x0800029f   Thumb Code     0  startup_stm32f427xx.o(.text)
    I2C2_ER_IRQHandler                       0x0800029f   Thumb Code     0  startup_stm32f427xx.o(.text)
    I2C2_EV_IRQHandler                       0x0800029f   Thumb Code     0  startup_stm32f427xx.o(.text)
    I2C3_ER_IRQHandler                       0x0800029f   Thumb Code     0  startup_stm32f427xx.o(.text)
    I2C3_EV_IRQHandler                       0x0800029f   Thumb Code     0  startup_stm32f427xx.o(.text)
    OTG_FS_IRQHandler                        0x0800029f   Thumb Code     0  startup_stm32f427xx.o(.text)
    OTG_FS_WKUP_IRQHandler                   0x0800029f   Thumb Code     0  startup_stm32f427xx.o(.text)
    OTG_HS_EP1_IN_IRQHandler                 0x0800029f   Thumb Code     0  startup_stm32f427xx.o(.text)
    OTG_HS_EP1_OUT_IRQHandler                0x0800029f   Thumb Code     0  startup_stm32f427xx.o(.text)
    OTG_HS_IRQHandler                        0x0800029f   Thumb Code     0  startup_stm32f427xx.o(.text)
    OTG_HS_WKUP_IRQHandler                   0x0800029f   Thumb Code     0  startup_stm32f427xx.o(.text)
    PVD_IRQHandler                           0x0800029f   Thumb Code     0  startup_stm32f427xx.o(.text)
    RCC_IRQHandler                           0x0800029f   Thumb Code     0  startup_stm32f427xx.o(.text)
    RTC_Alarm_IRQHandler                     0x0800029f   Thumb Code     0  startup_stm32f427xx.o(.text)
    RTC_WKUP_IRQHandler                      0x0800029f   Thumb Code     0  startup_stm32f427xx.o(.text)
    SAI1_IRQHandler                          0x0800029f   Thumb Code     0  startup_stm32f427xx.o(.text)
    SDIO_IRQHandler                          0x0800029f   Thumb Code     0  startup_stm32f427xx.o(.text)
    SPI1_IRQHandler                          0x0800029f   Thumb Code     0  startup_stm32f427xx.o(.text)
    SPI2_IRQHandler                          0x0800029f   Thumb Code     0  startup_stm32f427xx.o(.text)
    SPI3_IRQHandler                          0x0800029f   Thumb Code     0  startup_stm32f427xx.o(.text)
    SPI4_IRQHandler                          0x0800029f   Thumb Code     0  startup_stm32f427xx.o(.text)
    SPI5_IRQHandler                          0x0800029f   Thumb Code     0  startup_stm32f427xx.o(.text)
    SPI6_IRQHandler                          0x0800029f   Thumb Code     0  startup_stm32f427xx.o(.text)
    TAMP_STAMP_IRQHandler                    0x0800029f   Thumb Code     0  startup_stm32f427xx.o(.text)
    TIM1_BRK_TIM9_IRQHandler                 0x0800029f   Thumb Code     0  startup_stm32f427xx.o(.text)
    TIM1_CC_IRQHandler                       0x0800029f   Thumb Code     0  startup_stm32f427xx.o(.text)
    TIM1_TRG_COM_TIM11_IRQHandler            0x0800029f   Thumb Code     0  startup_stm32f427xx.o(.text)
    TIM2_IRQHandler                          0x0800029f   Thumb Code     0  startup_stm32f427xx.o(.text)
    TIM3_IRQHandler                          0x0800029f   Thumb Code     0  startup_stm32f427xx.o(.text)
    TIM4_IRQHandler                          0x0800029f   Thumb Code     0  startup_stm32f427xx.o(.text)
    TIM5_IRQHandler                          0x0800029f   Thumb Code     0  startup_stm32f427xx.o(.text)
    TIM6_DAC_IRQHandler                      0x0800029f   Thumb Code     0  startup_stm32f427xx.o(.text)
    TIM7_IRQHandler                          0x0800029f   Thumb Code     0  startup_stm32f427xx.o(.text)
    TIM8_BRK_TIM12_IRQHandler                0x0800029f   Thumb Code     0  startup_stm32f427xx.o(.text)
    TIM8_CC_IRQHandler                       0x0800029f   Thumb Code     0  startup_stm32f427xx.o(.text)
    TIM8_TRG_COM_TIM14_IRQHandler            0x0800029f   Thumb Code     0  startup_stm32f427xx.o(.text)
    TIM8_UP_TIM13_IRQHandler                 0x0800029f   Thumb Code     0  startup_stm32f427xx.o(.text)
    UART4_IRQHandler                         0x0800029f   Thumb Code     0  startup_stm32f427xx.o(.text)
    UART5_IRQHandler                         0x0800029f   Thumb Code     0  startup_stm32f427xx.o(.text)
    UART7_IRQHandler                         0x0800029f   Thumb Code     0  startup_stm32f427xx.o(.text)
    USART2_IRQHandler                        0x0800029f   Thumb Code     0  startup_stm32f427xx.o(.text)
    USART3_IRQHandler                        0x0800029f   Thumb Code     0  startup_stm32f427xx.o(.text)
    WWDG_IRQHandler                          0x0800029f   Thumb Code     0  startup_stm32f427xx.o(.text)
    __aeabi_uldivmod                         0x080002a9   Thumb Code    98  uldiv.o(.text)
    __aeabi_memcpy                           0x0800030b   Thumb Code    36  memcpya.o(.text)
    __aeabi_memcpy4                          0x0800030b   Thumb Code     0  memcpya.o(.text)
    __aeabi_memcpy8                          0x0800030b   Thumb Code     0  memcpya.o(.text)
    __aeabi_memset                           0x0800032f   Thumb Code    14  memseta.o(.text)
    __aeabi_memset4                          0x0800032f   Thumb Code     0  memseta.o(.text)
    __aeabi_memset8                          0x0800032f   Thumb Code     0  memseta.o(.text)
    __aeabi_memclr                           0x0800033d   Thumb Code     4  memseta.o(.text)
    __aeabi_memclr4                          0x0800033d   Thumb Code     0  memseta.o(.text)
    __aeabi_memclr8                          0x0800033d   Thumb Code     0  memseta.o(.text)
    memset                                   0x08000341   Thumb Code    18  memseta.o(.text)
    __aeabi_dadd                             0x08000353   Thumb Code   322  dadd.o(.text)
    __aeabi_dsub                             0x08000495   Thumb Code     6  dadd.o(.text)
    __aeabi_drsub                            0x0800049b   Thumb Code     6  dadd.o(.text)
    __aeabi_dmul                             0x080004a1   Thumb Code   228  dmul.o(.text)
    __aeabi_ddiv                             0x08000585   Thumb Code   222  ddiv.o(.text)
    __aeabi_i2d                              0x08000663   Thumb Code    34  dflti.o(.text)
    __aeabi_d2iz                             0x08000685   Thumb Code    62  dfixi.o(.text)
    __aeabi_cdrcmple                         0x080006c5   Thumb Code    48  cdrcmple.o(.text)
    __aeabi_d2f                              0x080006f5   Thumb Code    56  d2f.o(.text)
    __aeabi_llsl                             0x0800072d   Thumb Code    30  llshl.o(.text)
    _ll_shift_l                              0x0800072d   Thumb Code     0  llshl.o(.text)
    __aeabi_llsr                             0x0800074b   Thumb Code    32  llushr.o(.text)
    _ll_ushift_r                             0x0800074b   Thumb Code     0  llushr.o(.text)
    __aeabi_lasr                             0x0800076b   Thumb Code    36  llsshr.o(.text)
    _ll_sshift_r                             0x0800076b   Thumb Code     0  llsshr.o(.text)
    __strtod_int                             0x080007c7   Thumb Code    90  strtod.o(.text)
    __I$use$fp                               0x0800082d   Thumb Code     0  iusefp.o(.text)
    _float_round                             0x0800082d   Thumb Code    18  fepilogue.o(.text)
    _float_epilogue                          0x0800083f   Thumb Code    92  fepilogue.o(.text)
    _double_round                            0x0800089b   Thumb Code    30  depilogue.o(.text)
    _double_epilogue                         0x080008b9   Thumb Code   156  depilogue.o(.text)
    __scatterload                            0x08000955   Thumb Code    28  init.o(.text)
    __scatterload_rt2                        0x08000955   Thumb Code     0  init.o(.text)
    isspace                                  0x08000979   Thumb Code    10  isspace_c.o(.text)
    _scanf_real                              0x08000aad   Thumb Code     0  scanf_fp.o(.text)
    _scanf_really_real                       0x08000aad   Thumb Code   556  scanf_fp.o(.text)
    _sgetc                                   0x08000ce5   Thumb Code    30  _sgetc.o(.text)
    _sbackspace                              0x08000d03   Thumb Code    34  _sgetc.o(.text)
    __ctype_lookup                           0x08000d25   Thumb Code    34  ctype_c.o(.text)
    __aeabi_ul2d                             0x08000d4d   Thumb Code    24  dfltul.o(.text)
    __decompress                             0x08000d65   Thumb Code     0  __dczerorl.o(.text)
    __decompress0                            0x08000d65   Thumb Code    58  __dczerorl.o(.text)
    ActionControlTask                        0x08000d9f   Thumb Code    12  freertos.o(i.ActionControlTask)
    BSP_Init                                 0x08000dad   Thumb Code    46  main.o(i.BSP_Init)
    BusFault_Handler                         0x08000de9   Thumb Code     4  stm32f4xx_it.o(i.BusFault_Handler)
    CAN1_RX0_IRQHandler                      0x08000ded   Thumb Code    10  stm32f4xx_it.o(i.CAN1_RX0_IRQHandler)
    CAN1_RX1_IRQHandler                      0x08000dfd   Thumb Code    10  stm32f4xx_it.o(i.CAN1_RX1_IRQHandler)
    CAN1_SCE_IRQHandler                      0x08000e0d   Thumb Code    10  stm32f4xx_it.o(i.CAN1_SCE_IRQHandler)
    CAN1_TX_IRQHandler                       0x08000e1d   Thumb Code    10  stm32f4xx_it.o(i.CAN1_TX_IRQHandler)
    CAN2_RX0_IRQHandler                      0x08000e2d   Thumb Code    10  stm32f4xx_it.o(i.CAN2_RX0_IRQHandler)
    CAN2_RX1_IRQHandler                      0x08000e3d   Thumb Code    10  stm32f4xx_it.o(i.CAN2_RX1_IRQHandler)
    CAN2_SCE_IRQHandler                      0x08000e4d   Thumb Code    10  stm32f4xx_it.o(i.CAN2_SCE_IRQHandler)
    CAN2_TX_IRQHandler                       0x08000e5d   Thumb Code    10  stm32f4xx_it.o(i.CAN2_TX_IRQHandler)
    CAN_CMD_MOTO                             0x08000e6d   Thumb Code   100  moto.o(i.CAN_CMD_MOTO)
    CAN_Filter_Init                          0x08000ed1   Thumb Code    68  moto.o(i.CAN_Filter_Init)
    DMA1_Stream6_IRQHandler                  0x08000f15   Thumb Code    10  stm32f4xx_it.o(i.DMA1_Stream6_IRQHandler)
    DMA2_Stream1_IRQHandler                  0x08000f25   Thumb Code    10  stm32f4xx_it.o(i.DMA2_Stream1_IRQHandler)
    DMA2_Stream2_IRQHandler                  0x08000f35   Thumb Code    10  stm32f4xx_it.o(i.DMA2_Stream2_IRQHandler)
    DMA2_Stream6_IRQHandler                  0x08000f45   Thumb Code    10  stm32f4xx_it.o(i.DMA2_Stream6_IRQHandler)
    DebugMon_Handler                         0x08001033   Thumb Code     2  stm32f4xx_it.o(i.DebugMon_Handler)
    EXTI0_IRQHandler                         0x08001035   Thumb Code    10  stm32f4xx_it.o(i.EXTI0_IRQHandler)
    Error_Handler                            0x0800103f   Thumb Code     6  main.o(i.Error_Handler)
    HAL_CAN_ActivateNotification             0x08001045   Thumb Code    42  stm32f4xx_hal_can.o(i.HAL_CAN_ActivateNotification)
    HAL_CAN_AddTxMessage                     0x0800106f   Thumb Code   342  stm32f4xx_hal_can.o(i.HAL_CAN_AddTxMessage)
    HAL_CAN_ConfigFilter                     0x080011c5   Thumb Code   286  stm32f4xx_hal_can.o(i.HAL_CAN_ConfigFilter)
    HAL_CAN_ErrorCallback                    0x080012e9   Thumb Code     2  stm32f4xx_hal_can.o(i.HAL_CAN_ErrorCallback)
    HAL_CAN_GetRxMessage                     0x080012eb   Thumb Code   378  stm32f4xx_hal_can.o(i.HAL_CAN_GetRxMessage)
    HAL_CAN_IRQHandler                       0x08001465   Thumb Code   590  stm32f4xx_hal_can.o(i.HAL_CAN_IRQHandler)
    HAL_CAN_Init                             0x080016b3   Thumb Code   372  stm32f4xx_hal_can.o(i.HAL_CAN_Init)
    HAL_CAN_MspInit                          0x08001829   Thumb Code   426  can.o(i.HAL_CAN_MspInit)
    HAL_CAN_RxFifo0FullCallback              0x080019ed   Thumb Code     2  stm32f4xx_hal_can.o(i.HAL_CAN_RxFifo0FullCallback)
    HAL_CAN_RxFifo0MsgPendingCallback        0x080019f1   Thumb Code   452  moto.o(i.HAL_CAN_RxFifo0MsgPendingCallback)
    HAL_CAN_RxFifo1FullCallback              0x08001bc5   Thumb Code     2  stm32f4xx_hal_can.o(i.HAL_CAN_RxFifo1FullCallback)
    HAL_CAN_RxFifo1MsgPendingCallback        0x08001bc7   Thumb Code     2  stm32f4xx_hal_can.o(i.HAL_CAN_RxFifo1MsgPendingCallback)
    HAL_CAN_SleepCallback                    0x08001bc9   Thumb Code     2  stm32f4xx_hal_can.o(i.HAL_CAN_SleepCallback)
    HAL_CAN_Start                            0x08001bcb   Thumb Code    94  stm32f4xx_hal_can.o(i.HAL_CAN_Start)
    HAL_CAN_TxMailbox0AbortCallback          0x08001c29   Thumb Code     2  stm32f4xx_hal_can.o(i.HAL_CAN_TxMailbox0AbortCallback)
    HAL_CAN_TxMailbox0CompleteCallback       0x08001c2b   Thumb Code     2  stm32f4xx_hal_can.o(i.HAL_CAN_TxMailbox0CompleteCallback)
    HAL_CAN_TxMailbox1AbortCallback          0x08001c2d   Thumb Code     2  stm32f4xx_hal_can.o(i.HAL_CAN_TxMailbox1AbortCallback)
    HAL_CAN_TxMailbox1CompleteCallback       0x08001c2f   Thumb Code     2  stm32f4xx_hal_can.o(i.HAL_CAN_TxMailbox1CompleteCallback)
    HAL_CAN_TxMailbox2AbortCallback          0x08001c31   Thumb Code     2  stm32f4xx_hal_can.o(i.HAL_CAN_TxMailbox2AbortCallback)
    HAL_CAN_TxMailbox2CompleteCallback       0x08001c33   Thumb Code     2  stm32f4xx_hal_can.o(i.HAL_CAN_TxMailbox2CompleteCallback)
    HAL_CAN_WakeUpFromRxMsgCallback          0x08001c35   Thumb Code     2  stm32f4xx_hal_can.o(i.HAL_CAN_WakeUpFromRxMsgCallback)
    HAL_DMA_Abort                            0x08001c37   Thumb Code   172  stm32f4xx_hal_dma.o(i.HAL_DMA_Abort)
    HAL_DMA_Abort_IT                         0x08001ce3   Thumb Code    40  stm32f4xx_hal_dma.o(i.HAL_DMA_Abort_IT)
    HAL_DMA_IRQHandler                       0x08001d0d   Thumb Code   570  stm32f4xx_hal_dma.o(i.HAL_DMA_IRQHandler)
    HAL_DMA_Init                             0x08001f4d   Thumb Code   232  stm32f4xx_hal_dma.o(i.HAL_DMA_Init)
    HAL_GPIO_EXTI_Callback                   0x08002039   Thumb Code     2  stm32f4xx_hal_gpio.o(i.HAL_GPIO_EXTI_Callback)
    HAL_GPIO_EXTI_IRQHandler                 0x0800203d   Thumb Code    24  stm32f4xx_hal_gpio.o(i.HAL_GPIO_EXTI_IRQHandler)
    HAL_GPIO_Init                            0x08002059   Thumb Code   474  stm32f4xx_hal_gpio.o(i.HAL_GPIO_Init)
    HAL_GPIO_ReadPin                         0x08002269   Thumb Code    16  stm32f4xx_hal_gpio.o(i.HAL_GPIO_ReadPin)
    HAL_GPIO_WritePin                        0x08002279   Thumb Code    12  stm32f4xx_hal_gpio.o(i.HAL_GPIO_WritePin)
    HAL_GetTick                              0x08002285   Thumb Code     6  stm32f4xx_hal.o(i.HAL_GetTick)
    HAL_IncTick                              0x08002291   Thumb Code    16  stm32f4xx_hal.o(i.HAL_IncTick)
    HAL_Init                                 0x080022a9   Thumb Code    54  stm32f4xx_hal.o(i.HAL_Init)
    HAL_InitTick                             0x080022e5   Thumb Code   122  stm32f4xx_hal_timebase_tim.o(i.HAL_InitTick)
    HAL_MspInit                              0x08002371   Thumb Code    78  stm32f4xx_hal_msp.o(i.HAL_MspInit)
    HAL_NVIC_EnableIRQ                       0x080023c5   Thumb Code    32  stm32f4xx_hal_cortex.o(i.HAL_NVIC_EnableIRQ)
    HAL_NVIC_SetPriority                     0x080023e5   Thumb Code   124  stm32f4xx_hal_cortex.o(i.HAL_NVIC_SetPriority)
    HAL_NVIC_SetPriorityGrouping             0x08002461   Thumb Code    32  stm32f4xx_hal_cortex.o(i.HAL_NVIC_SetPriorityGrouping)
    HAL_PWREx_EnableOverDrive                0x08002489   Thumb Code   128  stm32f4xx_hal_pwr_ex.o(i.HAL_PWREx_EnableOverDrive)
    HAL_RCC_ClockConfig                      0x08002515   Thumb Code   368  stm32f4xx_hal_rcc.o(i.HAL_RCC_ClockConfig)
    HAL_RCC_GetClockConfig                   0x08002699   Thumb Code    58  stm32f4xx_hal_rcc.o(i.HAL_RCC_GetClockConfig)
    HAL_RCC_GetHCLKFreq                      0x080026dd   Thumb Code     6  stm32f4xx_hal_rcc.o(i.HAL_RCC_GetHCLKFreq)
    HAL_RCC_GetPCLK1Freq                     0x080026e9   Thumb Code    22  stm32f4xx_hal_rcc.o(i.HAL_RCC_GetPCLK1Freq)
    HAL_RCC_GetPCLK2Freq                     0x08002709   Thumb Code    22  stm32f4xx_hal_rcc.o(i.HAL_RCC_GetPCLK2Freq)
    HAL_RCC_GetSysClockFreq                  0x08002729   Thumb Code   162  stm32f4xx_hal_rcc.o(i.HAL_RCC_GetSysClockFreq)
    HAL_RCC_OscConfig                        0x080027d9   Thumb Code  1172  stm32f4xx_hal_rcc.o(i.HAL_RCC_OscConfig)
    HAL_TIMEx_BreakCallback                  0x08002c75   Thumb Code     2  stm32f4xx_hal_tim_ex.o(i.HAL_TIMEx_BreakCallback)
    HAL_TIMEx_CommutCallback                 0x08002c77   Thumb Code     2  stm32f4xx_hal_tim_ex.o(i.HAL_TIMEx_CommutCallback)
    HAL_TIMEx_ConfigBreakDeadTime            0x08002c79   Thumb Code   116  stm32f4xx_hal_tim_ex.o(i.HAL_TIMEx_ConfigBreakDeadTime)
    HAL_TIMEx_MasterConfigSynchronization    0x08002ced   Thumb Code   150  stm32f4xx_hal_tim_ex.o(i.HAL_TIMEx_MasterConfigSynchronization)
    HAL_TIM_Base_Init                        0x08002da1   Thumb Code   102  stm32f4xx_hal_tim.o(i.HAL_TIM_Base_Init)
    HAL_TIM_Base_MspInit                     0x08002e09   Thumb Code    88  tim.o(i.HAL_TIM_Base_MspInit)
    HAL_TIM_Base_Start                       0x08002e69   Thumb Code   126  stm32f4xx_hal_tim.o(i.HAL_TIM_Base_Start)
    HAL_TIM_Base_Start_IT                    0x08002f05   Thumb Code   138  stm32f4xx_hal_tim.o(i.HAL_TIM_Base_Start_IT)
    HAL_TIM_ConfigClockSource                0x08002fad   Thumb Code   268  stm32f4xx_hal_tim.o(i.HAL_TIM_ConfigClockSource)
    HAL_TIM_IC_CaptureCallback               0x080030b9   Thumb Code     2  stm32f4xx_hal_tim.o(i.HAL_TIM_IC_CaptureCallback)
    HAL_TIM_IRQHandler                       0x080030bb   Thumb Code   406  stm32f4xx_hal_tim.o(i.HAL_TIM_IRQHandler)
    HAL_TIM_MspPostInit                      0x08003251   Thumb Code   166  tim.o(i.HAL_TIM_MspPostInit)
    HAL_TIM_OC_DelayElapsedCallback          0x0800330d   Thumb Code     2  stm32f4xx_hal_tim.o(i.HAL_TIM_OC_DelayElapsedCallback)
    HAL_TIM_PWM_ConfigChannel                0x0800330f   Thumb Code   260  stm32f4xx_hal_tim.o(i.HAL_TIM_PWM_ConfigChannel)
    HAL_TIM_PWM_Init                         0x08003413   Thumb Code   102  stm32f4xx_hal_tim.o(i.HAL_TIM_PWM_Init)
    HAL_TIM_PWM_MspInit                      0x08003479   Thumb Code     2  stm32f4xx_hal_tim.o(i.HAL_TIM_PWM_MspInit)
    HAL_TIM_PWM_PulseFinishedCallback        0x0800347b   Thumb Code     2  stm32f4xx_hal_tim.o(i.HAL_TIM_PWM_PulseFinishedCallback)
    HAL_TIM_PWM_Start                        0x0800347d   Thumb Code   238  stm32f4xx_hal_tim.o(i.HAL_TIM_PWM_Start)
    HAL_TIM_PeriodElapsedCallback            0x08003589   Thumb Code    18  main.o(i.HAL_TIM_PeriodElapsedCallback)
    HAL_TIM_TriggerCallback                  0x080035a1   Thumb Code     2  stm32f4xx_hal_tim.o(i.HAL_TIM_TriggerCallback)
    HAL_UARTEx_RxEventCallback               0x080035a3   Thumb Code     2  stm32f4xx_hal_uart.o(i.HAL_UARTEx_RxEventCallback)
    HAL_UART_ErrorCallback                   0x080035a5   Thumb Code     2  stm32f4xx_hal_uart.o(i.HAL_UART_ErrorCallback)
    HAL_UART_IRQHandler                      0x080035a9   Thumb Code   732  stm32f4xx_hal_uart.o(i.HAL_UART_IRQHandler)
    HAL_UART_Init                            0x08003889   Thumb Code   114  stm32f4xx_hal_uart.o(i.HAL_UART_Init)
    HAL_UART_MspInit                         0x080038fd   Thumb Code   658  usart.o(i.HAL_UART_MspInit)
    HAL_UART_RxCpltCallback                  0x08003bc9   Thumb Code     2  stm32f4xx_hal_uart.o(i.HAL_UART_RxCpltCallback)
    HAL_UART_TxCpltCallback                  0x08003bcb   Thumb Code     2  main.o(i.HAL_UART_TxCpltCallback)
    HardFault_Handler                        0x08003bcd   Thumb Code     4  stm32f4xx_it.o(i.HardFault_Handler)
    MX_CAN1_Init                             0x08003bd1   Thumb Code    56  can.o(i.MX_CAN1_Init)
    MX_CAN2_Init                             0x08003c11   Thumb Code    56  can.o(i.MX_CAN2_Init)
    MX_DMA_Init                              0x08003c51   Thumb Code   130  dma.o(i.MX_DMA_Init)
    MX_FREERTOS_Init                         0x08003cd9   Thumb Code    46  freertos.o(i.MX_FREERTOS_Init)
    MX_GPIO_Init                             0x08003d2d   Thumb Code   428  gpio.o(i.MX_GPIO_Init)
    MX_TIM2_Init                             0x08003ef1   Thumb Code   192  tim.o(i.MX_TIM2_Init)
    MX_TIM8_Init                             0x08003fb5   Thumb Code   264  tim.o(i.MX_TIM8_Init)
    MX_UART8_Init                            0x080040c5   Thumb Code    46  usart.o(i.MX_UART8_Init)
    MX_USART1_UART_Init                      0x080040fd   Thumb Code    44  usart.o(i.MX_USART1_UART_Init)
    MX_USART6_UART_Init                      0x08004135   Thumb Code    46  usart.o(i.MX_USART6_UART_Init)
    MemManage_Handler                        0x0800416d   Thumb Code     4  stm32f4xx_it.o(i.MemManage_Handler)
    Modbus_CRC16                             0x08004199   Thumb Code    58  weight_data.o(i.Modbus_CRC16)
    MotionControlTask                        0x080041d3   Thumb Code    10  freertos.o(i.MotionControlTask)
    NMI_Handler                              0x080043a5   Thumb Code     4  stm32f4xx_it.o(i.NMI_Handler)
    PID_calc                                 0x080043a9   Thumb Code   492  pid.o(i.PID_calc)
    PID_init                                 0x08004599   Thumb Code    92  pid.o(i.PID_init)
    RC_init                                  0x080045f9   Thumb Code   142  bsp_rc.o(i.RC_init)
    SERIO_Control                            0x08004695   Thumb Code   318  shoot_task.o(i.SERIO_Control)
    SysTick_Handler                          0x08004825   Thumb Code    22  cmsis_os2.o(i.SysTick_Handler)
    SystemClock_Config                       0x0800483d   Thumb Code   180  main.o(i.SystemClock_Config)
    SystemInit                               0x080048f9   Thumb Code    14  system_stm32f4xx.o(i.SystemInit)
    TIM1_UP_TIM10_IRQHandler                 0x0800490d   Thumb Code    10  stm32f4xx_it.o(i.TIM1_UP_TIM10_IRQHandler)
    TIM_Base_SetConfig                       0x0800491d   Thumb Code   170  stm32f4xx_hal_tim.o(i.TIM_Base_SetConfig)
    TIM_CCxChannelCmd                        0x080049f5   Thumb Code    34  stm32f4xx_hal_tim.o(i.TIM_CCxChannelCmd)
    TIM_ETR_SetConfig                        0x08004a17   Thumb Code    22  stm32f4xx_hal_tim.o(i.TIM_ETR_SetConfig)
    TIM_OC2_SetConfig                        0x08004ab1   Thumb Code   114  stm32f4xx_hal_tim.o(i.TIM_OC2_SetConfig)
    UART8_IRQHandler                         0x08004c49   Thumb Code   266  stm32f4xx_it.o(i.UART8_IRQHandler)
    USART1_IRQHandler                        0x08005191   Thumb Code    14  stm32f4xx_it.o(i.USART1_IRQHandler)
    USART6_IRQHandler                        0x080051a5   Thumb Code    14  stm32f4xx_it.o(i.USART6_IRQHandler)
    UsageFault_Handler                       0x080051b9   Thumb Code     4  stm32f4xx_it.o(i.UsageFault_Handler)
    WD_init                                  0x080051bd   Thumb Code   158  bsp_wd.o(i.WD_init)
    __hardfp_atof                            0x080052b1   Thumb Code    44  atof.o(i.__hardfp_atof)
    __read_errno                             0x080052e9   Thumb Code     6  errno.o(i.__read_errno)
    __scatterload_copy                       0x080052f5   Thumb Code    14  handlers.o(i.__scatterload_copy)
    __scatterload_null                       0x08005303   Thumb Code     2  handlers.o(i.__scatterload_null)
    __scatterload_zeroinit                   0x08005305   Thumb Code    14  handlers.o(i.__scatterload_zeroinit)
    __set_errno                              0x08005319   Thumb Code     6  errno.o(i.__set_errno)
    _is_digit                                0x08005325   Thumb Code    14  scanf_fp.o(i._is_digit)
    decode_weight_data                       0x08005335   Thumb Code   178  weight_data.o(i.decode_weight_data)
    fifo_s_get                               0x080053ed   Thumb Code    58  fifo.o(i.fifo_s_get)
    fifo_s_init                              0x08005427   Thumb Code    22  fifo.o(i.fifo_s_init)
    fifo_s_puts                              0x0800543d   Thumb Code   160  fifo.o(i.fifo_s_puts)
    fifo_s_used                              0x080054dd   Thumb Code     6  fifo.o(i.fifo_s_used)
    get_CRC16_check_sum                      0x080054e5   Thumb Code    46  crc8_crc16.o(i.get_CRC16_check_sum)
    get_CRC8_check_sum                       0x08005519   Thumb Code    30  crc8_crc16.o(i.get_CRC8_check_sum)
    get_remote_control_point                 0x0800553d   Thumb Code     4  remote_control.o(i.get_remote_control_point)
    huart8_init                              0x08005545   Thumb Code   214  referee_usart_task.o(i.huart8_init)
    init_referee_struct_data                 0x08005631   Thumb Code   120  referee.o(i.init_referee_struct_data)
    main                                     0x080056f1   Thumb Code    64  main.o(i.main)
    osDelay                                  0x08005911   Thumb Code    30  cmsis_os2.o(i.osDelay)
    osKernelInitialize                       0x08005931   Thumb Code    38  cmsis_os2.o(i.osKernelInitialize)
    osKernelStart                            0x0800595d   Thumb Code    82  cmsis_os2.o(i.osKernelStart)
    osThreadNew                              0x080059bd   Thumb Code   184  cmsis_os2.o(i.osThreadNew)
    pvPortMalloc                             0x080064ad   Thumb Code   306  heap_4.o(i.pvPortMalloc)
    pvTaskIncrementMutexHeldCount            0x080065f9   Thumb Code    26  tasks.o(i.pvTaskIncrementMutexHeldCount)
    pxPortInitialiseStack                    0x08006619   Thumb Code    38  port.o(i.pxPortInitialiseStack)
    refereeTask                              0x08006645   Thumb Code    12  freertos.o(i.refereeTask)
    referee_data_solve                       0x08006651   Thumb Code   346  referee.o(i.referee_data_solve)
    referee_usart_task                       0x08006941   Thumb Code    44  referee_usart_task.o(i.referee_usart_task)
    remote_control_IRQ                       0x08006979   Thumb Code   264  remote_control.o(i.remote_control_IRQ)
    remote_control_init                      0x08006a9d   Thumb Code    16  remote_control.o(i.remote_control_init)
    shoot_control_loop                       0x08006b8d   Thumb Code  1968  shoot_task.o(i.shoot_control_loop)
    shoot_init                               0x08007385   Thumb Code   278  shoot_task.o(i.shoot_init)
    shoot_task                               0x0800763d   Thumb Code   102  shoot_task.o(i.shoot_task)
    uxListRemove                             0x080076c5   Thumb Code    40  list.o(i.uxListRemove)
    vApplicationGetIdleTaskMemory            0x080076ed   Thumb Code    14  cmsis_os2.o(i.vApplicationGetIdleTaskMemory)
    vApplicationGetTimerTaskMemory           0x08007705   Thumb Code    16  cmsis_os2.o(i.vApplicationGetTimerTaskMemory)
    vListInitialise                          0x0800771d   Thumb Code    26  list.o(i.vListInitialise)
    vListInitialiseItem                      0x08007737   Thumb Code     6  list.o(i.vListInitialiseItem)
    vListInsert                              0x0800773d   Thumb Code    52  list.o(i.vListInsert)
    vListInsertEnd                           0x08007771   Thumb Code    24  list.o(i.vListInsertEnd)
    vPortEnterCritical                       0x08007789   Thumb Code    76  port.o(i.vPortEnterCritical)
    vPortExitCritical                        0x080077dd   Thumb Code    56  port.o(i.vPortExitCritical)
    vPortFree                                0x08007819   Thumb Code   150  heap_4.o(i.vPortFree)
    vPortSetupTimerInterrupt                 0x080078bd   Thumb Code    36  port.o(i.vPortSetupTimerInterrupt)
    vPortValidateInterruptPriority           0x080078e5   Thumb Code   106  port.o(i.vPortValidateInterruptPriority)
    vQueueAddToRegistry                      0x0800795d   Thumb Code    38  queue.o(i.vQueueAddToRegistry)
    vQueueWaitForMessageRestricted           0x08007989   Thumb Code    74  queue.o(i.vQueueWaitForMessageRestricted)
    vTaskDelay                               0x080079d5   Thumb Code    82  tasks.o(i.vTaskDelay)
    vTaskInternalSetTimeOutState             0x08007a31   Thumb Code    14  tasks.o(i.vTaskInternalSetTimeOutState)
    vTaskMissedYield                         0x08007a49   Thumb Code     8  tasks.o(i.vTaskMissedYield)
    vTaskPlaceOnEventList                    0x08007a55   Thumb Code    52  tasks.o(i.vTaskPlaceOnEventList)
    vTaskPlaceOnEventListRestricted          0x08007a8d   Thumb Code    60  tasks.o(i.vTaskPlaceOnEventListRestricted)
    vTaskPriorityDisinheritAfterTimeout      0x08007acd   Thumb Code   194  tasks.o(i.vTaskPriorityDisinheritAfterTimeout)
    vTaskStartScheduler                      0x08007b9d   Thumb Code   156  tasks.o(i.vTaskStartScheduler)
    vTaskSuspendAll                          0x08007c55   Thumb Code    12  tasks.o(i.vTaskSuspendAll)
    vTaskSwitchContext                       0x08007c65   Thumb Code   122  tasks.o(i.vTaskSwitchContext)
    verify_CRC16_check_sum                   0x08007cf5   Thumb Code    60  crc8_crc16.o(i.verify_CRC16_check_sum)
    verify_CRC8_check_sum                    0x08007d35   Thumb Code    46  crc8_crc16.o(i.verify_CRC8_check_sum)
    weight_data_IRQ                          0x08007d65   Thumb Code   306  weight_data.o(i.weight_data_IRQ)
    weight_data_init                         0x08007eb1   Thumb Code    16  weight_data.o(i.weight_data_init)
    xPortStartScheduler                      0x08007ec5   Thumb Code   330  port.o(i.xPortStartScheduler)
    xPortSysTickHandler                      0x0800802d   Thumb Code    46  port.o(i.xPortSysTickHandler)
    xQueueGenericCreateStatic                0x08008061   Thumb Code   224  queue.o(i.xQueueGenericCreateStatic)
    xQueueGenericReset                       0x08008141   Thumb Code   146  queue.o(i.xQueueGenericReset)
    xQueueGenericSend                        0x080081d9   Thumb Code   420  queue.o(i.xQueueGenericSend)
    xQueueGenericSendFromISR                 0x08008381   Thumb Code   252  queue.o(i.xQueueGenericSendFromISR)
    xQueueGiveFromISR                        0x0800847d   Thumb Code   224  queue.o(i.xQueueGiveFromISR)
    xQueueReceive                            0x0800855d   Thumb Code   356  queue.o(i.xQueueReceive)
    xQueueSemaphoreTake                      0x080086c5   Thumb Code   434  queue.o(i.xQueueSemaphoreTake)
    xTaskCheckForTimeOut                     0x0800887d   Thumb Code   132  tasks.o(i.xTaskCheckForTimeOut)
    xTaskCreate                              0x08008909   Thumb Code   100  tasks.o(i.xTaskCreate)
    xTaskCreateStatic                        0x0800896d   Thumb Code   186  tasks.o(i.xTaskCreateStatic)
    xTaskGetSchedulerState                   0x08008a29   Thumb Code    24  tasks.o(i.xTaskGetSchedulerState)
    xTaskGetTickCount                        0x08008a49   Thumb Code     6  tasks.o(i.xTaskGetTickCount)
    xTaskIncrementTick                       0x08008a55   Thumb Code   280  tasks.o(i.xTaskIncrementTick)
    xTaskPriorityDisinherit                  0x08008b99   Thumb Code   152  tasks.o(i.xTaskPriorityDisinherit)
    xTaskPriorityInherit                     0x08008c3d   Thumb Code   150  tasks.o(i.xTaskPriorityInherit)
    xTaskRemoveFromEventList                 0x08008ce1   Thumb Code   126  tasks.o(i.xTaskRemoveFromEventList)
    xTaskResumeAll                           0x08008d79   Thumb Code   222  tasks.o(i.xTaskResumeAll)
    xTimerCreateTimerTask                    0x08008e7d   Thumb Code   100  timers.o(i.xTimerCreateTimerTask)
    xTimerGenericCommand                     0x08008ef5   Thumb Code   128  timers.o(i.xTimerGenericCommand)
    Motion_Task_attributes                   0x08008f78   Data          36  freertos.o(.constdata)
    ActionTask_attributes                    0x08008f9c   Data          36  freertos.o(.constdata)
    referee_Task_attributes                  0x08008fc0   Data          36  freertos.o(.constdata)
    AHBPrescTable                            0x08008fec   Data          16  system_stm32f4xx.o(.constdata)
    APBPrescTable                            0x08008ffc   Data           8  system_stm32f4xx.o(.constdata)
    CRC8_INIT                                0x08009004   Data           1  crc8_crc16.o(.constdata)
    CRC8_table                               0x08009005   Data         256  crc8_crc16.o(.constdata)
    wCRC_table                               0x08009106   Data         512  crc8_crc16.o(.constdata)
    __ctype_categories                       0x0800936c   Data          64  ctype_c.o(.constdata)
    Region$$Table$$Base                      0x080093d4   Number         0  anon$$obj.o(Region$$Table)
    Region$$Table$$Limit                     0x080093f4   Number         0  anon$$obj.o(Region$$Table)
    Motion_TaskHandle                        0x20000000   Data           4  freertos.o(.data)
    ActionTaskHandle                         0x20000004   Data           4  freertos.o(.data)
    referee_TaskHandle                       0x20000008   Data           4  freertos.o(.data)
    uwTick                                   0x20000014   Data           4  stm32f4xx_hal.o(.data)
    uwTickPrio                               0x20000018   Data           4  stm32f4xx_hal.o(.data)
    uwTickFreq                               0x2000001c   Data           1  stm32f4xx_hal.o(.data)
    SystemCoreClock                          0x20000020   Data           4  system_stm32f4xx.o(.data)
    pxCurrentTCB                             0x20000024   Data           4  tasks.o(.data)
    referee_receive_header                   0x200000a6   Data           5  referee.o(.data)
    referee_send_header                      0x200000ab   Data           5  referee.o(.data)
    game_result                              0x200000b0   Data           1  referee.o(.data)
    field_event                              0x200000b1   Data           4  referee.o(.data)
    supply_projectile_action_t               0x200000b5   Data           4  referee.o(.data)
    supply_projectile_booking_t              0x200000b9   Data           3  referee.o(.data)
    referee_warning_t                        0x200000bc   Data           2  referee.o(.data)
    buff_musk_t                              0x200000be   Data           1  referee.o(.data)
    robot_energy_t                           0x200000bf   Data           1  referee.o(.data)
    robot_hurt_t                             0x200000c0   Data           1  referee.o(.data)
    shoot_data_t                             0x200000c1   Data           7  referee.o(.data)
    bullet_remaining_t                       0x200000c8   Data           6  referee.o(.data)
    rfid_status_t                            0x200000ce   Data           4  referee.o(.data)
    CRC16_INIT                               0x200000d2   Data           2  crc8_crc16.o(.data)
    current_decode_buf                       0x200000d4   Data           4  weight_data.o(.data)
    weight_decode_semaphore                  0x200000d8   Data           4  weight_data.o(.data)
    Pull_force                               0x200000e0   Data           1  shoot_task.o(.data)
    missile_shoot                            0x200000e4   Data           4  shoot_task.o(.data)
    shoot_step                               0x200000e8   Data           4  shoot_task.o(.data)
    shoot_step12                             0x200000ec   Data           4  shoot_task.o(.data)
    motor_last_angle                         0x200000f0   Data           4  shoot_task.o(.data)
    turnback_flag                            0x200000f4   Data           4  shoot_task.o(.data)
    shoot_ready_flag                         0x200000f8   Data           4  shoot_task.o(.data)
    Pulse                                    0x200000fc   Data           4  shoot_task.o(.data)
    turn_shoot_flag                          0x20000100   Data           4  shoot_task.o(.data)
    turn_spring_flag                         0x20000104   Data           4  shoot_task.o(.data)
    turn_reload_flag                         0x20000108   Data           4  shoot_task.o(.data)
    turn_yaw_flag                            0x2000010c   Data           4  shoot_task.o(.data)
    micro_switch_on                          0x20000110   Data           4  shoot_task.o(.data)
    last_reload_ref                          0x20000114   Data           4  shoot_task.o(.data)
    missile_shoot_cnt                        0x20000118   Data           4  shoot_task.o(.data)
    reload_next                              0x2000011c   Data           4  shoot_task.o(.data)
    reload_back_flag                         0x20000120   Data           4  shoot_task.o(.data)
    time_flag                                0x20000128   Data           8  shoot_task.o(.data)
    last_time_flag                           0x20000130   Data           8  shoot_task.o(.data)
    shoot_finish_flag                        0x20000138   Data           4  shoot_task.o(.data)
    start_control_flag                       0x2000013c   Data           4  shoot_task.o(.data)
    weight_data                              0x20000140   Data           4  shoot_task.o(.data)
    shoot_mode                               0x20000144   Data           1  shoot_task.o(.data)
    last_shoot_mode                          0x20000145   Data           1  shoot_task.o(.data)
    shoot_control_mode                       0x20000146   Data           1  shoot_task.o(.data)
    shoot_init_state                         0x20000147   Data           1  shoot_task.o(.data)
    missile_shoot_motor_mode                 0x20000148   Data           1  shoot_task.o(.data)
    hcan1                                    0x20000150   Data          40  can.o(.bss)
    hcan2                                    0x20000178   Data          40  can.o(.bss)
    htim2                                    0x200001a0   Data          72  tim.o(.bss)
    htim8                                    0x200001e8   Data          72  tim.o(.bss)
    UART6_Rx_Buf                             0x20000230   Data        1024  usart.o(.bss)
    UART6_temp                               0x20000630   Data          45  usart.o(.bss)
    huart8                                   0x20000660   Data          68  usart.o(.bss)
    huart1                                   0x200006a4   Data          68  usart.o(.bss)
    huart6                                   0x200006e8   Data          68  usart.o(.bss)
    hdma_uart8_rx                            0x2000072c   Data          96  usart.o(.bss)
    hdma_usart1_rx                           0x2000078c   Data          96  usart.o(.bss)
    hdma_usart6_rx                           0x200007ec   Data          96  usart.o(.bss)
    hdma_usart6_tx                           0x2000084c   Data          96  usart.o(.bss)
    htim1                                    0x200008ac   Data          72  stm32f4xx_hal_timebase_tim.o(.bss)
    xQueueRegistry                           0x200008f4   Data          64  queue.o(.bss)
    rc_ctrl                                  0x200051c8   Data          22  remote_control.o(.bss)
    Moto_Data1                               0x20005228   Data         128  moto.o(.bss)
    Moto_Data2                               0x200052a8   Data         128  moto.o(.bss)
    game_state                               0x20005328   Data          11  referee.o(.bss)
    game_robot_HP_t                          0x20005333   Data          32  referee.o(.bss)
    robot_state                              0x20005353   Data          27  referee.o(.bss)
    power_heat_data_t                        0x2000536e   Data          16  referee.o(.bss)
    game_robot_pos_t                         0x2000537e   Data          16  referee.o(.bss)
    student_interactive_data_t               0x2000538e   Data          12  referee.o(.bss)
    uart8_buf                                0x2000539c   Data        1024  referee_usart_task.o(.bss)
    referee_fifo                             0x2000579c   Data          24  referee_usart_task.o(.bss)
    referee_fifo_buf                         0x200057b4   Data        1024  referee_usart_task.o(.bss)
    referee_unpack_obj                       0x20005bb4   Data         137  referee_usart_task.o(.bss)
    missile_shoot_motor                      0x20005c70   Data         436  shoot_task.o(.bss)
    pull_spring_motor                        0x20005e24   Data         436  shoot_task.o(.bss)
    reload_motor                             0x20005fd8   Data         436  shoot_task.o(.bss)
    yaw_motor                                0x2000618c   Data         436  shoot_task.o(.bss)
    missile_shoot_move                       0x20006340   Data         140  shoot_task.o(.bss)
    __initial_sp                             0x200067d0   Data           0  startup_stm32f427xx.o(STACK)



==============================================================================

Memory Map of the image

  Image Entry point : 0x080001ad

  Load Region LR_IROM1 (Base: 0x08000000, Size: 0x00009544, Max: 0x00200000, ABSOLUTE, COMPRESSED[0x00009418])

    Execution Region ER_IROM1 (Exec base: 0x08000000, Load base: 0x08000000, Size: 0x000093f4, Max: 0x00200000, ABSOLUTE)

    Exec Addr    Load Addr    Size         Type   Attr      Idx    E Section Name        Object

    0x08000000   0x08000000   0x000001ac   Data   RO            3    RESET               startup_stm32f427xx.o
    0x080001ac   0x080001ac   0x00000000   Code   RO         6786  * .ARM.Collect$$$$00000000  mc_w.l(entry.o)
    0x080001ac   0x080001ac   0x00000004   Code   RO         6845    .ARM.Collect$$$$00000001  mc_w.l(entry2.o)
    0x080001b0   0x080001b0   0x00000004   Code   RO         6848    .ARM.Collect$$$$00000004  mc_w.l(entry5.o)
    0x080001b4   0x080001b4   0x00000000   Code   RO         6850    .ARM.Collect$$$$00000008  mc_w.l(entry7b.o)
    0x080001b4   0x080001b4   0x00000000   Code   RO         6852    .ARM.Collect$$$$0000000A  mc_w.l(entry8b.o)
    0x080001b4   0x080001b4   0x00000008   Code   RO         6853    .ARM.Collect$$$$0000000B  mc_w.l(entry9a.o)
    0x080001bc   0x080001bc   0x00000004   Code   RO         6860    .ARM.Collect$$$$0000000E  mc_w.l(entry12b.o)
    0x080001c0   0x080001c0   0x00000000   Code   RO         6855    .ARM.Collect$$$$0000000F  mc_w.l(entry10a.o)
    0x080001c0   0x080001c0   0x00000000   Code   RO         6857    .ARM.Collect$$$$00000011  mc_w.l(entry11a.o)
    0x080001c0   0x080001c0   0x00000004   Code   RO         6846    .ARM.Collect$$$$00002712  mc_w.l(entry2.o)
    0x080001c4   0x080001c4   0x000000be   Code   RO         5374    .emb_text           port.o
    0x08000282   0x08000282   0x00000002   PAD
    0x08000284   0x08000284   0x00000024   Code   RO            4    .text               startup_stm32f427xx.o
    0x080002a8   0x080002a8   0x00000062   Code   RO         6789    .text               mc_w.l(uldiv.o)
    0x0800030a   0x0800030a   0x00000024   Code   RO         6791    .text               mc_w.l(memcpya.o)
    0x0800032e   0x0800032e   0x00000024   Code   RO         6795    .text               mc_w.l(memseta.o)
    0x08000352   0x08000352   0x0000014e   Code   RO         6827    .text               mf_w.l(dadd.o)
    0x080004a0   0x080004a0   0x000000e4   Code   RO         6829    .text               mf_w.l(dmul.o)
    0x08000584   0x08000584   0x000000de   Code   RO         6831    .text               mf_w.l(ddiv.o)
    0x08000662   0x08000662   0x00000022   Code   RO         6835    .text               mf_w.l(dflti.o)
    0x08000684   0x08000684   0x0000003e   Code   RO         6837    .text               mf_w.l(dfixi.o)
    0x080006c2   0x080006c2   0x00000002   PAD
    0x080006c4   0x080006c4   0x00000030   Code   RO         6841    .text               mf_w.l(cdrcmple.o)
    0x080006f4   0x080006f4   0x00000038   Code   RO         6843    .text               mf_w.l(d2f.o)
    0x0800072c   0x0800072c   0x0000001e   Code   RO         6861    .text               mc_w.l(llshl.o)
    0x0800074a   0x0800074a   0x00000020   Code   RO         6863    .text               mc_w.l(llushr.o)
    0x0800076a   0x0800076a   0x00000024   Code   RO         6865    .text               mc_w.l(llsshr.o)
    0x0800078e   0x0800078e   0x00000002   PAD
    0x08000790   0x08000790   0x0000009c   Code   RO         6876    .text               mc_w.l(strtod.o)
    0x0800082c   0x0800082c   0x00000000   Code   RO         6878    .text               mc_w.l(iusefp.o)
    0x0800082c   0x0800082c   0x0000006e   Code   RO         6879    .text               mf_w.l(fepilogue.o)
    0x0800089a   0x0800089a   0x000000ba   Code   RO         6881    .text               mf_w.l(depilogue.o)
    0x08000954   0x08000954   0x00000024   Code   RO         6883    .text               mc_w.l(init.o)
    0x08000978   0x08000978   0x0000000a   Code   RO         6885    .text               mc_w.l(isspace_c.o)
    0x08000982   0x08000982   0x00000002   PAD
    0x08000984   0x08000984   0x00000360   Code   RO         6887    .text               mc_w.l(scanf_fp.o)
    0x08000ce4   0x08000ce4   0x00000040   Code   RO         6891    .text               mc_w.l(_sgetc.o)
    0x08000d24   0x08000d24   0x00000028   Code   RO         6893    .text               mc_w.l(ctype_c.o)
    0x08000d4c   0x08000d4c   0x00000018   Code   RO         6896    .text               mf_w.l(dfltul.o)
    0x08000d64   0x08000d64   0x0000003a   Code   RO         6906    .text               mc_w.l(__dczerorl.o)
    0x08000d9e   0x08000d9e   0x0000000c   Code   RO          272    i.ActionControlTask  freertos.o
    0x08000daa   0x08000daa   0x00000002   PAD
    0x08000dac   0x08000dac   0x0000003c   Code   RO           13    i.BSP_Init          main.o
    0x08000de8   0x08000de8   0x00000004   Code   RO          536    i.BusFault_Handler  stm32f4xx_it.o
    0x08000dec   0x08000dec   0x00000010   Code   RO          537    i.CAN1_RX0_IRQHandler  stm32f4xx_it.o
    0x08000dfc   0x08000dfc   0x00000010   Code   RO          538    i.CAN1_RX1_IRQHandler  stm32f4xx_it.o
    0x08000e0c   0x08000e0c   0x00000010   Code   RO          539    i.CAN1_SCE_IRQHandler  stm32f4xx_it.o
    0x08000e1c   0x08000e1c   0x00000010   Code   RO          540    i.CAN1_TX_IRQHandler  stm32f4xx_it.o
    0x08000e2c   0x08000e2c   0x00000010   Code   RO          541    i.CAN2_RX0_IRQHandler  stm32f4xx_it.o
    0x08000e3c   0x08000e3c   0x00000010   Code   RO          542    i.CAN2_RX1_IRQHandler  stm32f4xx_it.o
    0x08000e4c   0x08000e4c   0x00000010   Code   RO          543    i.CAN2_SCE_IRQHandler  stm32f4xx_it.o
    0x08000e5c   0x08000e5c   0x00000010   Code   RO          544    i.CAN2_TX_IRQHandler  stm32f4xx_it.o
    0x08000e6c   0x08000e6c   0x00000064   Code   RO         5531    i.CAN_CMD_MOTO      moto.o
    0x08000ed0   0x08000ed0   0x00000044   Code   RO         5532    i.CAN_Filter_Init   moto.o
    0x08000f14   0x08000f14   0x00000010   Code   RO          545    i.DMA1_Stream6_IRQHandler  stm32f4xx_it.o
    0x08000f24   0x08000f24   0x00000010   Code   RO          546    i.DMA2_Stream1_IRQHandler  stm32f4xx_it.o
    0x08000f34   0x08000f34   0x00000010   Code   RO          547    i.DMA2_Stream2_IRQHandler  stm32f4xx_it.o
    0x08000f44   0x08000f44   0x00000010   Code   RO          548    i.DMA2_Stream6_IRQHandler  stm32f4xx_it.o
    0x08000f54   0x08000f54   0x00000034   Code   RO         1555    i.DMA_CalcBaseAndBitshift  stm32f4xx_hal_dma.o
    0x08000f88   0x08000f88   0x000000aa   Code   RO         1556    i.DMA_CheckFifoParam  stm32f4xx_hal_dma.o
    0x08001032   0x08001032   0x00000002   Code   RO          549    i.DebugMon_Handler  stm32f4xx_it.o
    0x08001034   0x08001034   0x0000000a   Code   RO          550    i.EXTI0_IRQHandler  stm32f4xx_it.o
    0x0800103e   0x0800103e   0x00000006   Code   RO           14    i.Error_Handler     main.o
    0x08001044   0x08001044   0x0000002a   Code   RO          761    i.HAL_CAN_ActivateNotification  stm32f4xx_hal_can.o
    0x0800106e   0x0800106e   0x00000156   Code   RO          762    i.HAL_CAN_AddTxMessage  stm32f4xx_hal_can.o
    0x080011c4   0x080011c4   0x00000124   Code   RO          763    i.HAL_CAN_ConfigFilter  stm32f4xx_hal_can.o
    0x080012e8   0x080012e8   0x00000002   Code   RO          766    i.HAL_CAN_ErrorCallback  stm32f4xx_hal_can.o
    0x080012ea   0x080012ea   0x0000017a   Code   RO          769    i.HAL_CAN_GetRxMessage  stm32f4xx_hal_can.o
    0x08001464   0x08001464   0x0000024e   Code   RO          773    i.HAL_CAN_IRQHandler  stm32f4xx_hal_can.o
    0x080016b2   0x080016b2   0x00000174   Code   RO          774    i.HAL_CAN_Init      stm32f4xx_hal_can.o
    0x08001826   0x08001826   0x00000002   PAD
    0x08001828   0x08001828   0x000001c4   Code   RO          355    i.HAL_CAN_MspInit   can.o
    0x080019ec   0x080019ec   0x00000002   Code   RO          781    i.HAL_CAN_RxFifo0FullCallback  stm32f4xx_hal_can.o
    0x080019ee   0x080019ee   0x00000002   PAD
    0x080019f0   0x080019f0   0x000001d4   Code   RO         5533    i.HAL_CAN_RxFifo0MsgPendingCallback  moto.o
    0x08001bc4   0x08001bc4   0x00000002   Code   RO          783    i.HAL_CAN_RxFifo1FullCallback  stm32f4xx_hal_can.o
    0x08001bc6   0x08001bc6   0x00000002   Code   RO          784    i.HAL_CAN_RxFifo1MsgPendingCallback  stm32f4xx_hal_can.o
    0x08001bc8   0x08001bc8   0x00000002   Code   RO          785    i.HAL_CAN_SleepCallback  stm32f4xx_hal_can.o
    0x08001bca   0x08001bca   0x0000005e   Code   RO          786    i.HAL_CAN_Start     stm32f4xx_hal_can.o
    0x08001c28   0x08001c28   0x00000002   Code   RO          788    i.HAL_CAN_TxMailbox0AbortCallback  stm32f4xx_hal_can.o
    0x08001c2a   0x08001c2a   0x00000002   Code   RO          789    i.HAL_CAN_TxMailbox0CompleteCallback  stm32f4xx_hal_can.o
    0x08001c2c   0x08001c2c   0x00000002   Code   RO          790    i.HAL_CAN_TxMailbox1AbortCallback  stm32f4xx_hal_can.o
    0x08001c2e   0x08001c2e   0x00000002   Code   RO          791    i.HAL_CAN_TxMailbox1CompleteCallback  stm32f4xx_hal_can.o
    0x08001c30   0x08001c30   0x00000002   Code   RO          792    i.HAL_CAN_TxMailbox2AbortCallback  stm32f4xx_hal_can.o
    0x08001c32   0x08001c32   0x00000002   Code   RO          793    i.HAL_CAN_TxMailbox2CompleteCallback  stm32f4xx_hal_can.o
    0x08001c34   0x08001c34   0x00000002   Code   RO          795    i.HAL_CAN_WakeUpFromRxMsgCallback  stm32f4xx_hal_can.o
    0x08001c36   0x08001c36   0x000000ac   Code   RO         1558    i.HAL_DMA_Abort     stm32f4xx_hal_dma.o
    0x08001ce2   0x08001ce2   0x00000028   Code   RO         1559    i.HAL_DMA_Abort_IT  stm32f4xx_hal_dma.o
    0x08001d0a   0x08001d0a   0x00000002   PAD
    0x08001d0c   0x08001d0c   0x00000240   Code   RO         1563    i.HAL_DMA_IRQHandler  stm32f4xx_hal_dma.o
    0x08001f4c   0x08001f4c   0x000000ec   Code   RO         1564    i.HAL_DMA_Init      stm32f4xx_hal_dma.o
    0x08002038   0x08002038   0x00000002   Code   RO         1449    i.HAL_GPIO_EXTI_Callback  stm32f4xx_hal_gpio.o
    0x0800203a   0x0800203a   0x00000002   PAD
    0x0800203c   0x0800203c   0x0000001c   Code   RO         1450    i.HAL_GPIO_EXTI_IRQHandler  stm32f4xx_hal_gpio.o
    0x08002058   0x08002058   0x00000210   Code   RO         1451    i.HAL_GPIO_Init     stm32f4xx_hal_gpio.o
    0x08002268   0x08002268   0x00000010   Code   RO         1453    i.HAL_GPIO_ReadPin  stm32f4xx_hal_gpio.o
    0x08002278   0x08002278   0x0000000c   Code   RO         1455    i.HAL_GPIO_WritePin  stm32f4xx_hal_gpio.o
    0x08002284   0x08002284   0x0000000c   Code   RO         2008    i.HAL_GetTick       stm32f4xx_hal.o
    0x08002290   0x08002290   0x00000018   Code   RO         2014    i.HAL_IncTick       stm32f4xx_hal.o
    0x080022a8   0x080022a8   0x0000003c   Code   RO         2015    i.HAL_Init          stm32f4xx_hal.o
    0x080022e4   0x080022e4   0x0000008c   Code   RO          721    i.HAL_InitTick      stm32f4xx_hal_timebase_tim.o
    0x08002370   0x08002370   0x00000054   Code   RO          697    i.HAL_MspInit       stm32f4xx_hal_msp.o
    0x080023c4   0x080023c4   0x00000020   Code   RO         1858    i.HAL_NVIC_EnableIRQ  stm32f4xx_hal_cortex.o
    0x080023e4   0x080023e4   0x0000007c   Code   RO         1864    i.HAL_NVIC_SetPriority  stm32f4xx_hal_cortex.o
    0x08002460   0x08002460   0x00000028   Code   RO         1865    i.HAL_NVIC_SetPriorityGrouping  stm32f4xx_hal_cortex.o
    0x08002488   0x08002488   0x0000008c   Code   RO         1787    i.HAL_PWREx_EnableOverDrive  stm32f4xx_hal_pwr_ex.o
    0x08002514   0x08002514   0x00000184   Code   RO          995    i.HAL_RCC_ClockConfig  stm32f4xx_hal_rcc.o
    0x08002698   0x08002698   0x00000044   Code   RO          999    i.HAL_RCC_GetClockConfig  stm32f4xx_hal_rcc.o
    0x080026dc   0x080026dc   0x0000000c   Code   RO         1000    i.HAL_RCC_GetHCLKFreq  stm32f4xx_hal_rcc.o
    0x080026e8   0x080026e8   0x00000020   Code   RO         1002    i.HAL_RCC_GetPCLK1Freq  stm32f4xx_hal_rcc.o
    0x08002708   0x08002708   0x00000020   Code   RO         1003    i.HAL_RCC_GetPCLK2Freq  stm32f4xx_hal_rcc.o
    0x08002728   0x08002728   0x000000b0   Code   RO         1004    i.HAL_RCC_GetSysClockFreq  stm32f4xx_hal_rcc.o
    0x080027d8   0x080027d8   0x0000049c   Code   RO         1007    i.HAL_RCC_OscConfig  stm32f4xx_hal_rcc.o
    0x08002c74   0x08002c74   0x00000002   Code   RO         2980    i.HAL_TIMEx_BreakCallback  stm32f4xx_hal_tim_ex.o
    0x08002c76   0x08002c76   0x00000002   Code   RO         2981    i.HAL_TIMEx_CommutCallback  stm32f4xx_hal_tim_ex.o
    0x08002c78   0x08002c78   0x00000074   Code   RO         2983    i.HAL_TIMEx_ConfigBreakDeadTime  stm32f4xx_hal_tim_ex.o
    0x08002cec   0x08002cec   0x000000b4   Code   RO         2999    i.HAL_TIMEx_MasterConfigSynchronization  stm32f4xx_hal_tim_ex.o
    0x08002da0   0x08002da0   0x00000066   Code   RO         2265    i.HAL_TIM_Base_Init  stm32f4xx_hal_tim.o
    0x08002e06   0x08002e06   0x00000002   PAD
    0x08002e08   0x08002e08   0x00000060   Code   RO          428    i.HAL_TIM_Base_MspInit  tim.o
    0x08002e68   0x08002e68   0x0000009c   Code   RO         2268    i.HAL_TIM_Base_Start  stm32f4xx_hal_tim.o
    0x08002f04   0x08002f04   0x000000a8   Code   RO         2270    i.HAL_TIM_Base_Start_IT  stm32f4xx_hal_tim.o
    0x08002fac   0x08002fac   0x0000010c   Code   RO         2274    i.HAL_TIM_ConfigClockSource  stm32f4xx_hal_tim.o
    0x080030b8   0x080030b8   0x00000002   Code   RO         2299    i.HAL_TIM_IC_CaptureCallback  stm32f4xx_hal_tim.o
    0x080030ba   0x080030ba   0x00000196   Code   RO         2313    i.HAL_TIM_IRQHandler  stm32f4xx_hal_tim.o
    0x08003250   0x08003250   0x000000bc   Code   RO          429    i.HAL_TIM_MspPostInit  tim.o
    0x0800330c   0x0800330c   0x00000002   Code   RO         2316    i.HAL_TIM_OC_DelayElapsedCallback  stm32f4xx_hal_tim.o
    0x0800330e   0x0800330e   0x00000104   Code   RO         2337    i.HAL_TIM_PWM_ConfigChannel  stm32f4xx_hal_tim.o
    0x08003412   0x08003412   0x00000066   Code   RO         2340    i.HAL_TIM_PWM_Init  stm32f4xx_hal_tim.o
    0x08003478   0x08003478   0x00000002   Code   RO         2342    i.HAL_TIM_PWM_MspInit  stm32f4xx_hal_tim.o
    0x0800347a   0x0800347a   0x00000002   Code   RO         2343    i.HAL_TIM_PWM_PulseFinishedCallback  stm32f4xx_hal_tim.o
    0x0800347c   0x0800347c   0x0000010c   Code   RO         2345    i.HAL_TIM_PWM_Start  stm32f4xx_hal_tim.o
    0x08003588   0x08003588   0x00000018   Code   RO           15    i.HAL_TIM_PeriodElapsedCallback  main.o
    0x080035a0   0x080035a0   0x00000002   Code   RO         2356    i.HAL_TIM_TriggerCallback  stm32f4xx_hal_tim.o
    0x080035a2   0x080035a2   0x00000002   Code   RO         3258    i.HAL_UARTEx_RxEventCallback  stm32f4xx_hal_uart.o
    0x080035a4   0x080035a4   0x00000002   Code   RO         3272    i.HAL_UART_ErrorCallback  stm32f4xx_hal_uart.o
    0x080035a6   0x080035a6   0x00000002   PAD
    0x080035a8   0x080035a8   0x000002e0   Code   RO         3275    i.HAL_UART_IRQHandler  stm32f4xx_hal_uart.o
    0x08003888   0x08003888   0x00000072   Code   RO         3276    i.HAL_UART_Init     stm32f4xx_hal_uart.o
    0x080038fa   0x080038fa   0x00000002   PAD
    0x080038fc   0x080038fc   0x000002cc   Code   RO          482    i.HAL_UART_MspInit  usart.o
    0x08003bc8   0x08003bc8   0x00000002   Code   RO         3282    i.HAL_UART_RxCpltCallback  stm32f4xx_hal_uart.o
    0x08003bca   0x08003bca   0x00000002   Code   RO           16    i.HAL_UART_TxCpltCallback  main.o
    0x08003bcc   0x08003bcc   0x00000004   Code   RO          551    i.HardFault_Handler  stm32f4xx_it.o
    0x08003bd0   0x08003bd0   0x00000040   Code   RO          356    i.MX_CAN1_Init      can.o
    0x08003c10   0x08003c10   0x00000040   Code   RO          357    i.MX_CAN2_Init      can.o
    0x08003c50   0x08003c50   0x00000088   Code   RO          403    i.MX_DMA_Init       dma.o
    0x08003cd8   0x08003cd8   0x00000054   Code   RO          273    i.MX_FREERTOS_Init  freertos.o
    0x08003d2c   0x08003d2c   0x000001c4   Code   RO          248    i.MX_GPIO_Init      gpio.o
    0x08003ef0   0x08003ef0   0x000000c4   Code   RO          430    i.MX_TIM2_Init      tim.o
    0x08003fb4   0x08003fb4   0x00000110   Code   RO          431    i.MX_TIM8_Init      tim.o
    0x080040c4   0x080040c4   0x00000038   Code   RO          483    i.MX_UART8_Init     usart.o
    0x080040fc   0x080040fc   0x00000038   Code   RO          484    i.MX_USART1_UART_Init  usart.o
    0x08004134   0x08004134   0x00000038   Code   RO          485    i.MX_USART6_UART_Init  usart.o
    0x0800416c   0x0800416c   0x00000004   Code   RO          552    i.MemManage_Handler  stm32f4xx_it.o
    0x08004170   0x08004170   0x00000028   Code   RO         6342    i.Micro_switch_feedback  shoot_task.o
    0x08004198   0x08004198   0x0000003a   Code   RO         6267    i.Modbus_CRC16      weight_data.o
    0x080041d2   0x080041d2   0x0000000a   Code   RO          274    i.MotionControlTask  freertos.o
    0x080041dc   0x080041dc   0x0000014c   Code   RO         6343    i.Motor_Angle_Cal   shoot_task.o
    0x08004328   0x08004328   0x00000042   Code   RO         6344    i.Motor_Block       shoot_task.o
    0x0800436a   0x0800436a   0x0000000c   Code   RO         6345    i.Motor_Current_Cal  shoot_task.o
    0x08004376   0x08004376   0x00000002   PAD
    0x08004378   0x08004378   0x0000002c   Code   RO         6346    i.Motor_Speed_Cal   shoot_task.o
    0x080043a4   0x080043a4   0x00000004   Code   RO          553    i.NMI_Handler       stm32f4xx_it.o
    0x080043a8   0x080043a8   0x000001f0   Code   RO         5579    i.PID_calc          pid.o
    0x08004598   0x08004598   0x00000060   Code   RO         5580    i.PID_init          pid.o
    0x080045f8   0x080045f8   0x0000009c   Code   RO         5454    i.RC_init           bsp_rc.o
    0x08004694   0x08004694   0x00000170   Code   RO         6347    i.SERIO_Control     shoot_task.o
    0x08004804   0x08004804   0x00000020   Code   RO         6348    i.Shoot_Set_Mode    shoot_task.o
    0x08004824   0x08004824   0x00000016   Code   RO         4792    i.SysTick_Handler   cmsis_os2.o
    0x0800483a   0x0800483a   0x00000002   PAD
    0x0800483c   0x0800483c   0x000000bc   Code   RO           17    i.SystemClock_Config  main.o
    0x080048f8   0x080048f8   0x00000014   Code   RO         3615    i.SystemInit        system_stm32f4xx.o
    0x0800490c   0x0800490c   0x00000010   Code   RO          554    i.TIM1_UP_TIM10_IRQHandler  stm32f4xx_it.o
    0x0800491c   0x0800491c   0x000000d8   Code   RO         2358    i.TIM_Base_SetConfig  stm32f4xx_hal_tim.o
    0x080049f4   0x080049f4   0x00000022   Code   RO         2359    i.TIM_CCxChannelCmd  stm32f4xx_hal_tim.o
    0x08004a16   0x08004a16   0x00000016   Code   RO         2369    i.TIM_ETR_SetConfig  stm32f4xx_hal_tim.o
    0x08004a2c   0x08004a2c   0x00000012   Code   RO         2370    i.TIM_ITRx_SetConfig  stm32f4xx_hal_tim.o
    0x08004a3e   0x08004a3e   0x00000002   PAD
    0x08004a40   0x08004a40   0x00000070   Code   RO         2371    i.TIM_OC1_SetConfig  stm32f4xx_hal_tim.o
    0x08004ab0   0x08004ab0   0x0000007c   Code   RO         2372    i.TIM_OC2_SetConfig  stm32f4xx_hal_tim.o
    0x08004b2c   0x08004b2c   0x00000078   Code   RO         2373    i.TIM_OC3_SetConfig  stm32f4xx_hal_tim.o
    0x08004ba4   0x08004ba4   0x00000054   Code   RO         2374    i.TIM_OC4_SetConfig  stm32f4xx_hal_tim.o
    0x08004bf8   0x08004bf8   0x00000026   Code   RO         2376    i.TIM_TI1_ConfigInputStage  stm32f4xx_hal_tim.o
    0x08004c1e   0x08004c1e   0x00000028   Code   RO         2378    i.TIM_TI2_ConfigInputStage  stm32f4xx_hal_tim.o
    0x08004c46   0x08004c46   0x00000002   PAD
    0x08004c48   0x08004c48   0x00000124   Code   RO          555    i.UART8_IRQHandler  stm32f4xx_it.o
    0x08004d6c   0x08004d6c   0x00000014   Code   RO         3289    i.UART_DMAAbortOnError  stm32f4xx_hal_uart.o
    0x08004d80   0x08004d80   0x0000006c   Code   RO         3299    i.UART_EndRxTransfer  stm32f4xx_hal_uart.o
    0x08004dec   0x08004dec   0x00000020   Code   RO         3300    i.UART_EndTransmit_IT  stm32f4xx_hal_uart.o
    0x08004e0c   0x08004e0c   0x000000f8   Code   RO         3302    i.UART_Receive_IT   stm32f4xx_hal_uart.o
    0x08004f04   0x08004f04   0x0000022c   Code   RO         3303    i.UART_SetConfig    stm32f4xx_hal_uart.o
    0x08005130   0x08005130   0x00000060   Code   RO         3306    i.UART_Transmit_IT  stm32f4xx_hal_uart.o
    0x08005190   0x08005190   0x00000014   Code   RO          556    i.USART1_IRQHandler  stm32f4xx_it.o
    0x080051a4   0x080051a4   0x00000014   Code   RO          557    i.USART6_IRQHandler  stm32f4xx_it.o
    0x080051b8   0x080051b8   0x00000004   Code   RO          558    i.UsageFault_Handler  stm32f4xx_it.o
    0x080051bc   0x080051bc   0x000000ac   Code   RO         6239    i.WD_init           bsp_wd.o
    0x08005268   0x08005268   0x00000010   Code   RO         1871    i.__NVIC_GetPriorityGrouping  stm32f4xx_hal_cortex.o
    0x08005278   0x08005278   0x00000028   Code   RO         1872    i.__NVIC_SetPriority  stm32f4xx_hal_cortex.o
    0x080052a0   0x080052a0   0x00000006   Code   RO         4794    i.__get_IPSR        cmsis_os2.o
    0x080052a6   0x080052a6   0x00000006   Code   RO         5954    i.__get_PRIMASK     fifo.o
    0x080052ac   0x080052ac   0x00000004   PAD
    0x080052b0   0x080052b0   0x00000038   Code   RO         6780    i.__hardfp_atof     m_wm.l(atof.o)
    0x080052e8   0x080052e8   0x0000000c   Code   RO         6870    i.__read_errno      mc_w.l(errno.o)
    0x080052f4   0x080052f4   0x0000000e   Code   RO         6900    i.__scatterload_copy  mc_w.l(handlers.o)
    0x08005302   0x08005302   0x00000002   Code   RO         6901    i.__scatterload_null  mc_w.l(handlers.o)
    0x08005304   0x08005304   0x0000000e   Code   RO         6902    i.__scatterload_zeroinit  mc_w.l(handlers.o)
    0x08005312   0x08005312   0x00000006   Code   RO         5955    i.__set_PRIMASK     fifo.o
    0x08005318   0x08005318   0x0000000c   Code   RO         6871    i.__set_errno       mc_w.l(errno.o)
    0x08005324   0x08005324   0x0000000e   Code   RO         6889    i._is_digit         mc_w.l(scanf_fp.o)
    0x08005332   0x08005332   0x00000002   PAD
    0x08005334   0x08005334   0x000000b8   Code   RO         6269    i.decode_weight_data  weight_data.o
    0x080053ec   0x080053ec   0x0000003a   Code   RO         5973    i.fifo_s_get        fifo.o
    0x08005426   0x08005426   0x00000016   Code   RO         5976    i.fifo_s_init       fifo.o
    0x0800543c   0x0800543c   0x000000a0   Code   RO         5982    i.fifo_s_puts       fifo.o
    0x080054dc   0x080054dc   0x00000006   Code   RO         5984    i.fifo_s_used       fifo.o
    0x080054e2   0x080054e2   0x00000002   PAD
    0x080054e4   0x080054e4   0x00000034   Code   RO         6180    i.get_CRC16_check_sum  crc8_crc16.o
    0x08005518   0x08005518   0x00000024   Code   RO         6181    i.get_CRC8_check_sum  crc8_crc16.o
    0x0800553c   0x0800553c   0x00000008   Code   RO         5482    i.get_remote_control_point  remote_control.o
    0x08005544   0x08005544   0x000000ec   Code   RO         5909    i.huart8_init       referee_usart_task.o
    0x08005630   0x08005630   0x000000c0   Code   RO         5848    i.init_referee_struct_data  referee.o
    0x080056f0   0x080056f0   0x00000040   Code   RO           18    i.main              main.o
    0x08005730   0x08005730   0x00000078   Code   RO         6349    i.missile_angle_control_loop  shoot_task.o
    0x080057a8   0x080057a8   0x00000078   Code   RO         6350    i.missile_reload_angle_control_loop  shoot_task.o
    0x08005820   0x08005820   0x00000078   Code   RO         6351    i.missile_spring_angle_control_loop  shoot_task.o
    0x08005898   0x08005898   0x00000078   Code   RO         6352    i.missile_yaw_angle_control_loop  shoot_task.o
    0x08005910   0x08005910   0x0000001e   Code   RO         4795    i.osDelay           cmsis_os2.o
    0x0800592e   0x0800592e   0x00000002   PAD
    0x08005930   0x08005930   0x0000002c   Code   RO         4809    i.osKernelInitialize  cmsis_os2.o
    0x0800595c   0x0800595c   0x00000060   Code   RO         4812    i.osKernelStart     cmsis_os2.o
    0x080059bc   0x080059bc   0x000000b8   Code   RO         4854    i.osThreadNew       cmsis_os2.o
    0x08005a74   0x08005a74   0x0000007c   Code   RO         4232    i.prvAddCurrentTaskToDelayedList  tasks.o
    0x08005af0   0x08005af0   0x000000b8   Code   RO         4233    i.prvAddNewTaskToReadyList  tasks.o
    0x08005ba8   0x08005ba8   0x00000074   Code   RO         4608    i.prvCheckForValidListAndQueue  timers.o
    0x08005c1c   0x08005c1c   0x00000048   Code   RO         4234    i.prvCheckTasksWaitingTermination  tasks.o
    0x08005c64   0x08005c64   0x0000002a   Code   RO         3819    i.prvCopyDataFromQueue  queue.o
    0x08005c8e   0x08005c8e   0x0000007e   Code   RO         3820    i.prvCopyDataToQueue  queue.o
    0x08005d0c   0x08005d0c   0x00000050   Code   RO         4235    i.prvDeleteTCB      tasks.o
    0x08005d5c   0x08005d5c   0x00000014   Code   RO         3821    i.prvGetDisinheritPriorityAfterTimeout  queue.o
    0x08005d70   0x08005d70   0x00000028   Code   RO         4609    i.prvGetNextExpireTime  timers.o
    0x08005d98   0x08005d98   0x0000007c   Code   RO         5319    i.prvHeapInit       heap_4.o
    0x08005e14   0x08005e14   0x00000028   Code   RO         4236    i.prvIdleTask       tasks.o
    0x08005e3c   0x08005e3c   0x0000002a   Code   RO         3823    i.prvInitialiseNewQueue  queue.o
    0x08005e66   0x08005e66   0x000000be   Code   RO         4237    i.prvInitialiseNewTask  tasks.o
    0x08005f24   0x08005f24   0x00000068   Code   RO         4238    i.prvInitialiseTaskLists  tasks.o
    0x08005f8c   0x08005f8c   0x00000068   Code   RO         5320    i.prvInsertBlockIntoFreeList  heap_4.o
    0x08005ff4   0x08005ff4   0x00000058   Code   RO         4611    i.prvInsertTimerInActiveList  timers.o
    0x0800604c   0x0800604c   0x0000001a   Code   RO         3824    i.prvIsQueueEmpty   queue.o
    0x08006066   0x08006066   0x0000001e   Code   RO         3825    i.prvIsQueueFull    queue.o
    0x08006084   0x08006084   0x00000074   Code   RO         4612    i.prvProcessExpiredTimer  timers.o
    0x080060f8   0x080060f8   0x00000164   Code   RO         4613    i.prvProcessReceivedCommands  timers.o
    0x0800625c   0x0800625c   0x00000074   Code   RO         4614    i.prvProcessTimerOrBlockTask  timers.o
    0x080062d0   0x080062d0   0x00000034   Code   RO         4240    i.prvResetNextTaskUnblockTime  tasks.o
    0x08006304   0x08006304   0x0000002c   Code   RO         4615    i.prvSampleTimeNow  timers.o
    0x08006330   0x08006330   0x000000a4   Code   RO         4616    i.prvSwitchTimerLists  timers.o
    0x080063d4   0x080063d4   0x00000040   Code   RO         5375    i.prvTaskExitError  port.o
    0x08006414   0x08006414   0x0000001a   Code   RO         4617    i.prvTimerTask      timers.o
    0x0800642e   0x0800642e   0x0000007e   Code   RO         3826    i.prvUnlockQueue    queue.o
    0x080064ac   0x080064ac   0x0000014c   Code   RO         5321    i.pvPortMalloc      heap_4.o
    0x080065f8   0x080065f8   0x00000020   Code   RO         4243    i.pvTaskIncrementMutexHeldCount  tasks.o
    0x08006618   0x08006618   0x0000002c   Code   RO         5376    i.pxPortInitialiseStack  port.o
    0x08006644   0x08006644   0x0000000c   Code   RO          275    i.refereeTask       freertos.o
    0x08006650   0x08006650   0x000001a4   Code   RO         5849    i.referee_data_solve  referee.o
    0x080067f4   0x080067f4   0x0000014c   Code   RO         5910    i.referee_unpack_fifo_data  referee_usart_task.o
    0x08006940   0x08006940   0x00000038   Code   RO         5911    i.referee_usart_task  referee_usart_task.o
    0x08006978   0x08006978   0x00000124   Code   RO         5483    i.remote_control_IRQ  remote_control.o
    0x08006a9c   0x08006a9c   0x00000014   Code   RO         5484    i.remote_control_init  remote_control.o
    0x08006ab0   0x08006ab0   0x000000da   Code   RO         5485    i.sbus_to_rc        remote_control.o
    0x08006b8a   0x08006b8a   0x00000002   PAD
    0x08006b8c   0x08006b8c   0x000007f8   Code   RO         6353    i.shoot_control_loop  shoot_task.o
    0x08007384   0x08007384   0x0000016c   Code   RO         6354    i.shoot_init        shoot_task.o
    0x080074f0   0x080074f0   0x000000a0   Code   RO         6355    i.shoot_set_control  shoot_task.o
    0x08007590   0x08007590   0x000000ac   Code   RO         6356    i.shoot_set_mode    shoot_task.o
    0x0800763c   0x0800763c   0x00000088   Code   RO         6357    i.shoot_task        shoot_task.o
    0x080076c4   0x080076c4   0x00000028   Code   RO         3779    i.uxListRemove      list.o
    0x080076ec   0x080076ec   0x00000018   Code   RO         4866    i.vApplicationGetIdleTaskMemory  cmsis_os2.o
    0x08007704   0x08007704   0x00000018   Code   RO         4867    i.vApplicationGetTimerTaskMemory  cmsis_os2.o
    0x0800771c   0x0800771c   0x0000001a   Code   RO         3780    i.vListInitialise   list.o
    0x08007736   0x08007736   0x00000006   Code   RO         3781    i.vListInitialiseItem  list.o
    0x0800773c   0x0800773c   0x00000034   Code   RO         3782    i.vListInsert       list.o
    0x08007770   0x08007770   0x00000018   Code   RO         3783    i.vListInsertEnd    list.o
    0x08007788   0x08007788   0x00000054   Code   RO         5378    i.vPortEnterCritical  port.o
    0x080077dc   0x080077dc   0x0000003c   Code   RO         5379    i.vPortExitCritical  port.o
    0x08007818   0x08007818   0x000000a4   Code   RO         5322    i.vPortFree         heap_4.o
    0x080078bc   0x080078bc   0x00000028   Code   RO         5380    i.vPortSetupTimerInterrupt  port.o
    0x080078e4   0x080078e4   0x00000078   Code   RO         5381    i.vPortValidateInterruptPriority  port.o
    0x0800795c   0x0800795c   0x0000002c   Code   RO         3832    i.vQueueAddToRegistry  queue.o
    0x08007988   0x08007988   0x0000004a   Code   RO         3836    i.vQueueWaitForMessageRestricted  queue.o
    0x080079d2   0x080079d2   0x00000002   PAD
    0x080079d4   0x080079d4   0x0000005c   Code   RO         4253    i.vTaskDelay        tasks.o
    0x08007a30   0x08007a30   0x00000018   Code   RO         4258    i.vTaskInternalSetTimeOutState  tasks.o
    0x08007a48   0x08007a48   0x0000000c   Code   RO         4259    i.vTaskMissedYield  tasks.o
    0x08007a54   0x08007a54   0x00000038   Code   RO         4261    i.vTaskPlaceOnEventList  tasks.o
    0x08007a8c   0x08007a8c   0x00000040   Code   RO         4262    i.vTaskPlaceOnEventListRestricted  tasks.o
    0x08007acc   0x08007acc   0x000000d0   Code   RO         4264    i.vTaskPriorityDisinheritAfterTimeout  tasks.o
    0x08007b9c   0x08007b9c   0x000000b8   Code   RO         4270    i.vTaskStartScheduler  tasks.o
    0x08007c54   0x08007c54   0x00000010   Code   RO         4272    i.vTaskSuspendAll   tasks.o
    0x08007c64   0x08007c64   0x00000090   Code   RO         4273    i.vTaskSwitchContext  tasks.o
    0x08007cf4   0x08007cf4   0x00000040   Code   RO         6182    i.verify_CRC16_check_sum  crc8_crc16.o
    0x08007d34   0x08007d34   0x0000002e   Code   RO         6183    i.verify_CRC8_check_sum  crc8_crc16.o
    0x08007d62   0x08007d62   0x00000002   PAD
    0x08007d64   0x08007d64   0x0000014c   Code   RO         6270    i.weight_data_IRQ   weight_data.o
    0x08007eb0   0x08007eb0   0x00000014   Code   RO         6271    i.weight_data_init  weight_data.o
    0x08007ec4   0x08007ec4   0x00000168   Code   RO         5382    i.xPortStartScheduler  port.o
    0x0800802c   0x0800802c   0x00000034   Code   RO         5383    i.xPortSysTickHandler  port.o
    0x08008060   0x08008060   0x000000e0   Code   RO         3842    i.xQueueGenericCreateStatic  queue.o
    0x08008140   0x08008140   0x00000098   Code   RO         3843    i.xQueueGenericReset  queue.o
    0x080081d8   0x080081d8   0x000001a8   Code   RO         3844    i.xQueueGenericSend  queue.o
    0x08008380   0x08008380   0x000000fc   Code   RO         3845    i.xQueueGenericSendFromISR  queue.o
    0x0800847c   0x0800847c   0x000000e0   Code   RO         3848    i.xQueueGiveFromISR  queue.o
    0x0800855c   0x0800855c   0x00000168   Code   RO         3854    i.xQueueReceive     queue.o
    0x080086c4   0x080086c4   0x000001b8   Code   RO         3856    i.xQueueSemaphoreTake  queue.o
    0x0800887c   0x0800887c   0x0000008c   Code   RO         4275    i.xTaskCheckForTimeOut  tasks.o
    0x08008908   0x08008908   0x00000064   Code   RO         4276    i.xTaskCreate       tasks.o
    0x0800896c   0x0800896c   0x000000ba   Code   RO         4277    i.xTaskCreateStatic  tasks.o
    0x08008a26   0x08008a26   0x00000002   PAD
    0x08008a28   0x08008a28   0x00000020   Code   RO         4281    i.xTaskGetSchedulerState  tasks.o
    0x08008a48   0x08008a48   0x0000000c   Code   RO         4282    i.xTaskGetTickCount  tasks.o
    0x08008a54   0x08008a54   0x00000144   Code   RO         4284    i.xTaskIncrementTick  tasks.o
    0x08008b98   0x08008b98   0x000000a4   Code   RO         4287    i.xTaskPriorityDisinherit  tasks.o
    0x08008c3c   0x08008c3c   0x000000a4   Code   RO         4288    i.xTaskPriorityInherit  tasks.o
    0x08008ce0   0x08008ce0   0x00000098   Code   RO         4289    i.xTaskRemoveFromEventList  tasks.o
    0x08008d78   0x08008d78   0x00000104   Code   RO         4290    i.xTaskResumeAll    tasks.o
    0x08008e7c   0x08008e7c   0x00000078   Code   RO         4626    i.xTimerCreateTimerTask  timers.o
    0x08008ef4   0x08008ef4   0x00000084   Code   RO         4627    i.xTimerGenericCommand  timers.o
    0x08008f78   0x08008f78   0x0000006c   Data   RO          276    .constdata          freertos.o
    0x08008fe4   0x08008fe4   0x00000008   Data   RO         1570    .constdata          stm32f4xx_hal_dma.o
    0x08008fec   0x08008fec   0x00000018   Data   RO         3616    .constdata          system_stm32f4xx.o
    0x08009004   0x08009004   0x00000302   Data   RO         6184    .constdata          crc8_crc16.o
    0x08009306   0x08009306   0x00000002   PAD
    0x08009308   0x08009308   0x00000064   Data   RO         6359    .constdata          shoot_task.o
    0x0800936c   0x0800936c   0x00000040   Data   RO         6894    .constdata          mc_w.l(ctype_c.o)
    0x080093ac   0x080093ac   0x00000027   Data   RO          277    .conststring        freertos.o
    0x080093d3   0x080093d3   0x00000001   PAD
    0x080093d4   0x080093d4   0x00000020   Data   RO         6898    Region$$Table       anon$$obj.o


    Execution Region RW_IRAM2 (Exec base: 0x10000000, Load base: 0x08009418, Size: 0x00000000, Max: 0x00010000, ABSOLUTE)

    **** No section assigned to this execution region ****


    Execution Region RW_IRAM1 (Exec base: 0x20000000, Load base: 0x080093f4, Size: 0x000067d0, Max: 0x00030000, ABSOLUTE, COMPRESSED[0x00000024])

    Exec Addr    Load Addr    Size         Type   Attr      Idx    E Section Name        Object

    0x20000000   COMPRESSED   0x0000000c   Data   RW          278    .data               freertos.o
    0x2000000c   COMPRESSED   0x00000004   Data   RW          359    .data               can.o
    0x20000010   COMPRESSED   0x00000002   Data   RW          559    .data               stm32f4xx_it.o
    0x20000012   COMPRESSED   0x00000002   PAD
    0x20000014   COMPRESSED   0x00000009   Data   RW         2022    .data               stm32f4xx_hal.o
    0x2000001d   COMPRESSED   0x00000003   PAD
    0x20000020   COMPRESSED   0x00000004   Data   RW         3617    .data               system_stm32f4xx.o
    0x20000024   COMPRESSED   0x0000003c   Data   RW         4293    .data               tasks.o
    0x20000060   COMPRESSED   0x00000014   Data   RW         4635    .data               timers.o
    0x20000074   COMPRESSED   0x00000004   Data   RW         4869    .data               cmsis_os2.o
    0x20000078   COMPRESSED   0x00000020   Data   RW         5328    .data               heap_4.o
    0x20000098   COMPRESSED   0x0000000c   Data   RW         5384    .data               port.o
    0x200000a4   COMPRESSED   0x00000002   Data   RW         5487    .data               remote_control.o
    0x200000a6   COMPRESSED   0x0000002c   Data   RW         5851    .data               referee.o
    0x200000d2   COMPRESSED   0x00000002   Data   RW         6185    .data               crc8_crc16.o
    0x200000d4   COMPRESSED   0x0000000a   Data   RW         6273    .data               weight_data.o
    0x200000de   COMPRESSED   0x00000002   PAD
    0x200000e0   COMPRESSED   0x0000006a   Data   RW         6360    .data               shoot_task.o
    0x2000014a   COMPRESSED   0x00000002   PAD
    0x2000014c   COMPRESSED   0x00000004   Data   RW         6872    .data               mc_w.l(errno.o)
    0x20000150        -       0x00000050   Zero   RW          358    .bss                can.o
    0x200001a0        -       0x00000090   Zero   RW          432    .bss                tim.o
    0x20000230        -       0x0000067c   Zero   RW          486    .bss                usart.o
    0x200008ac        -       0x00000048   Zero   RW          724    .bss                stm32f4xx_hal_timebase_tim.o
    0x200008f4        -       0x00000040   Zero   RW         3858    .bss                queue.o
    0x20000934        -       0x000004c4   Zero   RW         4292    .bss                tasks.o
    0x20000df8        -       0x00000118   Zero   RW         4634    .bss                timers.o
    0x20000f10        -       0x000006b8   Zero   RW         4868    .bss                cmsis_os2.o
    0x200015c8        -       0x00003c00   Zero   RW         5327    .bss                heap_4.o
    0x200051c8        -       0x0000005e   Zero   RW         5486    .bss                remote_control.o
    0x20005226   COMPRESSED   0x00000002   PAD
    0x20005228        -       0x00000100   Zero   RW         5534    .bss                moto.o
    0x20005328        -       0x00000072   Zero   RW         5850    .bss                referee.o
    0x2000539a   COMPRESSED   0x00000002   PAD
    0x2000539c        -       0x000008a1   Zero   RW         5912    .bss                referee_usart_task.o
    0x20005c3d        -       0x00000030   Zero   RW         6272    .bss                weight_data.o
    0x20005c6d   COMPRESSED   0x00000003   PAD
    0x20005c70        -       0x0000075c   Zero   RW         6358    .bss                shoot_task.o
    0x200063cc   COMPRESSED   0x00000004   PAD
    0x200063d0        -       0x00000400   Zero   RW            1    STACK               startup_stm32f427xx.o


==============================================================================

Image component sizes


      Code (inc. data)   RO Data    RW Data    ZI Data      Debug   Object Name

       156         14          0          0          0       1022   bsp_rc.o
       172         14          0          0          0       1030   bsp_wd.o
       580         42          0          4         80       2618   can.o
       430         38          0          4       1720      62603   cmsis_os2.o
       198         16        770          2          0       3681   crc8_crc16.o
       136          6          0          0          0        878   dma.o
         0          0          0          0          0      19592   event_groups.o
       258          0          0          0          0       9251   fifo.o
       118         38        147         12          0       3290   freertos.o
       452         24          0          0          0       1247   gpio.o
       724         74          0         32      15360       5027   heap_4.o
       148          0          0          0          0       3726   list.o
       344         28          0          0          0     773173   main.o
       636         16          0          0        256       3795   moto.o
       592          8          0          0          0     617942   pid.o
      1014         92          0         12          0      11989   port.o
      2606         26          0          0         64      21642   queue.o
       612        146          0         44        114       8649   referee.o
       624         48          0          0       2209       4020   referee_usart_task.o
       538         36          0          2         94       4720   remote_control.o
      4246        488        100        106       1884     640571   shoot_task.o
        36          8        428          0       1024        852   startup_stm32f427xx.o
        96         20          0          9          0       8378   stm32f4xx_hal.o
      2134          6          0          0          0      14823   stm32f4xx_hal_can.o
       252         22          0          0          0      33834   stm32f4xx_hal_cortex.o
      1246         16          8          0          0       5547   stm32f4xx_hal_dma.o
       586         58          0          0          0       4163   stm32f4xx_hal_gpio.o
        84          6          0          0          0        910   stm32f4xx_hal_msp.o
       140         12          0          0          0       1332   stm32f4xx_hal_pwr_ex.o
      1888         94          0          0          0       6473   stm32f4xx_hal_rcc.o
      2548        172          0          0          0      17765   stm32f4xx_hal_tim.o
       300         30          0          0          0       3449   stm32f4xx_hal_tim_ex.o
       140         18          0          0         72       1547   stm32f4xx_hal_timebase_tim.o
      1916         14          0          0          0       9274   stm32f4xx_hal_uart.o
       572        116          0          2          0      12856   stm32f4xx_it.o
         0          0          0          0          0        400   stream_buffer.o
        20          6         24          4          0       1207   system_stm32f4xx.o
      3212        380          0         60       1220      30819   tasks.o
       752         42          0          0        144       3537   tim.o
      1318        124          0         20        280      30835   timers.o
       884         90          0          0       1660       3807   usart.o
       594         36          0         10         48       4547   weight_data.o

    ----------------------------------------------------------------------
     33344       2424       1512        332      26240    2396821   Object Totals
         0          0         32          0          0          0   (incl. Generated)
        42          0          3          9         11          0   (incl. Padding)

    ----------------------------------------------------------------------

      Code (inc. data)   RO Data    RW Data    ZI Data      Debug   Library Member Name

        56         12          0          0          0        132   atof.o
        58          0          0          0          0          0   __dczerorl.o
        64          0          0          0          0         84   _sgetc.o
        40          6         64          0          0         68   ctype_c.o
         0          0          0          0          0          0   entry.o
         0          0          0          0          0          0   entry10a.o
         0          0          0          0          0          0   entry11a.o
         4          0          0          0          0          0   entry12b.o
         8          4          0          0          0          0   entry2.o
         4          0          0          0          0          0   entry5.o
         0          0          0          0          0          0   entry7b.o
         0          0          0          0          0          0   entry8b.o
         8          4          0          0          0          0   entry9a.o
        24         12          0          4          0        136   errno.o
        30          0          0          0          0          0   handlers.o
        36          8          0          0          0         68   init.o
        10          0          0          0          0         68   isspace_c.o
         0          0          0          0          0          0   iusefp.o
        30          0          0          0          0         68   llshl.o
        36          0          0          0          0         68   llsshr.o
        32          0          0          0          0         68   llushr.o
        36          0          0          0          0         68   memcpya.o
        36          0          0          0          0        108   memseta.o
       878         12          0          0          0        216   scanf_fp.o
       156         12          0          0          0        120   strtod.o
        98          0          0          0          0         92   uldiv.o
        48          0          0          0          0         68   cdrcmple.o
        56          0          0          0          0         88   d2f.o
       334          0          0          0          0        148   dadd.o
       222          0          0          0          0        100   ddiv.o
       186          0          0          0          0        176   depilogue.o
        62          0          0          0          0         80   dfixi.o
        34          0          0          0          0         76   dflti.o
        24          0          0          0          0         76   dfltul.o
       228          0          0          0          0         96   dmul.o
       110          0          0          0          0        168   fepilogue.o

    ----------------------------------------------------------------------
      2956         70         64          4          0       2440   Library Totals
         8          0          0          0          0          0   (incl. Padding)

    ----------------------------------------------------------------------

      Code (inc. data)   RO Data    RW Data    ZI Data      Debug   Library Name

        56         12          0          0          0        132   m_wm.l
      1588         58         64          4          0       1232   mc_w.l
      1304          0          0          0          0       1076   mf_w.l

    ----------------------------------------------------------------------
      2956         70         64          4          0       2440   Library Totals

    ----------------------------------------------------------------------

==============================================================================


      Code (inc. data)   RO Data    RW Data    ZI Data      Debug   

     36300       2494       1576        336      26240    2373153   Grand Totals
     36300       2494       1576         36      26240    2373153   ELF Image Totals (compressed)
     36300       2494       1576         36          0          0   ROM Totals

==============================================================================

    Total RO  Size (Code + RO Data)                37876 (  36.99kB)
    Total RW  Size (RW Data + ZI Data)             26576 (  25.95kB)
    Total ROM Size (Code + RO Data + RW Data)      37912 (  37.02kB)

==============================================================================

