Component: ARM Compiler 5.06 update 7 (build 960) Tool: armlink [4d3601]

==============================================================================

Section Cross References

    startup_stm32f427xx.o(RESET) refers to startup_stm32f427xx.o(STACK) for __initial_sp
    startup_stm32f427xx.o(RESET) refers to startup_stm32f427xx.o(.text) for Reset_Handler
    startup_stm32f427xx.o(RESET) refers to stm32f4xx_it.o(i.NMI_Handler) for NMI_Handler
    startup_stm32f427xx.o(RESET) refers to stm32f4xx_it.o(i.HardFault_Handler) for HardFault_Handler
    startup_stm32f427xx.o(RESET) refers to stm32f4xx_it.o(i.MemManage_Handler) for MemManage_Handler
    startup_stm32f427xx.o(RESET) refers to stm32f4xx_it.o(i.BusFault_Handler) for BusFault_Handler
    startup_stm32f427xx.o(RESET) refers to stm32f4xx_it.o(i.UsageFault_Handler) for UsageFault_Handler
    startup_stm32f427xx.o(RESET) refers to port.o(.emb_text) for SVC_Handler
    startup_stm32f427xx.o(RESET) refers to stm32f4xx_it.o(i.DebugMon_Handler) for DebugMon_Handler
    startup_stm32f427xx.o(RESET) refers to cmsis_os2.o(i.SysTick_Handler) for SysTick_Handler
    startup_stm32f427xx.o(RESET) refers to stm32f4xx_it.o(i.EXTI0_IRQHandler) for EXTI0_IRQHandler
    startup_stm32f427xx.o(RESET) refers to stm32f4xx_it.o(i.DMA1_Stream6_IRQHandler) for DMA1_Stream6_IRQHandler
    startup_stm32f427xx.o(RESET) refers to stm32f4xx_it.o(i.CAN1_TX_IRQHandler) for CAN1_TX_IRQHandler
    startup_stm32f427xx.o(RESET) refers to stm32f4xx_it.o(i.CAN1_RX0_IRQHandler) for CAN1_RX0_IRQHandler
    startup_stm32f427xx.o(RESET) refers to stm32f4xx_it.o(i.CAN1_RX1_IRQHandler) for CAN1_RX1_IRQHandler
    startup_stm32f427xx.o(RESET) refers to stm32f4xx_it.o(i.CAN1_SCE_IRQHandler) for CAN1_SCE_IRQHandler
    startup_stm32f427xx.o(RESET) refers to stm32f4xx_it.o(i.TIM1_UP_TIM10_IRQHandler) for TIM1_UP_TIM10_IRQHandler
    startup_stm32f427xx.o(RESET) refers to stm32f4xx_it.o(i.TIM1_TRG_COM_TIM11_IRQHandler) for TIM1_TRG_COM_TIM11_IRQHandler
    startup_stm32f427xx.o(RESET) refers to stm32f4xx_it.o(i.USART1_IRQHandler) for USART1_IRQHandler
    startup_stm32f427xx.o(RESET) refers to stm32f4xx_it.o(i.DMA2_Stream1_IRQHandler) for DMA2_Stream1_IRQHandler
    startup_stm32f427xx.o(RESET) refers to stm32f4xx_it.o(i.DMA2_Stream2_IRQHandler) for DMA2_Stream2_IRQHandler
    startup_stm32f427xx.o(RESET) refers to stm32f4xx_it.o(i.CAN2_TX_IRQHandler) for CAN2_TX_IRQHandler
    startup_stm32f427xx.o(RESET) refers to stm32f4xx_it.o(i.CAN2_RX0_IRQHandler) for CAN2_RX0_IRQHandler
    startup_stm32f427xx.o(RESET) refers to stm32f4xx_it.o(i.CAN2_RX1_IRQHandler) for CAN2_RX1_IRQHandler
    startup_stm32f427xx.o(RESET) refers to stm32f4xx_it.o(i.CAN2_SCE_IRQHandler) for CAN2_SCE_IRQHandler
    startup_stm32f427xx.o(RESET) refers to stm32f4xx_it.o(i.DMA2_Stream6_IRQHandler) for DMA2_Stream6_IRQHandler
    startup_stm32f427xx.o(RESET) refers to stm32f4xx_it.o(i.USART6_IRQHandler) for USART6_IRQHandler
    startup_stm32f427xx.o(RESET) refers to stm32f4xx_it.o(i.UART8_IRQHandler) for UART8_IRQHandler
    startup_stm32f427xx.o(.text) refers to system_stm32f4xx.o(i.SystemInit) for SystemInit
    startup_stm32f427xx.o(.text) refers to entry.o(.ARM.Collect$$$$00000000) for __main
    main.o(i.BSP_Init) refers to remote_control.o(i.remote_control_init) for remote_control_init
    main.o(i.BSP_Init) refers to weight_data.o(i.weight_data_init) for weight_data_init
    main.o(i.BSP_Init) refers to stm32f4xx_hal_gpio.o(i.HAL_GPIO_WritePin) for HAL_GPIO_WritePin
    main.o(i.BSP_Init) refers to moto.o(i.CAN_Filter_Init) for CAN_Filter_Init
    main.o(i.BSP_Init) refers to stm32f4xx_hal_can.o(i.HAL_CAN_Start) for HAL_CAN_Start
    main.o(i.BSP_Init) refers to can.o(.bss) for hcan1
    main.o(i.BSP_Init) refers (Weak) to can.o(.bss) for hcan2
    main.o(i.HAL_TIM_PeriodElapsedCallback) refers to stm32f4xx_hal.o(i.HAL_IncTick) for HAL_IncTick
    main.o(i.SystemClock_Config) refers to memseta.o(.text) for __aeabi_memclr4
    main.o(i.SystemClock_Config) refers to stm32f4xx_hal_rcc.o(i.HAL_RCC_OscConfig) for HAL_RCC_OscConfig
    main.o(i.SystemClock_Config) refers to main.o(i.Error_Handler) for Error_Handler
    main.o(i.SystemClock_Config) refers to stm32f4xx_hal_pwr_ex.o(i.HAL_PWREx_EnableOverDrive) for HAL_PWREx_EnableOverDrive
    main.o(i.SystemClock_Config) refers to stm32f4xx_hal_rcc.o(i.HAL_RCC_ClockConfig) for HAL_RCC_ClockConfig
    main.o(i.main) refers to stm32f4xx_hal.o(i.HAL_Init) for HAL_Init
    main.o(i.main) refers to main.o(i.SystemClock_Config) for SystemClock_Config
    main.o(i.main) refers to gpio.o(i.MX_GPIO_Init) for MX_GPIO_Init
    main.o(i.main) refers to dma.o(i.MX_DMA_Init) for MX_DMA_Init
    main.o(i.main) refers to can.o(i.MX_CAN1_Init) for MX_CAN1_Init
    main.o(i.main) refers to can.o(i.MX_CAN2_Init) for MX_CAN2_Init
    main.o(i.main) refers to tim.o(i.MX_TIM2_Init) for MX_TIM2_Init
    main.o(i.main) refers to tim.o(i.MX_TIM8_Init) for MX_TIM8_Init
[...]
    .bss                                     0x20005c89   Section       48  weight_data.o(.bss)
    weight_rx_buf                            0x20005c89   Data          48  weight_data.o(.bss)
    .bss                                     0x20005cbc   Section     1884  shoot_task.o(.bss)
    STACK                                    0x20006418   Section     1024  startup_stm32f427xx.o(STACK)

    Global Symbols

    Symbol Name                              Value     Ov Type        Size  Object(Section)

    BuildAttributes$$THM_ISAv4$E$P$D$K$B$S$7EM$VFPi3$EXTD16$VFPS$VFMA$PE$A:L22UL41UL21$X:L11$S22US41US21$IEEE1$IW$USESV6$~STKCKD$USESV7$~SHL$OTIME$ROPI$IEEEJ$EBA8$MICROLIB$REQ8$PRES8$EABIv2 0x00000000   Number         0  anon$$obj.o ABSOLUTE
    __ARM_use_no_argv                        0x00000000   Number         0  main.o ABSOLUTE
    __arm_fini_                               - Undefined Weak Reference
    __cpp_initialize__aeabi_                  - Undefined Weak Reference
    __cxa_finalize                            - Undefined Weak Reference
    _clock_init                               - Undefined Weak Reference
    _microlib_exit                            - Undefined Weak Reference
    __Vectors_Size                           0x000001ac   Number         0  startup_stm32f427xx.o ABSOLUTE
    __Vectors                                0x08000000   Data           4  startup_stm32f427xx.o(RESET)
    __Vectors_End                            0x080001ac   Data           0  startup_stm32f427xx.o(RESET)
    __main                                   0x080001ad   Thumb Code     0  entry.o(.ARM.Collect$$$$00000000)
    _main_stk                                0x080001ad   Thumb Code     0  entry2.o(.ARM.Collect$$$$00000001)
    _main_scatterload                        0x080001b1   Thumb Code     0  entry5.o(.ARM.Collect$$$$00000004)
    __main_after_scatterload                 0x080001b5   Thumb Code     0  entry5.o(.ARM.Collect$$$$00000004)
    _main_clock                              0x080001b5   Thumb Code     0  entry7b.o(.ARM.Collect$$$$00000008)
    _main_cpp_init                           0x080001b5   Thumb Code     0  entry8b.o(.ARM.Collect$$$$0000000A)
    _main_init                               0x080001b5   Thumb Code     0  entry9a.o(.ARM.Collect$$$$0000000B)
    __rt_lib_shutdown_fini                   0x080001bd   Thumb Code     0  entry12b.o(.ARM.Collect$$$$0000000E)
    __rt_final_cpp                           0x080001c1   Thumb Code     0  entry10a.o(.ARM.Collect$$$$0000000F)
    __rt_final_exit                          0x080001c1   Thumb Code     0  entry11a.o(.ARM.Collect$$$$00000011)
    SVC_Handler                              0x080001c5   Thumb Code    28  port.o(.emb_text)
    __asm___6_port_c_39a90d8d__prvStartFirstTask 0x080001e5   Thumb Code    36  port.o(.emb_text)
    __asm___6_port_c_39a90d8d__prvEnableVFP  0x0800020d   Thumb Code    16  port.o(.emb_text)
    PendSV_Handler                           0x08000221   Thumb Code    88  port.o(.emb_text)
    vPortGetIPSR                             0x0800027d   Thumb Code     6  port.o(.emb_text)
    Reset_Handler                            0x08000285   Thumb Code     8  startup_stm32f427xx.o(.text)
    ADC_IRQHandler                           0x0800029f   Thumb Code     0  startup_stm32f427xx.o(.text)
    DCMI_IRQHandler                          0x0800029f   Thumb Code     0  startup_stm32f427xx.o(.text)
    DMA1_Stream0_IRQHandler                  0x0800029f   Thumb Code     0  startup_stm32f427xx.o(.text)
    DMA1_Stream1_IRQHandler                  0x0800029f   Thumb Code     0  startup_stm32f427xx.o(.text)
    DMA1_Stream2_IRQHandler                  0x0800029f   Thumb Code     0  startup_stm32f427xx.o(.text)
    DMA1_Stream3_IRQHandler                  0x0800029f   Thumb Code     0  startup_stm32f427xx.o(.text)
    DMA1_Stream4_IRQHandler                  0x0800029f   Thumb Code     0  startup_stm32f427xx.o(.text)
    DMA1_Stream5_IRQHandler                  0x0800029f   Thumb Code     0  startup_stm32f427xx.o(.text)
    DMA1_Stream7_IRQHandler                  0x0800029f   Thumb Code     0  startup_stm32f427xx.o(.text)
    DMA2D_IRQHandler                         0x0800029f   Thumb Code     0  startup_stm32f427xx.o(.text)
    DMA2_Stream0_IRQHandler                  0x0800029f   Thumb Code     0  startup_stm32f427xx.o(.text)
    DMA2_Stream3_IRQHandler                  0x0800029f   Thumb Code     0  startup_stm32f427xx.o(.text)
    DMA2_Stream4_IRQHandler                  0x0800029f   Thumb Code     0  startup_stm32f427xx.o(.text)
    DMA2_Stream5_IRQHandler                  0x0800029f   Thumb Code     0  startup_stm32f427xx.o(.text)
    DMA2_Stream7_IRQHandler                  0x0800029f   Thumb Code     0  startup_stm32f427xx.o(.text)
    ETH_IRQHandler                           0x0800029f   Thumb Code     0  startup_stm32f427xx.o(.text)
    ETH_WKUP_IRQHandler                      0x0800029f   Thumb Code     0  startup_stm32f427xx.o(.text)
    EXTI15_10_IRQHandler                     0x0800029f   Thumb Code     0  startup_stm32f427xx.o(.text)
    EXTI1_IRQHandler                         0x0800029f   Thumb Code     0  startup_stm32f427xx.o(.text)
    EXTI2_IRQHandler                         0x0800029f   Thumb Code     0  startup_stm32f427xx.o(.text)
    EXTI3_IRQHandler                         0x0800029f   Thumb Code     0  startup_stm32f427xx.o(.text)
    EXTI4_IRQHandler                         0x0800029f   Thumb Code     0  startup_stm32f427xx.o(.text)
    EXTI9_5_IRQHandler                       0x0800029f   Thumb Code     0  startup_stm32f427xx.o(.text)
    FLASH_IRQHandler                         0x0800029f   Thumb Code     0  startup_stm32f427xx.o(.text)
    FMC_IRQHandler                           0x0800029f   Thumb Code     0  startup_stm32f427xx.o(.text)
    FPU_IRQHandler                           0x0800029f   Thumb Code     0  startup_stm32f427xx.o(.text)
    HASH_RNG_IRQHandler                      0x0800029f   Thumb Code     0  startup_stm32f427xx.o(.text)
    I2C1_ER_IRQHandler                       0x0800029f   Thumb Code     0  startup_stm32f427xx.o(.text)
    I2C1_EV_IRQHandler                       0x0800029f   Thumb Code     0  startup_stm32f427xx.o(.text)
    I2C2_ER_IRQHandler                       0x0800029f   Thumb Code     0  startup_stm32f427xx.o(.text)
    I2C2_EV_IRQHandler                       0x0800029f   Thumb Code     0  startup_stm32f427xx.o(.text)
    I2C3_ER_IRQHandler                       0x0800029f   Thumb Code     0  startup_stm32f427xx.o(.text)
    I2C3_EV_IRQHandler                       0x0800029f   Thumb Code     0  startup_stm32f427xx.o(.text)
    OTG_FS_IRQHandler                        0x0800029f   Thumb Code     0  startup_stm32f427xx.o(.text)
    OTG_FS_WKUP_IRQHandler                   0x0800029f   Thumb Code     0  startup_stm32f427xx.o(.text)
    OTG_HS_EP1_IN_IRQHandler                 0x0800029f   Thumb Code     0  startup_stm32f427xx.o(.text)
    OTG_HS_EP1_OUT_IRQHandler                0x0800029f   Thumb Code     0  startup_stm32f427xx.o(.text)
    OTG_HS_IRQHandler                        0x0800029f   Thumb Code     0  startup_stm32f427xx.o(.text)
    OTG_HS_WKUP_IRQHandler                   0x0800029f   Thumb Code     0  startup_stm32f427xx.o(.text)
    PVD_IRQHandler                           0x0800029f   Thumb Code     0  startup_stm32f427xx.o(.text)
    RCC_IRQHandler                           0x0800029f   Thumb Code     0  startup_stm32f427xx.o(.text)
    RTC_Alarm_IRQHandler                     0x0800029f   Thumb Code     0  startup_stm32f427xx.o(.text)
    RTC_WKUP_IRQHandler                      0x0800029f   Thumb Code     0  startup_stm32f427xx.o(.text)
    SAI1_IRQHandler                          0x0800029f   Thumb Code     0  startup_stm32f427xx.o(.text)
    SDIO_IRQHandler                          0x0800029f   Thumb Code     0  startup_stm32f427xx.o(.text)
    SPI1_IRQHandler                          0x0800029f   Thumb Code     0  startup_stm32f427xx.o(.text)
    SPI2_IRQHandler                          0x0800029f   Thumb Code     0  startup_stm32f427xx.o(.text)
    SPI3_IRQHandler                          0x0800029f   Thumb Code     0  startup_stm32f427xx.o(.text)
    SPI4_IRQHandler                          0x0800029f   Thumb Code     0  startup_stm32f427xx.o(.text)
    SPI5_IRQHandler                          0x0800029f   Thumb Code     0  startup_stm32f427xx.o(.text)
    SPI6_IRQHandler                          0x0800029f   Thumb Code     0  startup_stm32f427xx.o(.text)
    TAMP_STAMP_IRQHandler                    0x0800029f   Thumb Code     0  startup_stm32f427xx.o(.text)
    TIM1_BRK_TIM9_IRQHandler                 0x0800029f   Thumb Code     0  startup_stm32f427xx.o(.text)
    TIM1_CC_IRQHandler                       0x0800029f   Thumb Code     0  startup_stm32f427xx.o(.text)
    TIM2_IRQHandler                          0x0800029f   Thumb Code     0  startup_stm32f427xx.o(.text)
    TIM3_IRQHandler                          0x0800029f   Thumb Code     0  startup_stm32f427xx.o(.text)
    TIM4_IRQHandler                          0x0800029f   Thumb Code     0  startup_stm32f427xx.o(.text)
    TIM5_IRQHandler                          0x0800029f   Thumb Code     0  startup_stm32f427xx.o(.text)
    TIM6_DAC_IRQHandler                      0x0800029f   Thumb Code     0  startup_stm32f427xx.o(.text)
    TIM7_IRQHandler                          0x0800029f   Thumb Code     0  startup_stm32f427xx.o(.text)
    TIM8_BRK_TIM12_IRQHandler                0x0800029f   Thumb Code     0  startup_stm32f427xx.o(.text)
    TIM8_CC_IRQHandler                       0x0800029f   Thumb Code     0  startup_stm32f427xx.o(.text)
    TIM8_TRG_COM_TIM14_IRQHandler            0x0800029f   Thumb Code     0  startup_stm32f427xx.o(.text)
    TIM8_UP_TIM13_IRQHandler                 0x0800029f   Thumb Code     0  startup_stm32f427xx.o(.text)
    UART4_IRQHandler                         0x0800029f   Thumb Code     0  startup_stm32f427xx.o(.text)
    UART5_IRQHandler                         0x0800029f   Thumb Code     0  startup_stm32f427xx.o(.text)
    UART7_IRQHandler                         0x0800029f   Thumb Code     0  startup_stm32f427xx.o(.text)
    USART2_IRQHandler                        0x0800029f   Thumb Code     0  startup_stm32f427xx.o(.text)
    USART3_IRQHandler                        0x0800029f   Thumb Code     0  startup_stm32f427xx.o(.text)
    WWDG_IRQHandler                          0x0800029f   Thumb Code     0  startup_stm32f427xx.o(.text)
    __aeabi_uldivmod                         0x080002a9   Thumb Code    98  uldiv.o(.text)
    __aeabi_memcpy                           0x0800030b   Thumb Code    36  memcpya.o(.text)
    __aeabi_memcpy4                          0x0800030b   Thumb Code     0  memcpya.o(.text)
    __aeabi_memcpy8                          0x0800030b   Thumb Code     0  memcpya.o(.text)
    __aeabi_memset                           0x0800032f   Thumb Code    14  memseta.o(.text)
    __aeabi_memset4                          0x0800032f   Thumb Code     0  memseta.o(.text)
    __aeabi_memset8                          0x0800032f   Thumb Code     0  memseta.o(.text)
    __aeabi_memclr                           0x0800033d   Thumb Code     4  memseta.o(.text)
    __aeabi_memclr4                          0x0800033d   Thumb Code     0  memseta.o(.text)
    __aeabi_memclr8                          0x0800033d   Thumb Code     0  memseta.o(.text)
    memset                                   0x08000341   Thumb Code    18  memseta.o(.text)
    __aeabi_dadd                             0x08000353   Thumb Code   322  dadd.o(.text)
    __aeabi_dsub                             0x08000495   Thumb Code     6  dadd.o(.text)
    __aeabi_drsub                            0x0800049b   Thumb Code     6  dadd.o(.text)
    __aeabi_dmul                             0x080004a1   Thumb Code   228  dmul.o(.text)
    __aeabi_ddiv                             0x08000585   Thumb Code   222  ddiv.o(.text)
    __aeabi_i2d                              0x08000663   Thumb Code    34  dflti.o(.text)
    __aeabi_d2iz                             0x08000685   Thumb Code    62  dfixi.o(.text)
    __aeabi_cdrcmple                         0x080006c5   Thumb Code    48  cdrcmple.o(.text)
    __aeabi_d2f                              0x080006f5   Thumb Code    56  d2f.o(.text)
    __aeabi_llsl                             0x0800072d   Thumb Code    30  llshl.o(.text)
    _ll_shift_l                              0x0800072d   Thumb Code     0  llshl.o(.text)
    __aeabi_llsr                             0x0800074b   Thumb Code    32  llushr.o(.text)
    _ll_ushift_r                             0x0800074b   Thumb Code     0  llushr.o(.text)
    __aeabi_lasr                             0x0800076b   Thumb Code    36  llsshr.o(.text)
    _ll_sshift_r                             0x0800076b   Thumb Code     0  llsshr.o(.text)
    __strtod_int                             0x080007c7   Thumb Code    90  strtod.o(.text)
    __I$use$fp                               0x0800082d   Thumb Code     0  iusefp.o(.text)
    _float_round                             0x0800082d   Thumb Code    18  fepilogue.o(.text)
    _float_epilogue                          0x0800083f   Thumb Code    92  fepilogue.o(.text)
    _double_round                            0x0800089b   Thumb Code    30  depilogue.o(.text)
    _double_epilogue                         0x080008b9   Thumb Code   156  depilogue.o(.text)
    __scatterload                            0x08000955   Thumb Code    28  init.o(.text)
    __scatterload_rt2                        0x08000955   Thumb Code     0  init.o(.text)
    isspace                                  0x08000979   Thumb Code    10  isspace_c.o(.text)
    _scanf_real                              0x08000aad   Thumb Code     0  scanf_fp.o(.text)
    _scanf_really_real                       0x08000aad   Thumb Code   556  scanf_fp.o(.text)
    _sgetc                                   0x08000ce5   Thumb Code    30  _sgetc.o(.text)
    _sbackspace                              0x08000d03   Thumb Code    34  _sgetc.o(.text)
    __ctype_lookup                           0x08000d25   Thumb Code    34  ctype_c.o(.text)
    __aeabi_ul2d                             0x08000d4d   Thumb Code    24  dfltul.o(.text)
    __decompress                             0x08000d65   Thumb Code     0  __dczerorl.o(.text)
    __decompress0                            0x08000d65   Thumb Code    58  __dczerorl.o(.text)
    ActionControlTask                        0x08000d9f   Thumb Code    12  freertos.o(i.ActionControlTask)
    BSP_Init                                 0x08000dad   Thumb Code    46  main.o(i.BSP_Init)
    BusFault_Handler                         0x08000de9   Thumb Code     4  stm32f4xx_it.o(i.BusFault_Handler)
    CAN1_RX0_IRQHandler                      0x08000ded   Thumb Code    10  stm32f4xx_it.o(i.CAN1_RX0_IRQHandler)
    CAN1_RX1_IRQHandler                      0x08000dfd   Thumb Code    10  stm32f4xx_it.o(i.CAN1_RX1_IRQHandler)
    CAN1_SCE_IRQHandler                      0x08000e0d   Thumb Code    10  stm32f4xx_it.o(i.CAN1_SCE_IRQHandler)
    CAN1_TX_IRQHandler                       0x08000e1d   Thumb Code    10  stm32f4xx_it.o(i.CAN1_TX_IRQHandler)
    CAN2_RX0_IRQHandler                      0x08000e2d   Thumb Code    10  stm32f4xx_it.o(i.CAN2_RX0_IRQHandler)
    CAN2_RX1_IRQHandler                      0x08000e3d   Thumb Code    10  stm32f4xx_it.o(i.CAN2_RX1_IRQHandler)
    CAN2_SCE_IRQHandler                      0x08000e4d   Thumb Code    10  stm32f4xx_it.o(i.CAN2_SCE_IRQHandler)
    CAN2_TX_IRQHandler                       0x08000e5d   Thumb Code    10  stm32f4xx_it.o(i.CAN2_TX_IRQHandler)
    CAN_CMD_MOTO                             0x08000e6d   Thumb Code   100  moto.o(i.CAN_CMD_MOTO)
    CAN_Filter_Init                          0x08000ed1   Thumb Code    68  moto.o(i.CAN_Filter_Init)
    DMA1_Stream6_IRQHandler                  0x08000f15   Thumb Code    10  stm32f4xx_it.o(i.DMA1_Stream6_IRQHandler)
    DMA2_Stream1_IRQHandler                  0x08000f25   Thumb Code    10  stm32f4xx_it.o(i.DMA2_Stream1_IRQHandler)
    DMA2_Stream2_IRQHandler                  0x08000f35   Thumb Code    10  stm32f4xx_it.o(i.DMA2_Stream2_IRQHandler)
    DMA2_Stream6_IRQHandler                  0x08000f45   Thumb Code    10  stm32f4xx_it.o(i.DMA2_Stream6_IRQHandler)
    DebugMon_Handler                         0x08001033   Thumb Code     2  stm32f4xx_it.o(i.DebugMon_Handler)
    EXTI0_IRQHandler                         0x08001035   Thumb Code    10  stm32f4xx_it.o(i.EXTI0_IRQHandler)
    Error_Handler                            0x0800103f   Thumb Code     6  main.o(i.Error_Handler)
    HAL_CAN_ActivateNotification             0x08001045   Thumb Code    42  stm32f4xx_hal_can.o(i.HAL_CAN_ActivateNotification)
    HAL_CAN_AddTxMessage                     0x0800106f   Thumb Code   342  stm32f4xx_hal_can.o(i.HAL_CAN_AddTxMessage)
    HAL_CAN_ConfigFilter                     0x080011c5   Thumb Code   286  stm32f4xx_hal_can.o(i.HAL_CAN_ConfigFilter)
    HAL_CAN_ErrorCallback                    0x080012e9   Thumb Code     2  stm32f4xx_hal_can.o(i.HAL_CAN_ErrorCallback)
    HAL_CAN_GetRxMessage                     0x080012eb   Thumb Code   378  stm32f4xx_hal_can.o(i.HAL_CAN_GetRxMessage)
    HAL_CAN_IRQHandler                       0x08001465   Thumb Code   590  stm32f4xx_hal_can.o(i.HAL_CAN_IRQHandler)
    HAL_CAN_Init                             0x080016b3   Thumb Code   372  stm32f4xx_hal_can.o(i.HAL_CAN_Init)
    HAL_CAN_MspInit                          0x08001829   Thumb Code   426  can.o(i.HAL_CAN_MspInit)
    HAL_CAN_RxFifo0FullCallback              0x080019ed   Thumb Code     2  stm32f4xx_hal_can.o(i.HAL_CAN_RxFifo0FullCallback)
    HAL_CAN_RxFifo0MsgPendingCallback        0x080019f1   Thumb Code   452  moto.o(i.HAL_CAN_RxFifo0MsgPendingCallback)
    HAL_CAN_RxFifo1FullCallback              0x08001bc5   Thumb Code     2  stm32f4xx_hal_can.o(i.HAL_CAN_RxFifo1FullCallback)
    HAL_CAN_RxFifo1MsgPendingCallback        0x08001bc7   Thumb Code     2  stm32f4xx_hal_can.o(i.HAL_CAN_RxFifo1MsgPendingCallback)
    HAL_CAN_SleepCallback                    0x08001bc9   Thumb Code     2  stm32f4xx_hal_can.o(i.HAL_CAN_SleepCallback)
    HAL_CAN_Start                            0x08001bcb   Thumb Code    94  stm32f4xx_hal_can.o(i.HAL_CAN_Start)
    HAL_CAN_TxMailbox0AbortCallback          0x08001c29   Thumb Code     2  stm32f4xx_hal_can.o(i.HAL_CAN_TxMailbox0AbortCallback)
    HAL_CAN_TxMailbox0CompleteCallback       0x08001c2b   Thumb Code     2  stm32f4xx_hal_can.o(i.HAL_CAN_TxMailbox0CompleteCallback)
    HAL_CAN_TxMailbox1AbortCallback          0x08001c2d   Thumb Code     2  stm32f4xx_hal_can.o(i.HAL_CAN_TxMailbox1AbortCallback)
    HAL_CAN_TxMailbox1CompleteCallback       0x08001c2f   Thumb Code     2  stm32f4xx_hal_can.o(i.HAL_CAN_TxMailbox1CompleteCallback)
    HAL_CAN_TxMailbox2AbortCallback          0x08001c31   Thumb Code     2  stm32f4xx_hal_can.o(i.HAL_CAN_TxMailbox2AbortCallback)
    HAL_CAN_TxMailbox2CompleteCallback       0x08001c33   Thumb Code     2  stm32f4xx_hal_can.o(i.HAL_CAN_TxMailbox2CompleteCallback)
    HAL_CAN_WakeUpFromRxMsgCallback          0x08001c35   Thumb Code     2  stm32f4xx_hal_can.o(i.HAL_CAN_WakeUpFromRxMsgCallback)
    HAL_DMA_Abort                            0x08001c37   Thumb Code   172  stm32f4xx_hal_dma.o(i.HAL_DMA_Abort)
    HAL_DMA_Abort_IT                         0x08001ce3   Thumb Code    40  stm32f4xx_hal_dma.o(i.HAL_DMA_Abort_IT)
    HAL_DMA_IRQHandler                       0x08001d0d   Thumb Code   570  stm32f4xx_hal_dma.o(i.HAL_DMA_IRQHandler)
    HAL_DMA_Init                             0x08001f4d   Thumb Code   232  stm32f4xx_hal_dma.o(i.HAL_DMA_Init)
    HAL_GPIO_EXTI_Callback                   0x08002039   Thumb Code     2  stm32f4xx_hal_gpio.o(i.HAL_GPIO_EXTI_Callback)
    HAL_GPIO_EXTI_IRQHandler                 0x0800203d   Thumb Code    24  stm32f4xx_hal_gpio.o(i.HAL_GPIO_EXTI_IRQHandler)
    HAL_GPIO_Init                            0x08002059   Thumb Code   474  stm32f4xx_hal_gpio.o(i.HAL_GPIO_Init)
    HAL_GPIO_ReadPin                         0x08002269   Thumb Code    16  stm32f4xx_hal_gpio.o(i.HAL_GPIO_ReadPin)
    HAL_GPIO_WritePin                        0x08002279   Thumb Code    12  stm32f4xx_hal_gpio.o(i.HAL_GPIO_WritePin)
    HAL_GetTick                              0x08002285   Thumb Code     6  stm32f4xx_hal.o(i.HAL_GetTick)
    HAL_IncTick                              0x08002291   Thumb Code    16  stm32f4xx_hal.o(i.HAL_IncTick)
    HAL_Init                                 0x080022a9   Thumb Code    54  stm32f4xx_hal.o(i.HAL_Init)
    HAL_InitTick                             0x080022e5   Thumb Code   122  stm32f4xx_hal_timebase_tim.o(i.HAL_InitTick)
    HAL_MspInit                              0x08002371   Thumb Code    78  stm32f4xx_hal_msp.o(i.HAL_MspInit)
    HAL_NVIC_EnableIRQ                       0x080023c5   Thumb Code    32  stm32f4xx_hal_cortex.o(i.HAL_NVIC_EnableIRQ)
    HAL_NVIC_SetPriority                     0x080023e5   Thumb Code   124  stm32f4xx_hal_cortex.o(i.HAL_NVIC_SetPriority)
    HAL_NVIC_SetPriorityGrouping             0x08002461   Thumb Code    32  stm32f4xx_hal_cortex.o(i.HAL_NVIC_SetPriorityGrouping)
    HAL_PWREx_EnableOverDrive                0x08002489   Thumb Code   128  stm32f4xx_hal_pwr_ex.o(i.HAL_PWREx_EnableOverDrive)
    HAL_RCC_ClockConfig                      0x08002515   Thumb Code   368  stm32f4xx_hal_rcc.o(i.HAL_RCC_ClockConfig)
    HAL_RCC_GetClockConfig                   0x08002699   Thumb Code    58  stm32f4xx_hal_rcc.o(i.HAL_RCC_GetClockConfig)
    HAL_RCC_GetHCLKFreq                      0x080026dd   Thumb Code     6  stm32f4xx_hal_rcc.o(i.HAL_RCC_GetHCLKFreq)
    HAL_RCC_GetPCLK1Freq                     0x080026e9   Thumb Code    22  stm32f4xx_hal_rcc.o(i.HAL_RCC_GetPCLK1Freq)
    HAL_RCC_GetPCLK2Freq                     0x08002709   Thumb Code    22  stm32f4xx_hal_rcc.o(i.HAL_RCC_GetPCLK2Freq)
    HAL_RCC_GetSysClockFreq                  0x08002729   Thumb Code   162  stm32f4xx_hal_rcc.o(i.HAL_RCC_GetSysClockFreq)
    HAL_RCC_OscConfig                        0x080027d9   Thumb Code  1172  stm32f4xx_hal_rcc.o(i.HAL_RCC_OscConfig)
    HAL_TIMEx_BreakCallback                  0x08002c75   Thumb Code     2  stm32f4xx_hal_tim_ex.o(i.HAL_TIMEx_BreakCallback)
    HAL_TIMEx_CommutCallback                 0x08002c77   Thumb Code     2  stm32f4xx_hal_tim_ex.o(i.HAL_TIMEx_CommutCallback)
    HAL_TIMEx_ConfigBreakDeadTime            0x08002c79   Thumb Code   116  stm32f4xx_hal_tim_ex.o(i.HAL_TIMEx_ConfigBreakDeadTime)
    HAL_TIMEx_MasterConfigSynchronization    0x08002ced   Thumb Code   150  stm32f4xx_hal_tim_ex.o(i.HAL_TIMEx_MasterConfigSynchronization)
    HAL_TIM_Base_Init                        0x08002da1   Thumb Code   102  stm32f4xx_hal_tim.o(i.HAL_TIM_Base_Init)
    HAL_TIM_Base_MspInit                     0x08002e09   Thumb Code   150  tim.o(i.HAL_TIM_Base_MspInit)
    HAL_TIM_Base_Start                       0x08002ead   Thumb Code   126  stm32f4xx_hal_tim.o(i.HAL_TIM_Base_Start)
    HAL_TIM_Base_Start_IT                    0x08002f49   Thumb Code   138  stm32f4xx_hal_tim.o(i.HAL_TIM_Base_Start_IT)
    HAL_TIM_ConfigClockSource                0x08002ff1   Thumb Code   268  stm32f4xx_hal_tim.o(i.HAL_TIM_ConfigClockSource)
    HAL_TIM_IC_CaptureCallback               0x080030fd   Thumb Code     2  stm32f4xx_hal_tim.o(i.HAL_TIM_IC_CaptureCallback)
    HAL_TIM_IRQHandler                       0x080030ff   Thumb Code   406  stm32f4xx_hal_tim.o(i.HAL_TIM_IRQHandler)
    HAL_TIM_MspPostInit                      0x08003295   Thumb Code   166  tim.o(i.HAL_TIM_MspPostInit)
    HAL_TIM_OC_DelayElapsedCallback          0x08003351   Thumb Code     2  stm32f4xx_hal_tim.o(i.HAL_TIM_OC_DelayElapsedCallback)
    HAL_TIM_PWM_ConfigChannel                0x08003353   Thumb Code   260  stm32f4xx_hal_tim.o(i.HAL_TIM_PWM_ConfigChannel)
    HAL_TIM_PWM_Init                         0x08003457   Thumb Code   102  stm32f4xx_hal_tim.o(i.HAL_TIM_PWM_Init)
    HAL_TIM_PWM_MspInit                      0x080034bd   Thumb Code     2  stm32f4xx_hal_tim.o(i.HAL_TIM_PWM_MspInit)
    HAL_TIM_PWM_PulseFinishedCallback        0x080034bf   Thumb Code     2  stm32f4xx_hal_tim.o(i.HAL_TIM_PWM_PulseFinishedCallback)
    HAL_TIM_PWM_Start                        0x080034c1   Thumb Code   238  stm32f4xx_hal_tim.o(i.HAL_TIM_PWM_Start)
    HAL_TIM_PeriodElapsedCallback            0x080035cd   Thumb Code    18  main.o(i.HAL_TIM_PeriodElapsedCallback)
    HAL_TIM_TriggerCallback                  0x080035e5   Thumb Code     2  stm32f4xx_hal_tim.o(i.HAL_TIM_TriggerCallback)
    HAL_UARTEx_RxEventCallback               0x080035e7   Thumb Code     2  stm32f4xx_hal_uart.o(i.HAL_UARTEx_RxEventCallback)
    HAL_UART_ErrorCallback                   0x080035e9   Thumb Code     2  stm32f4xx_hal_uart.o(i.HAL_UART_ErrorCallback)
    HAL_UART_IRQHandler                      0x080035ed   Thumb Code   732  stm32f4xx_hal_uart.o(i.HAL_UART_IRQHandler)
    HAL_UART_Init                            0x080038cd   Thumb Code   114  stm32f4xx_hal_uart.o(i.HAL_UART_Init)
    HAL_UART_MspInit                         0x08003941   Thumb Code   658  usart.o(i.HAL_UART_MspInit)
    HAL_UART_RxCpltCallback                  0x08003c0d   Thumb Code     2  stm32f4xx_hal_uart.o(i.HAL_UART_RxCpltCallback)
    HAL_UART_TxCpltCallback                  0x08003c0f   Thumb Code     2  main.o(i.HAL_UART_TxCpltCallback)
    HardFault_Handler                        0x08003c11   Thumb Code     4  stm32f4xx_it.o(i.HardFault_Handler)
    MX_CAN1_Init                             0x08003c15   Thumb Code    56  can.o(i.MX_CAN1_Init)
    MX_CAN2_Init                             0x08003c55   Thumb Code    56  can.o(i.MX_CAN2_Init)
    MX_DMA_Init                              0x08003c95   Thumb Code   130  dma.o(i.MX_DMA_Init)
    MX_FREERTOS_Init                         0x08003d1d   Thumb Code    46  freertos.o(i.MX_FREERTOS_Init)
    MX_GPIO_Init                             0x08003d71   Thumb Code   428  gpio.o(i.MX_GPIO_Init)
    MX_TIM11_Init                            0x08003f35   Thumb Code    44  tim.o(i.MX_TIM11_Init)
    MX_TIM2_Init                             0x08003f69   Thumb Code   192  tim.o(i.MX_TIM2_Init)
    MX_TIM8_Init                             0x0800402d   Thumb Code   258  tim.o(i.MX_TIM8_Init)
    MX_UART8_Init                            0x08004139   Thumb Code    46  usart.o(i.MX_UART8_Init)
    MX_USART1_UART_Init                      0x08004171   Thumb Code    44  usart.o(i.MX_USART1_UART_Init)
    MX_USART6_UART_Init                      0x080041a9   Thumb Code    46  usart.o(i.MX_USART6_UART_Init)
    MemManage_Handler                        0x080041e1   Thumb Code     4  stm32f4xx_it.o(i.MemManage_Handler)
    Modbus_CRC16                             0x0800420d   Thumb Code    58  weight_data.o(i.Modbus_CRC16)
    MotionControlTask                        0x08004247   Thumb Code    10  freertos.o(i.MotionControlTask)
    NMI_Handler                              0x08004419   Thumb Code     4  stm32f4xx_it.o(i.NMI_Handler)
    PID_calc                                 0x0800441d   Thumb Code   492  pid.o(i.PID_calc)
    PID_init                                 0x0800460d   Thumb Code    92  pid.o(i.PID_init)
    RC_init                                  0x0800466d   Thumb Code   142  bsp_rc.o(i.RC_init)
    SERIO_Control                            0x08004709   Thumb Code   318  shoot_task.o(i.SERIO_Control)
    SysTick_Handler                          0x08004939   Thumb Code    22  cmsis_os2.o(i.SysTick_Handler)
    SystemClock_Config                       0x08004951   Thumb Code   180  main.o(i.SystemClock_Config)
    SystemInit                               0x08004a0d   Thumb Code    14  system_stm32f4xx.o(i.SystemInit)
    TIM1_TRG_COM_TIM11_IRQHandler            0x08004a21   Thumb Code    10  stm32f4xx_it.o(i.TIM1_TRG_COM_TIM11_IRQHandler)
    TIM1_UP_TIM10_IRQHandler                 0x08004a31   Thumb Code    10  stm32f4xx_it.o(i.TIM1_UP_TIM10_IRQHandler)
    TIM_Base_SetConfig                       0x08004a41   Thumb Code   170  stm32f4xx_hal_tim.o(i.TIM_Base_SetConfig)
    TIM_CCxChannelCmd                        0x08004b19   Thumb Code    34  stm32f4xx_hal_tim.o(i.TIM_CCxChannelCmd)
    TIM_ETR_SetConfig                        0x08004b3b   Thumb Code    22  stm32f4xx_hal_tim.o(i.TIM_ETR_SetConfig)
    TIM_OC2_SetConfig                        0x08004bd5   Thumb Code   114  stm32f4xx_hal_tim.o(i.TIM_OC2_SetConfig)
    UART8_IRQHandler                         0x08004d6d   Thumb Code   266  stm32f4xx_it.o(i.UART8_IRQHandler)
    USART1_IRQHandler                        0x080052b5   Thumb Code    14  stm32f4xx_it.o(i.USART1_IRQHandler)
    USART6_IRQHandler                        0x080052c9   Thumb Code    14  stm32f4xx_it.o(i.USART6_IRQHandler)
    UsageFault_Handler                       0x080052dd   Thumb Code     4  stm32f4xx_it.o(i.UsageFault_Handler)
    WD_init                                  0x080052e1   Thumb Code   158  bsp_wd.o(i.WD_init)
    __hardfp_atof                            0x080053d1   Thumb Code    44  atof.o(i.__hardfp_atof)
    __read_errno                             0x08005409   Thumb Code     6  errno.o(i.__read_errno)
    __scatterload_copy                       0x08005415   Thumb Code    14  handlers.o(i.__scatterload_copy)
    __scatterload_null                       0x08005423   Thumb Code     2  handlers.o(i.__scatterload_null)
    __scatterload_zeroinit                   0x08005425   Thumb Code    14  handlers.o(i.__scatterload_zeroinit)
    __set_errno                              0x08005439   Thumb Code     6  errno.o(i.__set_errno)
    _is_digit                                0x08005445   Thumb Code    14  scanf_fp.o(i._is_digit)
    decode_weight_data                       0x08005455   Thumb Code   178  weight_data.o(i.decode_weight_data)
    fifo_s_get                               0x0800550d   Thumb Code    58  fifo.o(i.fifo_s_get)
    fifo_s_init                              0x08005547   Thumb Code    22  fifo.o(i.fifo_s_init)
    fifo_s_puts                              0x0800555d   Thumb Code   160  fifo.o(i.fifo_s_puts)
    fifo_s_used                              0x080055fd   Thumb Code     6  fifo.o(i.fifo_s_used)
    get_CRC16_check_sum                      0x08005605   Thumb Code    46  crc8_crc16.o(i.get_CRC16_check_sum)
    get_CRC8_check_sum                       0x08005639   Thumb Code    30  crc8_crc16.o(i.get_CRC8_check_sum)
    get_remote_control_point                 0x0800565d   Thumb Code     4  remote_control.o(i.get_remote_control_point)
    huart8_init                              0x08005665   Thumb Code   214  referee_usart_task.o(i.huart8_init)
    init_referee_struct_data                 0x08005751   Thumb Code   120  referee.o(i.init_referee_struct_data)
    main                                     0x08005811   Thumb Code    74  main.o(i.main)
    osDelay                                  0x08005a41   Thumb Code    30  cmsis_os2.o(i.osDelay)
    osKernelInitialize                       0x08005a61   Thumb Code    38  cmsis_os2.o(i.osKernelInitialize)
    osKernelStart                            0x08005a8d   Thumb Code    82  cmsis_os2.o(i.osKernelStart)
    osThreadNew                              0x08005aed   Thumb Code   184  cmsis_os2.o(i.osThreadNew)
    pvPortMalloc                             0x080065dd   Thumb Code   306  heap_4.o(i.pvPortMalloc)
    pvTaskIncrementMutexHeldCount            0x08006729   Thumb Code    26  tasks.o(i.pvTaskIncrementMutexHeldCount)
    pxPortInitialiseStack                    0x08006749   Thumb Code    38  port.o(i.pxPortInitialiseStack)
    refereeTask                              0x08006775   Thumb Code    12  freertos.o(i.refereeTask)
    referee_data_solve                       0x08006781   Thumb Code   346  referee.o(i.referee_data_solve)
    referee_usart_task                       0x08006a71   Thumb Code    44  referee_usart_task.o(i.referee_usart_task)
    remote_control_IRQ                       0x08006aa9   Thumb Code   264  remote_control.o(i.remote_control_IRQ)
    remote_control_init                      0x08006bcd   Thumb Code    16  remote_control.o(i.remote_control_init)
    shoot_control_loop                       0x08006cbd   Thumb Code  1968  shoot_task.o(i.shoot_control_loop)
    shoot_init                               0x080074b5   Thumb Code   278  shoot_task.o(i.shoot_init)
    shoot_task                               0x080076cd   Thumb Code   102  shoot_task.o(i.shoot_task)
    uxListRemove                             0x08007755   Thumb Code    40  list.o(i.uxListRemove)
    vApplicationGetIdleTaskMemory            0x0800777d   Thumb Code    14  cmsis_os2.o(i.vApplicationGetIdleTaskMemory)
    vApplicationGetTimerTaskMemory           0x08007795   Thumb Code    16  cmsis_os2.o(i.vApplicationGetTimerTaskMemory)
    vListInitialise                          0x080077ad   Thumb Code    26  list.o(i.vListInitialise)
    vListInitialiseItem                      0x080077c7   Thumb Code     6  list.o(i.vListInitialiseItem)
    vListInsert                              0x080077cd   Thumb Code    52  list.o(i.vListInsert)
    vListInsertEnd                           0x08007801   Thumb Code    24  list.o(i.vListInsertEnd)
    vPortEnterCritical                       0x08007819   Thumb Code    76  port.o(i.vPortEnterCritical)
    vPortExitCritical                        0x0800786d   Thumb Code    56  port.o(i.vPortExitCritical)
    vPortFree                                0x080078a9   Thumb Code   150  heap_4.o(i.vPortFree)
    vPortSetupTimerInterrupt                 0x0800794d   Thumb Code    36  port.o(i.vPortSetupTimerInterrupt)
    vPortValidateInterruptPriority           0x08007975   Thumb Code   106  port.o(i.vPortValidateInterruptPriority)
    vQueueAddToRegistry                      0x080079ed   Thumb Code    38  queue.o(i.vQueueAddToRegistry)
    vQueueWaitForMessageRestricted           0x08007a19   Thumb Code    74  queue.o(i.vQueueWaitForMessageRestricted)
    vTaskDelay                               0x08007a65   Thumb Code    82  tasks.o(i.vTaskDelay)
    vTaskInternalSetTimeOutState             0x08007ac1   Thumb Code    14  tasks.o(i.vTaskInternalSetTimeOutState)
    vTaskMissedYield                         0x08007ad9   Thumb Code     8  tasks.o(i.vTaskMissedYield)
    vTaskPlaceOnEventList                    0x08007ae5   Thumb Code    52  tasks.o(i.vTaskPlaceOnEventList)
    vTaskPlaceOnEventListRestricted          0x08007b1d   Thumb Code    60  tasks.o(i.vTaskPlaceOnEventListRestricted)
    vTaskPriorityDisinheritAfterTimeout      0x08007b5d   Thumb Code   194  tasks.o(i.vTaskPriorityDisinheritAfterTimeout)
    vTaskStartScheduler                      0x08007c2d   Thumb Code   156  tasks.o(i.vTaskStartScheduler)
    vTaskSuspendAll                          0x08007ce5   Thumb Code    12  tasks.o(i.vTaskSuspendAll)
    vTaskSwitchContext                       0x08007cf5   Thumb Code   122  tasks.o(i.vTaskSwitchContext)
    verify_CRC16_check_sum                   0x08007d85   Thumb Code    60  crc8_crc16.o(i.verify_CRC16_check_sum)
    verify_CRC8_check_sum                    0x08007dc5   Thumb Code    46  crc8_crc16.o(i.verify_CRC8_check_sum)
    weight_data_IRQ                          0x08007df5   Thumb Code   304  weight_data.o(i.weight_data_IRQ)
    weight_data_init                         0x08007f41   Thumb Code    16  weight_data.o(i.weight_data_init)
    xPortStartScheduler                      0x08007f55   Thumb Code   330  port.o(i.xPortStartScheduler)
    xPortSysTickHandler                      0x080080bd   Thumb Code    46  port.o(i.xPortSysTickHandler)
    xQueueGenericCreateStatic                0x080080f1   Thumb Code   224  queue.o(i.xQueueGenericCreateStatic)
    xQueueGenericReset                       0x080081d1   Thumb Code   146  queue.o(i.xQueueGenericReset)
    xQueueGenericSend                        0x08008269   Thumb Code   420  queue.o(i.xQueueGenericSend)
    xQueueGenericSendFromISR                 0x08008411   Thumb Code   252  queue.o(i.xQueueGenericSendFromISR)
    xQueueGiveFromISR                        0x0800850d   Thumb Code   224  queue.o(i.xQueueGiveFromISR)
    xQueueReceive                            0x080085ed   Thumb Code   356  queue.o(i.xQueueReceive)
    xQueueSemaphoreTake                      0x08008755   Thumb Code   434  queue.o(i.xQueueSemaphoreTake)
    xTaskCheckForTimeOut                     0x0800890d   Thumb Code   132  tasks.o(i.xTaskCheckForTimeOut)
    xTaskCreate                              0x08008999   Thumb Code   100  tasks.o(i.xTaskCreate)
    xTaskCreateStatic                        0x080089fd   Thumb Code   186  tasks.o(i.xTaskCreateStatic)
    xTaskGetSchedulerState                   0x08008ab9   Thumb Code    24  tasks.o(i.xTaskGetSchedulerState)
    xTaskGetTickCount                        0x08008ad9   Thumb Code     6  tasks.o(i.xTaskGetTickCount)
    xTaskIncrementTick                       0x08008ae5   Thumb Code   280  tasks.o(i.xTaskIncrementTick)
    xTaskPriorityDisinherit                  0x08008c29   Thumb Code   152  tasks.o(i.xTaskPriorityDisinherit)
    xTaskPriorityInherit                     0x08008ccd   Thumb Code   150  tasks.o(i.xTaskPriorityInherit)
    xTaskRemoveFromEventList                 0x08008d71   Thumb Code   126  tasks.o(i.xTaskRemoveFromEventList)
    xTaskResumeAll                           0x08008e09   Thumb Code   222  tasks.o(i.xTaskResumeAll)
    xTimerCreateTimerTask                    0x08008f0d   Thumb Code   100  timers.o(i.xTimerCreateTimerTask)
    xTimerGenericCommand                     0x08008f85   Thumb Code   128  timers.o(i.xTimerGenericCommand)
    Motion_Task_attributes                   0x08009008   Data          36  freertos.o(.constdata)
    ActionTask_attributes                    0x0800902c   Data          36  freertos.o(.constdata)
    referee_Task_attributes                  0x08009050   Data          36  freertos.o(.constdata)
    AHBPrescTable                            0x0800907c   Data          16  system_stm32f4xx.o(.constdata)
    APBPrescTable                            0x0800908c   Data           8  system_stm32f4xx.o(.constdata)
    CRC8_INIT                                0x08009094   Data           1  crc8_crc16.o(.constdata)
    CRC8_table                               0x08009095   Data         256  crc8_crc16.o(.constdata)
    wCRC_table                               0x08009196   Data         512  crc8_crc16.o(.constdata)
    __ctype_categories                       0x080093fc   Data          64  ctype_c.o(.constdata)
    Region$$Table$$Base                      0x08009464   Number         0  anon$$obj.o(Region$$Table)
    Region$$Table$$Limit                     0x08009484   Number         0  anon$$obj.o(Region$$Table)
    Motion_TaskHandle                        0x20000000   Data           4  freertos.o(.data)
    ActionTaskHandle                         0x20000004   Data           4  freertos.o(.data)
    referee_TaskHandle                       0x20000008   Data           4  freertos.o(.data)
    uwTick                                   0x20000014   Data           4  stm32f4xx_hal.o(.data)
    uwTickPrio                               0x20000018   Data           4  stm32f4xx_hal.o(.data)
    uwTickFreq                               0x2000001c   Data           1  stm32f4xx_hal.o(.data)
    SystemCoreClock                          0x20000020   Data           4  system_stm32f4xx.o(.data)
    pxCurrentTCB                             0x20000024   Data           4  tasks.o(.data)
    referee_receive_header                   0x200000a6   Data           5  referee.o(.data)
    referee_send_header                      0x200000ab   Data           5  referee.o(.data)
    game_result                              0x200000b0   Data           1  referee.o(.data)
    field_event                              0x200000b1   Data           4  referee.o(.data)
    supply_projectile_action_t               0x200000b5   Data           4  referee.o(.data)
    supply_projectile_booking_t              0x200000b9   Data           3  referee.o(.data)
    referee_warning_t                        0x200000bc   Data           2  referee.o(.data)
    buff_musk_t                              0x200000be   Data           1  referee.o(.data)
    robot_energy_t                           0x200000bf   Data           1  referee.o(.data)
    robot_hurt_t                             0x200000c0   Data           1  referee.o(.data)
    shoot_data_t                             0x200000c1   Data           7  referee.o(.data)
    bullet_remaining_t                       0x200000c8   Data           6  referee.o(.data)
    rfid_status_t                            0x200000ce   Data           4  referee.o(.data)
    CRC16_INIT                               0x200000d2   Data           2  crc8_crc16.o(.data)
    current_decode_buf                       0x200000d4   Data           4  weight_data.o(.data)
    weight_decode_semaphore                  0x200000d8   Data           4  weight_data.o(.data)
    weight_data                              0x200000dc   Data           4  weight_data.o(.data)
    Pull_force                               0x200000e8   Data           1  shoot_task.o(.data)
    missile_shoot                            0x200000ec   Data           4  shoot_task.o(.data)
    shoot_step                               0x200000f0   Data           4  shoot_task.o(.data)
    shoot_step12                             0x200000f4   Data           4  shoot_task.o(.data)
    motor_last_angle                         0x200000f8   Data           4  shoot_task.o(.data)
    turnback_flag                            0x200000fc   Data           4  shoot_task.o(.data)
    shoot_ready_flag                         0x20000100   Data           4  shoot_task.o(.data)
    PWM                                      0x20000104   Data           4  shoot_task.o(.data)
    turn_shoot_flag                          0x20000108   Data           4  shoot_task.o(.data)
    turn_spring_flag                         0x2000010c   Data           4  shoot_task.o(.data)
    turn_reload_flag                         0x20000110   Data           4  shoot_task.o(.data)
    turn_yaw_flag                            0x20000114   Data           4  shoot_task.o(.data)
    micro_switch_on                          0x20000118   Data           4  shoot_task.o(.data)
    last_reload_ref                          0x2000011c   Data           4  shoot_task.o(.data)
    missile_shoot_cnt                        0x20000120   Data           4  shoot_task.o(.data)
    reload_next                              0x20000124   Data           4  shoot_task.o(.data)
    reload_back_flag                         0x20000128   Data           4  shoot_task.o(.data)
    time_flag                                0x20000130   Data           8  shoot_task.o(.data)
    last_time_flag                           0x20000138   Data           8  shoot_task.o(.data)
    shoot_finish_flag                        0x20000140   Data           4  shoot_task.o(.data)
    start_control_flag                       0x20000144   Data           4  shoot_task.o(.data)
    shoot_mode                               0x20000148   Data           1  shoot_task.o(.data)
    last_shoot_mode                          0x20000149   Data           1  shoot_task.o(.data)
    shoot_control_mode                       0x2000014a   Data           1  shoot_task.o(.data)
    shoot_init_state                         0x2000014b   Data           1  shoot_task.o(.data)
    missile_shoot_motor_mode                 0x2000014c   Data           1  shoot_task.o(.data)
    hcan1                                    0x20000154   Data          40  can.o(.bss)
    hcan2                                    0x2000017c   Data          40  can.o(.bss)
    htim2                                    0x200001a4   Data          72  tim.o(.bss)
    htim8                                    0x200001ec   Data          72  tim.o(.bss)
    htim11                                   0x20000234   Data          72  tim.o(.bss)
    UART6_Rx_Buf                             0x2000027c   Data        1024  usart.o(.bss)
    UART6_temp                               0x2000067c   Data          45  usart.o(.bss)
    huart8                                   0x200006ac   Data          68  usart.o(.bss)
    huart1                                   0x200006f0   Data          68  usart.o(.bss)
    huart6                                   0x20000734   Data          68  usart.o(.bss)
    hdma_uart8_rx                            0x20000778   Data          96  usart.o(.bss)
    hdma_usart1_rx                           0x200007d8   Data          96  usart.o(.bss)
    hdma_usart6_rx                           0x20000838   Data          96  usart.o(.bss)
    hdma_usart6_tx                           0x20000898   Data          96  usart.o(.bss)
    htim1                                    0x200008f8   Data          72  stm32f4xx_hal_timebase_tim.o(.bss)
    xQueueRegistry                           0x20000940   Data          64  queue.o(.bss)
    rc_ctrl                                  0x20005214   Data          22  remote_control.o(.bss)
    Moto_Data1                               0x20005274   Data         128  moto.o(.bss)
    Moto_Data2                               0x200052f4   Data         128  moto.o(.bss)
    game_state                               0x20005374   Data          11  referee.o(.bss)
    game_robot_HP_t                          0x2000537f   Data          32  referee.o(.bss)
    robot_state                              0x2000539f   Data          27  referee.o(.bss)
    power_heat_data_t                        0x200053ba   Data          16  referee.o(.bss)
    game_robot_pos_t                         0x200053ca   Data          16  referee.o(.bss)
    student_interactive_data_t               0x200053da   Data          12  referee.o(.bss)
    uart8_buf                                0x200053e8   Data        1024  referee_usart_task.o(.bss)
    referee_fifo                             0x200057e8   Data          24  referee_usart_task.o(.bss)
    referee_fifo_buf                         0x20005800   Data        1024  referee_usart_task.o(.bss)
    referee_unpack_obj                       0x20005c00   Data         137  referee_usart_task.o(.bss)
    missile_shoot_motor                      0x20005cbc   Data         436  shoot_task.o(.bss)
    pull_spring_motor                        0x20005e70   Data         436  shoot_task.o(.bss)
    reload_motor                             0x20006024   Data         436  shoot_task.o(.bss)
    yaw_motor                                0x200061d8   Data         436  shoot_task.o(.bss)
    missile_shoot_move                       0x2000638c   Data         140  shoot_task.o(.bss)
    __initial_sp                             0x20006818   Data           0  startup_stm32f427xx.o(STACK)



==============================================================================

Memory Map of the image

  Image Entry point : 0x080001ad

  Load Region LR_IROM1 (Base: 0x08000000, Size: 0x000095d8, Max: 0x00200000, ABSOLUTE, COMPRESSED[0x000094a8])

    Execution Region ER_IROM1 (Exec base: 0x08000000, Load base: 0x08000000, Size: 0x00009484, Max: 0x00200000, ABSOLUTE)

    Exec Addr    Load Addr    Size         Type   Attr      Idx    E Section Name        Object

    0x08000000   0x08000000   0x000001ac   Data   RO            3    RESET               startup_stm32f427xx.o
    0x080001ac   0x080001ac   0x00000000   Code   RO         7023  * .ARM.Collect$$$$00000000  mc_w.l(entry.o)
    0x080001ac   0x080001ac   0x00000004   Code   RO         7082    .ARM.Collect$$$$00000001  mc_w.l(entry2.o)
    0x080001b0   0x080001b0   0x00000004   Code   RO         7085    .ARM.Collect$$$$00000004  mc_w.l(entry5.o)
    0x080001b4   0x080001b4   0x00000000   Code   RO         7087    .ARM.Collect$$$$00000008  mc_w.l(entry7b.o)
    0x080001b4   0x080001b4   0x00000000   Code   RO         7089    .ARM.Collect$$$$0000000A  mc_w.l(entry8b.o)
    0x080001b4   0x080001b4   0x00000008   Code   RO         7090    .ARM.Collect$$$$0000000B  mc_w.l(entry9a.o)
    0x080001bc   0x080001bc   0x00000004   Code   RO         7097    .ARM.Collect$$$$0000000E  mc_w.l(entry12b.o)
    0x080001c0   0x080001c0   0x00000000   Code   RO         7092    .ARM.Collect$$$$0000000F  mc_w.l(entry10a.o)
    0x080001c0   0x080001c0   0x00000000   Code   RO         7094    .ARM.Collect$$$$00000011  mc_w.l(entry11a.o)
    0x080001c0   0x080001c0   0x00000004   Code   RO         7083    .ARM.Collect$$$$00002712  mc_w.l(entry2.o)
    0x080001c4   0x080001c4   0x000000be   Code   RO         5523    .emb_text           port.o
    0x08000282   0x08000282   0x00000002   PAD
    0x08000284   0x08000284   0x00000024   Code   RO            4    .text               startup_stm32f427xx.o
    0x080002a8   0x080002a8   0x00000062   Code   RO         7026    .text               mc_w.l(uldiv.o)
    0x0800030a   0x0800030a   0x00000024   Code   RO         7028    .text               mc_w.l(memcpya.o)
    0x0800032e   0x0800032e   0x00000024   Code   RO         7032    .text               mc_w.l(memseta.o)
    0x08000352   0x08000352   0x0000014e   Code   RO         7064    .text               mf_w.l(dadd.o)
    0x080004a0   0x080004a0   0x000000e4   Code   RO         7066    .text               mf_w.l(dmul.o)
    0x08000584   0x08000584   0x000000de   Code   RO         7068    .text               mf_w.l(ddiv.o)
    0x08000662   0x08000662   0x00000022   Code   RO         7072    .text               mf_w.l(dflti.o)
    0x08000684   0x08000684   0x0000003e   Code   RO         7074    .text               mf_w.l(dfixi.o)
    0x080006c2   0x080006c2   0x00000002   PAD
    0x080006c4   0x080006c4   0x00000030   Code   RO         7078    .text               mf_w.l(cdrcmple.o)
    0x080006f4   0x080006f4   0x00000038   Code   RO         7080    .text               mf_w.l(d2f.o)
    0x0800072c   0x0800072c   0x0000001e   Code   RO         7098    .text               mc_w.l(llshl.o)
    0x0800074a   0x0800074a   0x00000020   Code   RO         7100    .text               mc_w.l(llushr.o)
    0x0800076a   0x0800076a   0x00000024   Code   RO         7102    .text               mc_w.l(llsshr.o)
    0x0800078e   0x0800078e   0x00000002   PAD
    0x08000790   0x08000790   0x0000009c   Code   RO         7113    .text               mc_w.l(strtod.o)
    0x0800082c   0x0800082c   0x00000000   Code   RO         7115    .text               mc_w.l(iusefp.o)
    0x0800082c   0x0800082c   0x0000006e   Code   RO         7116    .text               mf_w.l(fepilogue.o)
    0x0800089a   0x0800089a   0x000000ba   Code   RO         7118    .text               mf_w.l(depilogue.o)
    0x08000954   0x08000954   0x00000024   Code   RO         7120    .text               mc_w.l(init.o)
    0x08000978   0x08000978   0x0000000a   Code   RO         7122    .text               mc_w.l(isspace_c.o)
    0x08000982   0x08000982   0x00000002   PAD
    0x08000984   0x08000984   0x00000360   Code   RO         7124    .text               mc_w.l(scanf_fp.o)
    0x08000ce4   0x08000ce4   0x00000040   Code   RO         7128    .text               mc_w.l(_sgetc.o)
    0x08000d24   0x08000d24   0x00000028   Code   RO         7130    .text               mc_w.l(ctype_c.o)
    0x08000d4c   0x08000d4c   0x00000018   Code   RO         7133    .text               mf_w.l(dfltul.o)
    0x08000d64   0x08000d64   0x0000003a   Code   RO         7143    .text               mc_w.l(__dczerorl.o)
    0x08000d9e   0x08000d9e   0x0000000c   Code   RO          368    i.ActionControlTask  freertos.o
    0x08000daa   0x08000daa   0x00000002   PAD
    0x08000dac   0x08000dac   0x0000003c   Code   RO           13    i.BSP_Init          main.o
    0x08000de8   0x08000de8   0x00000004   Code   RO          641    i.BusFault_Handler  stm32f4xx_it.o
    0x08000dec   0x08000dec   0x00000010   Code   RO          642    i.CAN1_RX0_IRQHandler  stm32f4xx_it.o
    0x08000dfc   0x08000dfc   0x00000010   Code   RO          643    i.CAN1_RX1_IRQHandler  stm32f4xx_it.o
    0x08000e0c   0x08000e0c   0x00000010   Code   RO          644    i.CAN1_SCE_IRQHandler  stm32f4xx_it.o
    0x08000e1c   0x08000e1c   0x00000010   Code   RO          645    i.CAN1_TX_IRQHandler  stm32f4xx_it.o
    0x08000e2c   0x08000e2c   0x00000010   Code   RO          646    i.CAN2_RX0_IRQHandler  stm32f4xx_it.o
    0x08000e3c   0x08000e3c   0x00000010   Code   RO          647    i.CAN2_RX1_IRQHandler  stm32f4xx_it.o
    0x08000e4c   0x08000e4c   0x00000010   Code   RO          648    i.CAN2_SCE_IRQHandler  stm32f4xx_it.o
    0x08000e5c   0x08000e5c   0x00000010   Code   RO          649    i.CAN2_TX_IRQHandler  stm32f4xx_it.o
    0x08000e6c   0x08000e6c   0x00000064   Code   RO         5680    i.CAN_CMD_MOTO      moto.o
    0x08000ed0   0x08000ed0   0x00000044   Code   RO         5681    i.CAN_Filter_Init   moto.o
    0x08000f14   0x08000f14   0x00000010   Code   RO          650    i.DMA1_Stream6_IRQHandler  stm32f4xx_it.o
    0x08000f24   0x08000f24   0x00000010   Code   RO          651    i.DMA2_Stream1_IRQHandler  stm32f4xx_it.o
    0x08000f34   0x08000f34   0x00000010   Code   RO          652    i.DMA2_Stream2_IRQHandler  stm32f4xx_it.o
    0x08000f44   0x08000f44   0x00000010   Code   RO          653    i.DMA2_Stream6_IRQHandler  stm32f4xx_it.o
    0x08000f54   0x08000f54   0x00000034   Code   RO         1666    i.DMA_CalcBaseAndBitshift  stm32f4xx_hal_dma.o
    0x08000f88   0x08000f88   0x000000aa   Code   RO         1667    i.DMA_CheckFifoParam  stm32f4xx_hal_dma.o
    0x08001032   0x08001032   0x00000002   Code   RO          654    i.DebugMon_Handler  stm32f4xx_it.o
    0x08001034   0x08001034   0x0000000a   Code   RO          655    i.EXTI0_IRQHandler  stm32f4xx_it.o
    0x0800103e   0x0800103e   0x00000006   Code   RO           14    i.Error_Handler     main.o
    0x08001044   0x08001044   0x0000002a   Code   RO          872    i.HAL_CAN_ActivateNotification  stm32f4xx_hal_can.o
    0x0800106e   0x0800106e   0x00000156   Code   RO          873    i.HAL_CAN_AddTxMessage  stm32f4xx_hal_can.o
    0x080011c4   0x080011c4   0x00000124   Code   RO          874    i.HAL_CAN_ConfigFilter  stm32f4xx_hal_can.o
    0x080012e8   0x080012e8   0x00000002   Code   RO          877    i.HAL_CAN_ErrorCallback  stm32f4xx_hal_can.o
    0x080012ea   0x080012ea   0x0000017a   Code   RO          880    i.HAL_CAN_GetRxMessage  stm32f4xx_hal_can.o
    0x08001464   0x08001464   0x0000024e   Code   RO          884    i.HAL_CAN_IRQHandler  stm32f4xx_hal_can.o
    0x080016b2   0x080016b2   0x00000174   Code   RO          885    i.HAL_CAN_Init      stm32f4xx_hal_can.o
    0x08001826   0x08001826   0x00000002   PAD
    0x08001828   0x08001828   0x000001c4   Code   RO          451    i.HAL_CAN_MspInit   can.o
    0x080019ec   0x080019ec   0x00000002   Code   RO          892    i.HAL_CAN_RxFifo0FullCallback  stm32f4xx_hal_can.o
    0x080019ee   0x080019ee   0x00000002   PAD
    0x080019f0   0x080019f0   0x000001d4   Code   RO         5682    i.HAL_CAN_RxFifo0MsgPendingCallback  moto.o
    0x08001bc4   0x08001bc4   0x00000002   Code   RO          894    i.HAL_CAN_RxFifo1FullCallback  stm32f4xx_hal_can.o
    0x08001bc6   0x08001bc6   0x00000002   Code   RO          895    i.HAL_CAN_RxFifo1MsgPendingCallback  stm32f4xx_hal_can.o
    0x08001bc8   0x08001bc8   0x00000002   Code   RO          896    i.HAL_CAN_SleepCallback  stm32f4xx_hal_can.o
    0x08001bca   0x08001bca   0x0000005e   Code   RO          897    i.HAL_CAN_Start     stm32f4xx_hal_can.o
    0x08001c28   0x08001c28   0x00000002   Code   RO          899    i.HAL_CAN_TxMailbox0AbortCallback  stm32f4xx_hal_can.o
    0x08001c2a   0x08001c2a   0x00000002   Code   RO          900    i.HAL_CAN_TxMailbox0CompleteCallback  stm32f4xx_hal_can.o
    0x08001c2c   0x08001c2c   0x00000002   Code   RO          901    i.HAL_CAN_TxMailbox1AbortCallback  stm32f4xx_hal_can.o
    0x08001c2e   0x08001c2e   0x00000002   Code   RO          902    i.HAL_CAN_TxMailbox1CompleteCallback  stm32f4xx_hal_can.o
    0x08001c30   0x08001c30   0x00000002   Code   RO          903    i.HAL_CAN_TxMailbox2AbortCallback  stm32f4xx_hal_can.o
    0x08001c32   0x08001c32   0x00000002   Code   RO          904    i.HAL_CAN_TxMailbox2CompleteCallback  stm32f4xx_hal_can.o
    0x08001c34   0x08001c34   0x00000002   Code   RO          906    i.HAL_CAN_WakeUpFromRxMsgCallback  stm32f4xx_hal_can.o
    0x08001c36   0x08001c36   0x000000ac   Code   RO         1669    i.HAL_DMA_Abort     stm32f4xx_hal_dma.o
    0x08001ce2   0x08001ce2   0x00000028   Code   RO         1670    i.HAL_DMA_Abort_IT  stm32f4xx_hal_dma.o
    0x08001d0a   0x08001d0a   0x00000002   PAD
    0x08001d0c   0x08001d0c   0x00000240   Code   RO         1674    i.HAL_DMA_IRQHandler  stm32f4xx_hal_dma.o
    0x08001f4c   0x08001f4c   0x000000ec   Code   RO         1675    i.HAL_DMA_Init      stm32f4xx_hal_dma.o
    0x08002038   0x08002038   0x00000002   Code   RO         1560    i.HAL_GPIO_EXTI_Callback  stm32f4xx_hal_gpio.o
    0x0800203a   0x0800203a   0x00000002   PAD
    0x0800203c   0x0800203c   0x0000001c   Code   RO         1561    i.HAL_GPIO_EXTI_IRQHandler  stm32f4xx_hal_gpio.o
    0x08002058   0x08002058   0x00000210   Code   RO         1562    i.HAL_GPIO_Init     stm32f4xx_hal_gpio.o
    0x08002268   0x08002268   0x00000010   Code   RO         1564    i.HAL_GPIO_ReadPin  stm32f4xx_hal_gpio.o
    0x08002278   0x08002278   0x0000000c   Code   RO         1566    i.HAL_GPIO_WritePin  stm32f4xx_hal_gpio.o
    0x08002284   0x08002284   0x0000000c   Code   RO         2119    i.HAL_GetTick       stm32f4xx_hal.o
    0x08002290   0x08002290   0x00000018   Code   RO         2125    i.HAL_IncTick       stm32f4xx_hal.o
    0x080022a8   0x080022a8   0x0000003c   Code   RO         2126    i.HAL_Init          stm32f4xx_hal.o
    0x080022e4   0x080022e4   0x0000008c   Code   RO          832    i.HAL_InitTick      stm32f4xx_hal_timebase_tim.o
    0x08002370   0x08002370   0x00000054   Code   RO          808    i.HAL_MspInit       stm32f4xx_hal_msp.o
    0x080023c4   0x080023c4   0x00000020   Code   RO         1969    i.HAL_NVIC_EnableIRQ  stm32f4xx_hal_cortex.o
    0x080023e4   0x080023e4   0x0000007c   Code   RO         1975    i.HAL_NVIC_SetPriority  stm32f4xx_hal_cortex.o
    0x08002460   0x08002460   0x00000028   Code   RO         1976    i.HAL_NVIC_SetPriorityGrouping  stm32f4xx_hal_cortex.o
    0x08002488   0x08002488   0x0000008c   Code   RO         1898    i.HAL_PWREx_EnableOverDrive  stm32f4xx_hal_pwr_ex.o
    0x08002514   0x08002514   0x00000184   Code   RO         1106    i.HAL_RCC_ClockConfig  stm32f4xx_hal_rcc.o
    0x08002698   0x08002698   0x00000044   Code   RO         1110    i.HAL_RCC_GetClockConfig  stm32f4xx_hal_rcc.o
    0x080026dc   0x080026dc   0x0000000c   Code   RO         1111    i.HAL_RCC_GetHCLKFreq  stm32f4xx_hal_rcc.o
    0x080026e8   0x080026e8   0x00000020   Code   RO         1113    i.HAL_RCC_GetPCLK1Freq  stm32f4xx_hal_rcc.o
    0x08002708   0x08002708   0x00000020   Code   RO         1114    i.HAL_RCC_GetPCLK2Freq  stm32f4xx_hal_rcc.o
    0x08002728   0x08002728   0x000000b0   Code   RO         1115    i.HAL_RCC_GetSysClockFreq  stm32f4xx_hal_rcc.o
    0x080027d8   0x080027d8   0x0000049c   Code   RO         1118    i.HAL_RCC_OscConfig  stm32f4xx_hal_rcc.o
    0x08002c74   0x08002c74   0x00000002   Code   RO         3091    i.HAL_TIMEx_BreakCallback  stm32f4xx_hal_tim_ex.o
    0x08002c76   0x08002c76   0x00000002   Code   RO         3092    i.HAL_TIMEx_CommutCallback  stm32f4xx_hal_tim_ex.o
    0x08002c78   0x08002c78   0x00000074   Code   RO         3094    i.HAL_TIMEx_ConfigBreakDeadTime  stm32f4xx_hal_tim_ex.o
    0x08002cec   0x08002cec   0x000000b4   Code   RO         3110    i.HAL_TIMEx_MasterConfigSynchronization  stm32f4xx_hal_tim_ex.o
    0x08002da0   0x08002da0   0x00000066   Code   RO         2376    i.HAL_TIM_Base_Init  stm32f4xx_hal_tim.o
    0x08002e06   0x08002e06   0x00000002   PAD
    0x08002e08   0x08002e08   0x000000a4   Code   RO          527    i.HAL_TIM_Base_MspInit  tim.o
    0x08002eac   0x08002eac   0x0000009c   Code   RO         2379    i.HAL_TIM_Base_Start  stm32f4xx_hal_tim.o
    0x08002f48   0x08002f48   0x000000a8   Code   RO         2381    i.HAL_TIM_Base_Start_IT  stm32f4xx_hal_tim.o
    0x08002ff0   0x08002ff0   0x0000010c   Code   RO         2385    i.HAL_TIM_ConfigClockSource  stm32f4xx_hal_tim.o
    0x080030fc   0x080030fc   0x00000002   Code   RO         2410    i.HAL_TIM_IC_CaptureCallback  stm32f4xx_hal_tim.o
    0x080030fe   0x080030fe   0x00000196   Code   RO         2424    i.HAL_TIM_IRQHandler  stm32f4xx_hal_tim.o
    0x08003294   0x08003294   0x000000bc   Code   RO          528    i.HAL_TIM_MspPostInit  tim.o
    0x08003350   0x08003350   0x00000002   Code   RO         2427    i.HAL_TIM_OC_DelayElapsedCallback  stm32f4xx_hal_tim.o
    0x08003352   0x08003352   0x00000104   Code   RO         2448    i.HAL_TIM_PWM_ConfigChannel  stm32f4xx_hal_tim.o
    0x08003456   0x08003456   0x00000066   Code   RO         2451    i.HAL_TIM_PWM_Init  stm32f4xx_hal_tim.o
    0x080034bc   0x080034bc   0x00000002   Code   RO         2453    i.HAL_TIM_PWM_MspInit  stm32f4xx_hal_tim.o
    0x080034be   0x080034be   0x00000002   Code   RO         2454    i.HAL_TIM_PWM_PulseFinishedCallback  stm32f4xx_hal_tim.o
    0x080034c0   0x080034c0   0x0000010c   Code   RO         2456    i.HAL_TIM_PWM_Start  stm32f4xx_hal_tim.o
    0x080035cc   0x080035cc   0x00000018   Code   RO           15    i.HAL_TIM_PeriodElapsedCallback  main.o
    0x080035e4   0x080035e4   0x00000002   Code   RO         2467    i.HAL_TIM_TriggerCallback  stm32f4xx_hal_tim.o
    0x080035e6   0x080035e6   0x00000002   Code   RO         3369    i.HAL_UARTEx_RxEventCallback  stm32f4xx_hal_uart.o
    0x080035e8   0x080035e8   0x00000002   Code   RO         3383    i.HAL_UART_ErrorCallback  stm32f4xx_hal_uart.o
    0x080035ea   0x080035ea   0x00000002   PAD
    0x080035ec   0x080035ec   0x000002e0   Code   RO         3386    i.HAL_UART_IRQHandler  stm32f4xx_hal_uart.o
    0x080038cc   0x080038cc   0x00000072   Code   RO         3387    i.HAL_UART_Init     stm32f4xx_hal_uart.o
    0x0800393e   0x0800393e   0x00000002   PAD
    0x08003940   0x08003940   0x000002cc   Code   RO          587    i.HAL_UART_MspInit  usart.o
    0x08003c0c   0x08003c0c   0x00000002   Code   RO         3393    i.HAL_UART_RxCpltCallback  stm32f4xx_hal_uart.o
    0x08003c0e   0x08003c0e   0x00000002   Code   RO           16    i.HAL_UART_TxCpltCallback  main.o
    0x08003c10   0x08003c10   0x00000004   Code   RO          656    i.HardFault_Handler  stm32f4xx_it.o
    0x08003c14   0x08003c14   0x00000040   Code   RO          452    i.MX_CAN1_Init      can.o
    0x08003c54   0x08003c54   0x00000040   Code   RO          453    i.MX_CAN2_Init      can.o
    0x08003c94   0x08003c94   0x00000088   Code   RO          499    i.MX_DMA_Init       dma.o
    0x08003d1c   0x08003d1c   0x00000054   Code   RO          369    i.MX_FREERTOS_Init  freertos.o
    0x08003d70   0x08003d70   0x000001c4   Code   RO          248    i.MX_GPIO_Init      gpio.o
    0x08003f34   0x08003f34   0x00000034   Code   RO          529    i.MX_TIM11_Init     tim.o
    0x08003f68   0x08003f68   0x000000c4   Code   RO          530    i.MX_TIM2_Init      tim.o
    0x0800402c   0x0800402c   0x0000010c   Code   RO          531    i.MX_TIM8_Init      tim.o
    0x08004138   0x08004138   0x00000038   Code   RO          588    i.MX_UART8_Init     usart.o
    0x08004170   0x08004170   0x00000038   Code   RO          589    i.MX_USART1_UART_Init  usart.o
    0x080041a8   0x080041a8   0x00000038   Code   RO          590    i.MX_USART6_UART_Init  usart.o
    0x080041e0   0x080041e0   0x00000004   Code   RO          657    i.MemManage_Handler  stm32f4xx_it.o
    0x080041e4   0x080041e4   0x00000028   Code   RO         6573    i.Micro_switch_feedback  shoot_task.o
    0x0800420c   0x0800420c   0x0000003a   Code   RO         6432    i.Modbus_CRC16      weight_data.o
    0x08004246   0x08004246   0x0000000a   Code   RO          370    i.MotionControlTask  freertos.o
    0x08004250   0x08004250   0x0000014c   Code   RO         6574    i.Motor_Angle_Cal   shoot_task.o
    0x0800439c   0x0800439c   0x00000042   Code   RO         6575    i.Motor_Block       shoot_task.o
    0x080043de   0x080043de   0x0000000c   Code   RO         6576    i.Motor_Current_Cal  shoot_task.o
    0x080043ea   0x080043ea   0x00000002   PAD
    0x080043ec   0x080043ec   0x0000002c   Code   RO         6577    i.Motor_Speed_Cal   shoot_task.o
    0x08004418   0x08004418   0x00000004   Code   RO          658    i.NMI_Handler       stm32f4xx_it.o
    0x0800441c   0x0800441c   0x000001f0   Code   RO         5728    i.PID_calc          pid.o
    0x0800460c   0x0800460c   0x00000060   Code   RO         5729    i.PID_init          pid.o
    0x0800466c   0x0800466c   0x0000009c   Code   RO         5603    i.RC_init           bsp_rc.o
    0x08004708   0x08004708   0x00000170   Code   RO         6578    i.SERIO_Control     shoot_task.o
    0x08004878   0x08004878   0x000000a0   Code   RO         6579    i.Shoot_Feedback_Update  shoot_task.o
    0x08004918   0x08004918   0x00000020   Code   RO         6580    i.Shoot_Set_Mode    shoot_task.o
    0x08004938   0x08004938   0x00000016   Code   RO         4934    i.SysTick_Handler   cmsis_os2.o
    0x0800494e   0x0800494e   0x00000002   PAD
    0x08004950   0x08004950   0x000000bc   Code   RO           17    i.SystemClock_Config  main.o
    0x08004a0c   0x08004a0c   0x00000014   Code   RO         3726    i.SystemInit        system_stm32f4xx.o
    0x08004a20   0x08004a20   0x00000010   Code   RO          659    i.TIM1_TRG_COM_TIM11_IRQHandler  stm32f4xx_it.o
    0x08004a30   0x08004a30   0x00000010   Code   RO          660    i.TIM1_UP_TIM10_IRQHandler  stm32f4xx_it.o
    0x08004a40   0x08004a40   0x000000d8   Code   RO         2469    i.TIM_Base_SetConfig  stm32f4xx_hal_tim.o
    0x08004b18   0x08004b18   0x00000022   Code   RO         2470    i.TIM_CCxChannelCmd  stm32f4xx_hal_tim.o
    0x08004b3a   0x08004b3a   0x00000016   Code   RO         2480    i.TIM_ETR_SetConfig  stm32f4xx_hal_tim.o
    0x08004b50   0x08004b50   0x00000012   Code   RO         2481    i.TIM_ITRx_SetConfig  stm32f4xx_hal_tim.o
    0x08004b62   0x08004b62   0x00000002   PAD
    0x08004b64   0x08004b64   0x00000070   Code   RO         2482    i.TIM_OC1_SetConfig  stm32f4xx_hal_tim.o
    0x08004bd4   0x08004bd4   0x0000007c   Code   RO         2483    i.TIM_OC2_SetConfig  stm32f4xx_hal_tim.o
    0x08004c50   0x08004c50   0x00000078   Code   RO         2484    i.TIM_OC3_SetConfig  stm32f4xx_hal_tim.o
    0x08004cc8   0x08004cc8   0x00000054   Code   RO         2485    i.TIM_OC4_SetConfig  stm32f4xx_hal_tim.o
    0x08004d1c   0x08004d1c   0x00000026   Code   RO         2487    i.TIM_TI1_ConfigInputStage  stm32f4xx_hal_tim.o
    0x08004d42   0x08004d42   0x00000028   Code   RO         2489    i.TIM_TI2_ConfigInputStage  stm32f4xx_hal_tim.o
    0x08004d6a   0x08004d6a   0x00000002   PAD
    0x08004d6c   0x08004d6c   0x00000124   Code   RO          661    i.UART8_IRQHandler  stm32f4xx_it.o
    0x08004e90   0x08004e90   0x00000014   Code   RO         3400    i.UART_DMAAbortOnError  stm32f4xx_hal_uart.o
    0x08004ea4   0x08004ea4   0x0000006c   Code   RO         3410    i.UART_EndRxTransfer  stm32f4xx_hal_uart.o
    0x08004f10   0x08004f10   0x00000020   Code   RO         3411    i.UART_EndTransmit_IT  stm32f4xx_hal_uart.o
    0x08004f30   0x08004f30   0x000000f8   Code   RO         3413    i.UART_Receive_IT   stm32f4xx_hal_uart.o
    0x08005028   0x08005028   0x0000022c   Code   RO         3414    i.UART_SetConfig    stm32f4xx_hal_uart.o
    0x08005254   0x08005254   0x00000060   Code   RO         3417    i.UART_Transmit_IT  stm32f4xx_hal_uart.o
    0x080052b4   0x080052b4   0x00000014   Code   RO          662    i.USART1_IRQHandler  stm32f4xx_it.o
    0x080052c8   0x080052c8   0x00000014   Code   RO          663    i.USART6_IRQHandler  stm32f4xx_it.o
    0x080052dc   0x080052dc   0x00000004   Code   RO          664    i.UsageFault_Handler  stm32f4xx_it.o
    0x080052e0   0x080052e0   0x000000ac   Code   RO         6404    i.WD_init           bsp_wd.o
    0x0800538c   0x0800538c   0x00000010   Code   RO         1982    i.__NVIC_GetPriorityGrouping  stm32f4xx_hal_cortex.o
    0x0800539c   0x0800539c   0x00000028   Code   RO         1983    i.__NVIC_SetPriority  stm32f4xx_hal_cortex.o
    0x080053c4   0x080053c4   0x00000006   Code   RO         4936    i.__get_IPSR        cmsis_os2.o
    0x080053ca   0x080053ca   0x00000006   Code   RO         6119    i.__get_PRIMASK     fifo.o
    0x080053d0   0x080053d0   0x00000038   Code   RO         7017    i.__hardfp_atof     m_wm.l(atof.o)
    0x08005408   0x08005408   0x0000000c   Code   RO         7107    i.__read_errno      mc_w.l(errno.o)
    0x08005414   0x08005414   0x0000000e   Code   RO         7137    i.__scatterload_copy  mc_w.l(handlers.o)
    0x08005422   0x08005422   0x00000002   Code   RO         7138    i.__scatterload_null  mc_w.l(handlers.o)
    0x08005424   0x08005424   0x0000000e   Code   RO         7139    i.__scatterload_zeroinit  mc_w.l(handlers.o)
    0x08005432   0x08005432   0x00000006   Code   RO         6120    i.__set_PRIMASK     fifo.o
    0x08005438   0x08005438   0x0000000c   Code   RO         7108    i.__set_errno       mc_w.l(errno.o)
    0x08005444   0x08005444   0x0000000e   Code   RO         7126    i._is_digit         mc_w.l(scanf_fp.o)
    0x08005452   0x08005452   0x00000002   PAD
    0x08005454   0x08005454   0x000000b8   Code   RO         6434    i.decode_weight_data  weight_data.o
    0x0800550c   0x0800550c   0x0000003a   Code   RO         6138    i.fifo_s_get        fifo.o
    0x08005546   0x08005546   0x00000016   Code   RO         6141    i.fifo_s_init       fifo.o
    0x0800555c   0x0800555c   0x000000a0   Code   RO         6147    i.fifo_s_puts       fifo.o
    0x080055fc   0x080055fc   0x00000006   Code   RO         6149    i.fifo_s_used       fifo.o
    0x08005602   0x08005602   0x00000002   PAD
    0x08005604   0x08005604   0x00000034   Code   RO         6345    i.get_CRC16_check_sum  crc8_crc16.o
    0x08005638   0x08005638   0x00000024   Code   RO         6346    i.get_CRC8_check_sum  crc8_crc16.o
    0x0800565c   0x0800565c   0x00000008   Code   RO         5631    i.get_remote_control_point  remote_control.o
    0x08005664   0x08005664   0x000000ec   Code   RO         6065    i.huart8_init       referee_usart_task.o
    0x08005750   0x08005750   0x000000c0   Code   RO         6004    i.init_referee_struct_data  referee.o
    0x08005810   0x08005810   0x00000050   Code   RO           18    i.main              main.o
    0x08005860   0x08005860   0x00000078   Code   RO         6581    i.missile_angle_control_loop  shoot_task.o
    0x080058d8   0x080058d8   0x00000078   Code   RO         6582    i.missile_reload_angle_control_loop  shoot_task.o
    0x08005950   0x08005950   0x00000078   Code   RO         6583    i.missile_spring_angle_control_loop  shoot_task.o
    0x080059c8   0x080059c8   0x00000078   Code   RO         6584    i.missile_yaw_angle_control_loop  shoot_task.o
    0x08005a40   0x08005a40   0x0000001e   Code   RO         4937    i.osDelay           cmsis_os2.o
    0x08005a5e   0x08005a5e   0x00000002   PAD
    0x08005a60   0x08005a60   0x0000002c   Code   RO         4951    i.osKernelInitialize  cmsis_os2.o
    0x08005a8c   0x08005a8c   0x00000060   Code   RO         4954    i.osKernelStart     cmsis_os2.o
    0x08005aec   0x08005aec   0x000000b8   Code   RO         4996    i.osThreadNew       cmsis_os2.o
    0x08005ba4   0x08005ba4   0x0000007c   Code   RO         4371    i.prvAddCurrentTaskToDelayedList  tasks.o
    0x08005c20   0x08005c20   0x000000b8   Code   RO         4372    i.prvAddNewTaskToReadyList  tasks.o
    0x08005cd8   0x08005cd8   0x00000074   Code   RO         4747    i.prvCheckForValidListAndQueue  timers.o
    0x08005d4c   0x08005d4c   0x00000048   Code   RO         4373    i.prvCheckTasksWaitingTermination  tasks.o
    0x08005d94   0x08005d94   0x0000002a   Code   RO         3958    i.prvCopyDataFromQueue  queue.o
    0x08005dbe   0x08005dbe   0x0000007e   Code   RO         3959    i.prvCopyDataToQueue  queue.o
    0x08005e3c   0x08005e3c   0x00000050   Code   RO         4374    i.prvDeleteTCB      tasks.o
    0x08005e8c   0x08005e8c   0x00000014   Code   RO         3960    i.prvGetDisinheritPriorityAfterTimeout  queue.o
    0x08005ea0   0x08005ea0   0x00000028   Code   RO         4748    i.prvGetNextExpireTime  timers.o
    0x08005ec8   0x08005ec8   0x0000007c   Code   RO         5468    i.prvHeapInit       heap_4.o
    0x08005f44   0x08005f44   0x00000028   Code   RO         4375    i.prvIdleTask       tasks.o
    0x08005f6c   0x08005f6c   0x0000002a   Code   RO         3962    i.prvInitialiseNewQueue  queue.o
    0x08005f96   0x08005f96   0x000000be   Code   RO         4376    i.prvInitialiseNewTask  tasks.o
    0x08006054   0x08006054   0x00000068   Code   RO         4377    i.prvInitialiseTaskLists  tasks.o
    0x080060bc   0x080060bc   0x00000068   Code   RO         5469    i.prvInsertBlockIntoFreeList  heap_4.o
    0x08006124   0x08006124   0x00000058   Code   RO         4750    i.prvInsertTimerInActiveList  timers.o
    0x0800617c   0x0800617c   0x0000001a   Code   RO         3963    i.prvIsQueueEmpty   queue.o
    0x08006196   0x08006196   0x0000001e   Code   RO         3964    i.prvIsQueueFull    queue.o
    0x080061b4   0x080061b4   0x00000074   Code   RO         4751    i.prvProcessExpiredTimer  timers.o
    0x08006228   0x08006228   0x00000164   Code   RO         4752    i.prvProcessReceivedCommands  timers.o
    0x0800638c   0x0800638c   0x00000074   Code   RO         4753    i.prvProcessTimerOrBlockTask  timers.o
    0x08006400   0x08006400   0x00000034   Code   RO         4379    i.prvResetNextTaskUnblockTime  tasks.o
    0x08006434   0x08006434   0x0000002c   Code   RO         4754    i.prvSampleTimeNow  timers.o
    0x08006460   0x08006460   0x000000a4   Code   RO         4755    i.prvSwitchTimerLists  timers.o
    0x08006504   0x08006504   0x00000040   Code   RO         5524    i.prvTaskExitError  port.o
    0x08006544   0x08006544   0x0000001a   Code   RO         4756    i.prvTimerTask      timers.o
    0x0800655e   0x0800655e   0x0000007e   Code   RO         3965    i.prvUnlockQueue    queue.o
    0x080065dc   0x080065dc   0x0000014c   Code   RO         5470    i.pvPortMalloc      heap_4.o
    0x08006728   0x08006728   0x00000020   Code   RO         4382    i.pvTaskIncrementMutexHeldCount  tasks.o
    0x08006748   0x08006748   0x0000002c   Code   RO         5525    i.pxPortInitialiseStack  port.o
    0x08006774   0x08006774   0x0000000c   Code   RO          371    i.refereeTask       freertos.o
    0x08006780   0x08006780   0x000001a4   Code   RO         6005    i.referee_data_solve  referee.o
    0x08006924   0x08006924   0x0000014c   Code   RO         6066    i.referee_unpack_fifo_data  referee_usart_task.o
    0x08006a70   0x08006a70   0x00000038   Code   RO         6067    i.referee_usart_task  referee_usart_task.o
    0x08006aa8   0x08006aa8   0x00000124   Code   RO         5632    i.remote_control_IRQ  remote_control.o
    0x08006bcc   0x08006bcc   0x00000014   Code   RO         5633    i.remote_control_init  remote_control.o
    0x08006be0   0x08006be0   0x000000da   Code   RO         5634    i.sbus_to_rc        remote_control.o
    0x08006cba   0x08006cba   0x00000002   PAD
    0x08006cbc   0x08006cbc   0x000007f8   Code   RO         6585    i.shoot_control_loop  shoot_task.o
    0x080074b4   0x080074b4   0x0000016c   Code   RO         6586    i.shoot_init        shoot_task.o
    0x08007620   0x08007620   0x000000ac   Code   RO         6587    i.shoot_set_control_mode  shoot_task.o
    0x080076cc   0x080076cc   0x00000088   Code   RO         6588    i.shoot_task        shoot_task.o
    0x08007754   0x08007754   0x00000028   Code   RO         3918    i.uxListRemove      list.o
    0x0800777c   0x0800777c   0x00000018   Code   RO         5008    i.vApplicationGetIdleTaskMemory  cmsis_os2.o
    0x08007794   0x08007794   0x00000018   Code   RO         5009    i.vApplicationGetTimerTaskMemory  cmsis_os2.o
    0x080077ac   0x080077ac   0x0000001a   Code   RO         3919    i.vListInitialise   list.o
    0x080077c6   0x080077c6   0x00000006   Code   RO         3920    i.vListInitialiseItem  list.o
    0x080077cc   0x080077cc   0x00000034   Code   RO         3921    i.vListInsert       list.o
    0x08007800   0x08007800   0x00000018   Code   RO         3922    i.vListInsertEnd    list.o
    0x08007818   0x08007818   0x00000054   Code   RO         5527    i.vPortEnterCritical  port.o
    0x0800786c   0x0800786c   0x0000003c   Code   RO         5528    i.vPortExitCritical  port.o
    0x080078a8   0x080078a8   0x000000a4   Code   RO         5471    i.vPortFree         heap_4.o
    0x0800794c   0x0800794c   0x00000028   Code   RO         5529    i.vPortSetupTimerInterrupt  port.o
    0x08007974   0x08007974   0x00000078   Code   RO         5530    i.vPortValidateInterruptPriority  port.o
    0x080079ec   0x080079ec   0x0000002c   Code   RO         3971    i.vQueueAddToRegistry  queue.o
    0x08007a18   0x08007a18   0x0000004a   Code   RO         3975    i.vQueueWaitForMessageRestricted  queue.o
    0x08007a62   0x08007a62   0x00000002   PAD
    0x08007a64   0x08007a64   0x0000005c   Code   RO         4392    i.vTaskDelay        tasks.o
    0x08007ac0   0x08007ac0   0x00000018   Code   RO         4397    i.vTaskInternalSetTimeOutState  tasks.o
    0x08007ad8   0x08007ad8   0x0000000c   Code   RO         4398    i.vTaskMissedYield  tasks.o
    0x08007ae4   0x08007ae4   0x00000038   Code   RO         4400    i.vTaskPlaceOnEventList  tasks.o
    0x08007b1c   0x08007b1c   0x00000040   Code   RO         4401    i.vTaskPlaceOnEventListRestricted  tasks.o
    0x08007b5c   0x08007b5c   0x000000d0   Code   RO         4403    i.vTaskPriorityDisinheritAfterTimeout  tasks.o
    0x08007c2c   0x08007c2c   0x000000b8   Code   RO         4409    i.vTaskStartScheduler  tasks.o
    0x08007ce4   0x08007ce4   0x00000010   Code   RO         4411    i.vTaskSuspendAll   tasks.o
    0x08007cf4   0x08007cf4   0x00000090   Code   RO         4412    i.vTaskSwitchContext  tasks.o
    0x08007d84   0x08007d84   0x00000040   Code   RO         6347    i.verify_CRC16_check_sum  crc8_crc16.o
    0x08007dc4   0x08007dc4   0x0000002e   Code   RO         6348    i.verify_CRC8_check_sum  crc8_crc16.o
    0x08007df2   0x08007df2   0x00000002   PAD
    0x08007df4   0x08007df4   0x0000014c   Code   RO         6435    i.weight_data_IRQ   weight_data.o
    0x08007f40   0x08007f40   0x00000014   Code   RO         6436    i.weight_data_init  weight_data.o
    0x08007f54   0x08007f54   0x00000168   Code   RO         5531    i.xPortStartScheduler  port.o
    0x080080bc   0x080080bc   0x00000034   Code   RO         5532    i.xPortSysTickHandler  port.o
    0x080080f0   0x080080f0   0x000000e0   Code   RO         3981    i.xQueueGenericCreateStatic  queue.o
    0x080081d0   0x080081d0   0x00000098   Code   RO         3982    i.xQueueGenericReset  queue.o
    0x08008268   0x08008268   0x000001a8   Code   RO         3983    i.xQueueGenericSend  queue.o
    0x08008410   0x08008410   0x000000fc   Code   RO         3984    i.xQueueGenericSendFromISR  queue.o
    0x0800850c   0x0800850c   0x000000e0   Code   RO         3987    i.xQueueGiveFromISR  queue.o
    0x080085ec   0x080085ec   0x00000168   Code   RO         3993    i.xQueueReceive     queue.o
    0x08008754   0x08008754   0x000001b8   Code   RO         3995    i.xQueueSemaphoreTake  queue.o
    0x0800890c   0x0800890c   0x0000008c   Code   RO         4414    i.xTaskCheckForTimeOut  tasks.o
    0x08008998   0x08008998   0x00000064   Code   RO         4415    i.xTaskCreate       tasks.o
    0x080089fc   0x080089fc   0x000000ba   Code   RO         4416    i.xTaskCreateStatic  tasks.o
    0x08008ab6   0x08008ab6   0x00000002   PAD
    0x08008ab8   0x08008ab8   0x00000020   Code   RO         4420    i.xTaskGetSchedulerState  tasks.o
    0x08008ad8   0x08008ad8   0x0000000c   Code   RO         4421    i.xTaskGetTickCount  tasks.o
    0x08008ae4   0x08008ae4   0x00000144   Code   RO         4423    i.xTaskIncrementTick  tasks.o
    0x08008c28   0x08008c28   0x000000a4   Code   RO         4426    i.xTaskPriorityDisinherit  tasks.o
    0x08008ccc   0x08008ccc   0x000000a4   Code   RO         4427    i.xTaskPriorityInherit  tasks.o
    0x08008d70   0x08008d70   0x00000098   Code   RO         4428    i.xTaskRemoveFromEventList  tasks.o
    0x08008e08   0x08008e08   0x00000104   Code   RO         4429    i.xTaskResumeAll    tasks.o
    0x08008f0c   0x08008f0c   0x00000078   Code   RO         4765    i.xTimerCreateTimerTask  timers.o
    0x08008f84   0x08008f84   0x00000084   Code   RO         4766    i.xTimerGenericCommand  timers.o
    0x08009008   0x08009008   0x0000006c   Data   RO          372    .constdata          freertos.o
    0x08009074   0x08009074   0x00000008   Data   RO         1681    .constdata          stm32f4xx_hal_dma.o
    0x0800907c   0x0800907c   0x00000018   Data   RO         3727    .constdata          system_stm32f4xx.o
    0x08009094   0x08009094   0x00000302   Data   RO         6349    .constdata          crc8_crc16.o
    0x08009396   0x08009396   0x00000002   PAD
    0x08009398   0x08009398   0x00000064   Data   RO         6590    .constdata          shoot_task.o
    0x080093fc   0x080093fc   0x00000040   Data   RO         7131    .constdata          mc_w.l(ctype_c.o)
    0x0800943c   0x0800943c   0x00000027   Data   RO          373    .conststring        freertos.o
    0x08009463   0x08009463   0x00000001   PAD
    0x08009464   0x08009464   0x00000020   Data   RO         7135    Region$$Table       anon$$obj.o


    Execution Region RW_IRAM2 (Exec base: 0x10000000, Load base: 0x080094a8, Size: 0x00000000, Max: 0x00010000, ABSOLUTE)

    **** No section assigned to this execution region ****


    Execution Region RW_IRAM1 (Exec base: 0x20000000, Load base: 0x08009484, Size: 0x00006818, Max: 0x00030000, ABSOLUTE, COMPRESSED[0x00000024])

    Exec Addr    Load Addr    Size         Type   Attr      Idx    E Section Name        Object

    0x20000000   COMPRESSED   0x0000000c   Data   RW          374    .data               freertos.o
    0x2000000c   COMPRESSED   0x00000004   Data   RW          455    .data               can.o
    0x20000010   COMPRESSED   0x00000002   Data   RW          665    .data               stm32f4xx_it.o
    0x20000012   COMPRESSED   0x00000002   PAD
    0x20000014   COMPRESSED   0x00000009   Data   RW         2133    .data               stm32f4xx_hal.o
    0x2000001d   COMPRESSED   0x00000003   PAD
    0x20000020   COMPRESSED   0x00000004   Data   RW         3728    .data               system_stm32f4xx.o
    0x20000024   COMPRESSED   0x0000003c   Data   RW         4432    .data               tasks.o
    0x20000060   COMPRESSED   0x00000014   Data   RW         4774    .data               timers.o
    0x20000074   COMPRESSED   0x00000004   Data   RW         5011    .data               cmsis_os2.o
    0x20000078   COMPRESSED   0x00000020   Data   RW         5477    .data               heap_4.o
    0x20000098   COMPRESSED   0x0000000c   Data   RW         5533    .data               port.o
    0x200000a4   COMPRESSED   0x00000002   Data   RW         5636    .data               remote_control.o
    0x200000a6   COMPRESSED   0x0000002c   Data   RW         6007    .data               referee.o
    0x200000d2   COMPRESSED   0x00000002   Data   RW         6350    .data               crc8_crc16.o
    0x200000d4   COMPRESSED   0x0000000e   Data   RW         6438    .data               weight_data.o
    0x200000e2   COMPRESSED   0x00000006   PAD
    0x200000e8   COMPRESSED   0x00000066   Data   RW         6591    .data               shoot_task.o
    0x2000014e   COMPRESSED   0x00000002   PAD
    0x20000150   COMPRESSED   0x00000004   Data   RW         7109    .data               mc_w.l(errno.o)
    0x20000154        -       0x00000050   Zero   RW          454    .bss                can.o
    0x200001a4        -       0x000000d8   Zero   RW          532    .bss                tim.o
    0x2000027c        -       0x0000067c   Zero   RW          591    .bss                usart.o
    0x200008f8        -       0x00000048   Zero   RW          835    .bss                stm32f4xx_hal_timebase_tim.o
    0x20000940        -       0x00000040   Zero   RW         3997    .bss                queue.o
    0x20000980        -       0x000004c4   Zero   RW         4431    .bss                tasks.o
    0x20000e44        -       0x00000118   Zero   RW         4773    .bss                timers.o
    0x20000f5c        -       0x000006b8   Zero   RW         5010    .bss                cmsis_os2.o
    0x20001614        -       0x00003c00   Zero   RW         5476    .bss                heap_4.o
    0x20005214        -       0x0000005e   Zero   RW         5635    .bss                remote_control.o
    0x20005272   COMPRESSED   0x00000002   PAD
    0x20005274        -       0x00000100   Zero   RW         5683    .bss                moto.o
    0x20005374        -       0x00000072   Zero   RW         6006    .bss                referee.o
    0x200053e6   COMPRESSED   0x00000002   PAD
    0x200053e8        -       0x000008a1   Zero   RW         6068    .bss                referee_usart_task.o
    0x20005c89        -       0x00000030   Zero   RW         6437    .bss                weight_data.o
    0x20005cb9   COMPRESSED   0x00000003   PAD
    0x20005cbc        -       0x0000075c   Zero   RW         6589    .bss                shoot_task.o
    0x20006418        -       0x00000400   Zero   RW            1    STACK               startup_stm32f427xx.o


==============================================================================

Image component sizes


      Code (inc. data)   RO Data    RW Data    ZI Data      Debug   Object Name

       156         14          0          0          0       1022   bsp_rc.o
       172         14          0          0          0       1030   bsp_wd.o
       580         42          0          4         80       2618   can.o
       430         38          0          4       1720      65467   cmsis_os2.o
       198         16        770          2          0       3681   crc8_crc16.o
         0          0          0          0          0       7128   croutine.o
       136          6          0          0          0        878   dma.o
         0          0          0          0          0      19592   event_groups.o
       258          0          0          0          0       9251   fifo.o
       118         38        147         12          0       3290   freertos.o
       452         24          0          0          0     749743   gpio.o
       724         74          0         32      15360       5027   heap_4.o
       148          0          0          0          0       3726   list.o
       360         34          0          0          0     759053   main.o
       636         16          0          0        256       3795   moto.o
       592          8          0          0          0       4134   pid.o
      1014         92          0         12          0      11989   port.o
      2606         26          0          0         64      21642   queue.o
       612        146          0         44        114       8649   referee.o
       624         48          0          0       2209       4020   referee_usart_task.o
       538         36          0          2         94       4720   remote_control.o
      4246        488        100        102       1884     639786   shoot_task.o
        36          8        428          0       1024        852   startup_stm32f427xx.o
        96         20          0          9          0       8378   stm32f4xx_hal.o
      2134          6          0          0          0      14823   stm32f4xx_hal_can.o
       252         22          0          0          0      33834   stm32f4xx_hal_cortex.o
      1246         16          8          0          0       5547   stm32f4xx_hal_dma.o
       586         58          0          0          0       4163   stm32f4xx_hal_gpio.o
        84          6          0          0          0        910   stm32f4xx_hal_msp.o
       140         12          0          0          0       1332   stm32f4xx_hal_pwr_ex.o
      1888         94          0          0          0       6473   stm32f4xx_hal_rcc.o
      2548        172          0          0          0      17765   stm32f4xx_hal_tim.o
       300         30          0          0          0       3449   stm32f4xx_hal_tim_ex.o
       140         18          0          0         72       1547   stm32f4xx_hal_timebase_tim.o
      1916         14          0          0          0       9274   stm32f4xx_hal_uart.o
       588        122          0          2          0      13427   stm32f4xx_it.o
         0          0          0          0          0        400   stream_buffer.o
        20          6         24          4          0       1207   system_stm32f4xx.o
      3212        380          0         60       1220      30819   tasks.o
       868         58          0          0        216       4168   tim.o
      1318        124          0         20        280      33351   timers.o
       884         90          0          0       1660       3807   usart.o
       594         38          0         14         48     618979   weight_data.o

    ----------------------------------------------------------------------
     33488       2454       1512        336      26308    3144746   Object Totals
         0          0         32          0          0          0   (incl. Generated)
        38          0          3         13          7          0   (incl. Padding)

    ----------------------------------------------------------------------

      Code (inc. data)   RO Data    RW Data    ZI Data      Debug   Library Member Name

        56         12          0          0          0        132   atof.o
        58          0          0          0          0          0   __dczerorl.o
        64          0          0          0          0         84   _sgetc.o
        40          6         64          0          0         68   ctype_c.o
         0          0          0          0          0          0   entry.o
         0          0          0          0          0          0   entry10a.o
         0          0          0          0          0          0   entry11a.o
         4          0          0          0          0          0   entry12b.o
         8          4          0          0          0          0   entry2.o
         4          0          0          0          0          0   entry5.o
         0          0          0          0          0          0   entry7b.o
         0          0          0          0          0          0   entry8b.o
         8          4          0          0          0          0   entry9a.o
        24         12          0          4          0        136   errno.o
        30          0          0          0          0          0   handlers.o
        36          8          0          0          0         68   init.o
        10          0          0          0          0         68   isspace_c.o
         0          0          0          0          0          0   iusefp.o
        30          0          0          0          0         68   llshl.o
        36          0          0          0          0         68   llsshr.o
        32          0          0          0          0         68   llushr.o
        36          0          0          0          0         68   memcpya.o
        36          0          0          0          0        108   memseta.o
       878         12          0          0          0        216   scanf_fp.o
       156         12          0          0          0        120   strtod.o
        98          0          0          0          0         92   uldiv.o
        48          0          0          0          0         68   cdrcmple.o
        56          0          0          0          0         88   d2f.o
       334          0          0          0          0        148   dadd.o
       222          0          0          0          0        100   ddiv.o
       186          0          0          0          0        176   depilogue.o
        62          0          0          0          0         80   dfixi.o
        34          0          0          0          0         76   dflti.o
        24          0          0          0          0         76   dfltul.o
       228          0          0          0          0         96   dmul.o
       110          0          0          0          0        168   fepilogue.o

    ----------------------------------------------------------------------
      2956         70         64          4          0       2440   Library Totals
         8          0          0          0          0          0   (incl. Padding)

    ----------------------------------------------------------------------

      Code (inc. data)   RO Data    RW Data    ZI Data      Debug   Library Name

        56         12          0          0          0        132   m_wm.l
      1588         58         64          4          0       1232   mc_w.l
      1304          0          0          0          0       1076   mf_w.l

    ----------------------------------------------------------------------
      2956         70         64          4          0       2440   Library Totals

    ----------------------------------------------------------------------

==============================================================================


      Code (inc. data)   RO Data    RW Data    ZI Data      Debug   

     36444       2524       1576        340      26308    3120878   Grand Totals
     36444       2524       1576         36      26308    3120878   ELF Image Totals (compressed)
     36444       2524       1576         36          0          0   ROM Totals

==============================================================================

    Total RO  Size (Code + RO Data)                38020 (  37.13kB)
    Total RW  Size (RW Data + ZI Data)             26648 (  26.02kB)
    Total ROM Size (Code + RO Data + RW Data)      38056 (  37.16kB)

==============================================================================

